01-01 00:00:19.949   299   299 D SystemServerTiming: StartVibratorService took to complete: 14ms
01-01 00:00:19.949   299   299 I SystemServer: StartConsumerIrService
01-01 00:00:19.952   134   134 W /system/bin/hwservicemanager: getTransport: Cannot find entry android.hardware.ir@1.0::IConsumerIr/default in either framework or device manifest.
01-01 00:00:19.954   299   299 D SystemServerTiming: StartConsumerIrService took to complete: 5ms
01-01 00:00:19.954   299   299 I SystemServer: StartAlarmManagerService
01-01 00:00:19.954   299   299 I SystemServiceManager: Starting com.android.server.AlarmManagerService
01-01 00:00:19.965   299   299 W AlarmManagerService: no wall clock RTC found
01-01 00:00:19.965   299   299 D AlarmManagerService: Kernel timezone updated to 0 minutes west of GMT
01-01 00:00:19.965   299   299 I AlarmManager: Current time only 19965, advancing to build time 1230768000000
01-01 00:00:19.965   299   299 D AlarmManagerService: Setting time of day to sec=1230768000
01-01 00:00:00.000   299   299 W AlarmManagerService: Unable to set rtc to 1230768000: No such device
01-01 00:00:00.000   299   299 E AlarmManager: SysUI package not found!
01-01 00:00:00.013   299   299 D SystemServerTiming: StartAlarmManagerService took to complete: 25ms
01-01 00:00:00.013   299   299 I SystemServer: InitWatchdog
01-01 00:00:00.014   299   299 D SystemServerTiming: InitWatchdog took to complete: 1ms
01-01 00:00:00.014   299   299 I SystemServer: StartInputManagerService
01-01 00:00:00.044   299   299 I InputManager: Initializing input manager, mUseDevInputEventForAudioJack=false
01-01 00:00:00.050   299   299 D SystemServerTiming: StartInputManagerService took to complete: 36ms
01-01 00:00:00.050   299   299 I SystemServer: StartWindowManagerService
01-01 00:00:00.219   299   321 I WindowManager: No existing display settings /data/system/display_settings.xml; starting empty
01-01 00:00:00.360   299   299 D SystemServerTiming: StartWindowManagerService took to complete: 309ms
01-01 00:00:00.360   299   349 D SystemServerInitThreadPool: Started executing StartHidlServices
01-01 00:00:00.360   299   299 I SystemServer: StartVrManagerService
01-01 00:00:00.360   299   299 I SystemServiceManager: Starting com.android.server.vr.VrManagerService
01-01 00:00:00.366   299   349 D SystemServerTimingAsync: StartHidlServices took to complete: 5ms
01-01 00:00:00.366   299   349 D SystemServerInitThreadPool: Finished executing StartHidlServices
01-01 00:00:00.370   134   134 W /system/bin/hwservicemanager: getTransport: Cannot find entry android.hardware.vr@1.0::IVr/default in either framework or device manifest.
01-01 00:00:00.371   299   299 W VrManagerService: init_native: Could not open IVr interface
01-01 00:00:00.373   299   299 D SystemServerTiming: StartVrManagerService took to complete: 13ms
01-01 00:00:00.373   299   299 I SystemServer: SetWindowManagerService
01-01 00:00:00.386   299   299 D SystemServerTiming: SetWindowManagerService took to complete: 13ms
01-01 00:00:00.386   299   299 I SystemServer: StartInputManager
01-01 00:00:00.387   299   299 I InputManager: Starting input manager
01-01 00:00:00.390   299   368 D EventHub: No input device configuration file found for device 'FT5406 memory based driver'.
01-01 00:00:00.390   299   368 I EventHub: wakeMechanism=EPOLLWAKEUP, usingClockIoctl=true
01-01 00:00:00.391   299   368 I EventHub: New device: id=1, fd=90, path='/dev/input/event0', name='FT5406 memory based driver', classes=0x14, configuration='', keyLayout='', keyCharacterMap='', builtinKeyboard=false, 
01-01 00:00:00.391   299   368 E EventHub: could not get driver version for /dev/input/mouse0, Not a typewriter
01-01 00:00:00.396   299   299 D SystemServerTiming: StartInputManager took to complete: 10ms
01-01 00:00:00.397   299   299 I SystemServer: DisplayManagerWindowManagerAndInputReady
01-01 00:00:00.397   299   299 D SystemServerTiming: DisplayManagerWindowManagerAndInputReady took to complete: 0ms
01-01 00:00:00.397   299   299 I SystemServer: StartBluetoothService
01-01 00:00:00.403   299   299 I SystemServiceManager: Starting com.android.server.BluetoothService
01-01 00:00:00.423   299   299 D BluetoothManagerService: Loading stored name and address
01-01 00:00:00.423   299   299 D BluetoothManagerService: Stored bluetooth Name=IlJnS0Wb-akAAAAAAAAAg0FRQUFBQUFBQUFBQkFBRUJBQUJrVUJoeWNHa3pJQzBnUkdWMlpXeHZjRzFsYm5RZ1FtOWhjbVFBQUFBQUFBQUFBQUFBQUFBQUFBQUFBQUFBQUFBQUFBQUFBQUFBQUFBQUFBQUFBQUFBQUFBQUFBQUFBQUFBQUFBQUFBQUFBQUFBQUFB,Address=22:22:14:F7:A8:70
01-01 00:00:00.423   299   299 D BluetoothManagerService: Bluetooth persisted state: 1
01-01 00:00:00.423   299   299 D BluetoothManagerService: Startup: Bluetooth persisted state is ON.
01-01 00:00:00.426   299   299 W BluetoothManagerService: Unable to resolve SystemUI's UID.
01-01 00:00:00.426   299   299 W BluetoothManagerService: android.content.pm.PackageManager$NameNotFoundException: com.android.systemui
01-01 00:00:00.426   299   299 W BluetoothManagerService: 	at android.app.ApplicationPackageManager.getPackageUidAsUser(ApplicationPackageManager.java:282)
01-01 00:00:00.426   299   299 W BluetoothManagerService: 	at com.android.server.BluetoothManagerService.<init>(BluetoothManagerService.java:406)
01-01 00:00:00.426   299   299 W BluetoothManagerService: 	at com.android.server.BluetoothService.<init>(BluetoothService.java:27)
01-01 00:00:00.426   299   299 W BluetoothManagerService: 	at java.lang.reflect.Constructor.newInstance0(Native Method)
01-01 00:00:00.426   299   299 W BluetoothManagerService: 	at java.lang.reflect.Constructor.newInstance(Constructor.java:334)
01-01 00:00:00.426   299   299 W BluetoothManagerService: 	at com.android.server.SystemServiceManager.startService(SystemServiceManager.java:96)
01-01 00:00:00.426   299   299 W BluetoothManagerService: 	at com.android.server.SystemServer.startOtherServices(SystemServer.java:873)
01-01 00:00:00.426   299   299 W BluetoothManagerService: 	at com.android.server.SystemServer.run(SystemServer.java:392)
01-01 00:00:00.426   299   299 W BluetoothManagerService: 	at com.android.server.SystemServer.main(SystemServer.java:268)
01-01 00:00:00.426   299   299 W BluetoothManagerService: 	at java.lang.reflect.Method.invoke(Native Method)
01-01 00:00:00.426   299   299 W BluetoothManagerService: 	at com.android.internal.os.RuntimeInit$MethodAndArgsCaller.run(RuntimeInit.java:438)
01-01 00:00:00.426   299   299 W BluetoothManagerService: 	at com.android.internal.os.ZygoteInit.main(ZygoteInit.java:787)
01-01 00:00:00.426   299   299 D SystemServerTiming: StartBluetoothService took to complete: 29ms
01-01 00:00:00.426   299   299 I SystemServer: IpConnectivityMetrics
01-01 00:00:00.426   299   299 I SystemServiceManager: Starting com.android.server.connectivity.IpConnectivityMetrics
01-01 00:00:00.437   299   299 D SystemServerTiming: IpConnectivityMetrics took to complete: 11ms
01-01 00:00:00.437   299   299 I SystemServer: PinnerService
01-01 00:00:00.438   299   299 I SystemServiceManager: Starting com.android.server.PinnerService
01-01 00:00:00.440   299   299 D SystemServerTiming: PinnerService took to complete: 3ms
01-01 00:00:00.440   299   299 I SystemServer: StartInputMethodManagerLifecycle
01-01 00:00:00.441   299   299 I SystemServiceManager: Starting com.android.server.InputMethodManagerService$Lifecycle
01-01 00:00:00.480   299   299 D SystemServerTiming: StartInputMethodManagerLifecycle took to complete: 39ms
01-01 00:00:00.480   299   299 I SystemServer: StartAccessibilityManagerService
01-01 00:00:00.484   299   368 E EventHub: could not get driver version for /dev/input/mice, Not a typewriter
01-01 00:00:00.497   299   299 D SystemServerTiming: StartAccessibilityManagerService took to complete: 17ms
01-01 00:00:00.497   299   299 I SystemServer: MakeDisplayReady
01-01 00:00:00.501   299   299 I ActivityManager: Config changes=5df8 {1.0 ?mcc?mnc [en_US] ldltr sw320dp w533dp h320dp 240dpi nrml long land ?uimode ?night -touch -keyb/v/h -nav/h appBounds=Rect(0, 0 - 800, 480) s.2}
01-01 00:00:00.502   299   313 I UsageStatsService: Time changed in UsageStats by 1230767980 seconds
01-01 00:00:00.509   299   299 I ActivityManager: Override config changes=40007dfc {1.0 ?mcc?mnc [en_US] ldltr sw320dp w533dp h320dp 240dpi nrml long land ?uimode ?night -touch -keyb/v/h -nav/h appBounds=Rect(0, 0 - 800, 480) s.2} for displayId=0
01-01 00:00:00.529   299   313 I UsageStatsService: User[0] Rollover scheduled @ 2009-01-02 00:00:00(1230854400502)
01-01 00:00:00.538   299   299 I ActivityManager: Config changes=400 {1.0 ?mcc?mnc [en_US] ldltr sw320dp w533dp h296dp 240dpi nrml long land ?uimode ?night -touch -keyb/v/h -nav/h appBounds=Rect(0, 0 - 800, 480) s.3}
01-01 00:00:00.545   299   299 I ActivityManager: Override config changes=400 {1.0 ?mcc?mnc [en_US] ldltr sw320dp w533dp h296dp 240dpi nrml long land ?uimode ?night -touch -keyb/v/h -nav/h appBounds=Rect(0, 0 - 800, 480) s.3} for displayId=0
01-01 00:00:00.568   299   299 D SystemServerTiming: MakeDisplayReady took to complete: 71ms
01-01 00:00:00.577   299   299 I SystemServer: StartStorageManagerService
01-01 00:00:00.580   299   299 I SystemServiceManager: Starting com.android.server.StorageManagerService$Lifecycle
01-01 00:00:00.593   299   368 I InputReader: Device added: id=-1, name='Virtual', sources=0x00000301
01-01 00:00:00.595   299   368 I InputReader:   Touch device 'FT5406 memory based driver' could not query the properties of its associated display.  The device will be inoperable until the display size becomes available.
01-01 00:00:00.595   299   368 I InputReader: Device added: id=1, name='FT5406 memory based driver', sources=0x00001002
01-01 00:00:00.598   299   368 I InputReader: Reconfiguring input devices.  changes=0x00000004
01-01 00:00:00.598   299   368 I InputReader: Device reconfigured: id=1, name='FT5406 memory based driver', size 800x480, orientation 0, mode 1, display id 0
01-01 00:00:00.608   299   299 D SystemServerTiming: StartStorageManagerService took to complete: 30ms
01-01 00:00:00.608   299   299 I SystemServer: StartStorageStatsService
01-01 00:00:00.608   299   299 I SystemServiceManager: Starting com.android.server.usage.StorageStatsService$Lifecycle
01-01 00:00:00.608   299   370 D StorageManagerService: Thinking about init, mSystemReady=false, mDaemonConnected=true
01-01 00:00:00.608   299   370 D StorageManagerService: Thinking about reset, mSystemReady=false, mDaemonConnected=true
01-01 00:00:00.610   299   370 D StorageManagerService: Thinking about init, mSystemReady=false, mDaemonConnected=true
01-01 00:00:00.610   299   370 D StorageManagerService: Thinking about reset, mSystemReady=false, mDaemonConnected=true
01-01 00:00:00.611   299   370 D CryptdConnector: SND -> {1 cryptfs getfield SystemLocale}
01-01 00:00:00.616   299   299 D SystemServerTiming: StartStorageStatsService took to complete: 8ms
01-01 00:00:00.616   299   299 I SystemServer: StartUiModeManager
01-01 00:00:00.617   299   299 I SystemServiceManager: Starting com.android.server.UiModeManagerService
01-01 00:00:00.622   299   348 D SystemServerInitThreadPool: Started executing UiModeManager.onStart
01-01 00:00:00.623   299   348 I ActivityManager: Config changes=200 {1.0 ?mcc?mnc [en_US] ldltr sw320dp w533dp h296dp 240dpi nrml long land appliance -touch -keyb/v/h -nav/h appBounds=Rect(0, 0 - 800, 480) s.4}
01-01 00:00:00.624   299   299 D SystemServerTiming: StartUiModeManager took to complete: 7ms
01-01 00:00:00.624   299   299 I SystemServer: UpdatePackagesIfNeeded
01-01 00:00:00.624   299   299 D SystemServerTiming: UpdatePackagesIfNeeded took to complete: 0ms
01-01 00:00:00.624   299   299 I SystemServer: PerformFstrimIfNeeded
01-01 00:00:00.626   299   299 D SystemServerTiming: PerformFstrimIfNeeded took to complete: 2ms
01-01 00:00:00.626   299   299 I SystemServer: StartLockSettingsService
01-01 00:00:00.627   299   299 I SystemServiceManager: Starting com.android.server.locksettings.LockSettingsService$Lifecycle
01-01 00:00:00.639   299   348 I ActivityManager: Override config changes=200 {1.0 ?mcc?mnc [en_US] ldltr sw320dp w533dp h296dp 240dpi nrml long land appliance -touch -keyb/v/h -nav/h appBounds=Rect(0, 0 - 800, 480) s.4} for displayId=0
01-01 00:00:00.641   299   372 D CryptdConnector: RCV <- {200 1 -1}
01-01 00:00:00.644   299   348 D SystemServerInitThreadPool: Finished executing UiModeManager.onStart
01-01 00:00:00.646   299   370 W StorageManagerService: No primary storage mounted!
01-01 00:00:00.646   299   370 D VoldConnector: SND -> {1 asec list}
01-01 00:00:00.649   299   371 D VoldConnector: RCV <- {200 1 asec operation succeeded}
01-01 00:00:00.650   299   370 I PackageManager: No secure containers found
01-01 00:00:00.662   299   305 I zygote  : Background concurrent copying GC freed 12605(1399KB) AllocSpace objects, 14(344KB) LOS objects, 42% free, 3MB/6MB, paused 140us total 115.328ms
01-01 00:00:00.666   299   299 D SystemServerTiming: StartLockSettingsService took to complete: 40ms
01-01 00:00:00.674   299   299 I system_server: Looking for service android.hardware.oemlock@1.0::IOemLock/default
01-01 00:00:00.676   134   134 W /system/bin/hwservicemanager: getTransport: Cannot find entry android.hardware.oemlock@1.0::IOemLock/default in either framework or device manifest.
01-01 00:00:00.677   299   299 I OemLock : OemLock HAL not present on device
01-01 00:00:00.677   299   299 I SystemServer: StartDeviceIdleController
01-01 00:00:00.682   299   299 I SystemServiceManager: Starting com.android.server.DeviceIdleController
01-01 00:00:00.759   299   370 W StorageManagerService: No primary storage defined yet; hacking together a stub
01-01 00:00:00.760   299   370 W StorageManagerService: No primary storage defined yet; hacking together a stub
01-01 00:00:00.762   299   370 W StorageManagerService: No primary storage mounted!
01-01 00:00:00.762   299   370 D VoldConnector: SND -> {2 asec list}
01-01 00:00:00.763   299   371 D VoldConnector: RCV <- {200 2 asec operation succeeded}
01-01 00:00:00.764   299   299 W SystemServiceManager: Service com.android.server.DeviceIdleController took 80 ms in onStart
01-01 00:00:00.764   299   299 D SystemServerTiming: StartDeviceIdleController took to complete: 87ms
01-01 00:00:00.765   299   299 I SystemServer: StartDevicePolicyManager
01-01 00:00:00.765   299   299 I SystemServiceManager: Starting com.android.server.devicepolicy.DevicePolicyManagerService$Lifecycle
01-01 00:00:00.811   299   299 D SystemServerTiming: StartDevicePolicyManager took to complete: 46ms
01-01 00:00:00.811   299   299 I SystemServer: StartStatusBarManagerService
01-01 00:00:00.820   299   299 D SystemServerTiming: StartStatusBarManagerService took to complete: 9ms
01-01 00:00:00.820   299   299 I SystemServer: StartClipboardService
01-01 00:00:00.821   299   299 I SystemServiceManager: Starting com.android.server.clipboard.ClipboardService
01-01 00:00:00.824   299   299 D SystemServerTiming: StartClipboardService took to complete: 3ms
01-01 00:00:00.824   299   299 I SystemServer: StartNetworkManagementService
01-01 00:00:00.835   299   373 I NetworkManagement: onDaemonConnected()
01-01 00:00:00.845   299   299 D SystemServerTiming: StartNetworkManagementService took to complete: 20ms
01-01 00:00:00.845   299   299 I SystemServer: StartTextServicesManager
01-01 00:00:00.845   299   299 I SystemServiceManager: Starting com.android.server.TextServicesManagerService$Lifecycle
01-01 00:00:00.864   299   299 D SystemServerTiming: StartTextServicesManager took to complete: 19ms
01-01 00:00:00.864   299   299 I SystemServer: StartNetworkScoreService
01-01 00:00:00.870   299   299 D SystemServerTiming: StartNetworkScoreService took to complete: 6ms
01-01 00:00:00.870   299   299 I SystemServer: StartNetworkStatsService
01-01 00:00:00.893   299   299 D SystemServerTiming: StartNetworkStatsService took to complete: 23ms
01-01 00:00:00.894   299   299 I SystemServer: StartNetworkPolicyManagerService
01-01 00:00:00.903   299   376 I ServiceThread: Enabled StrictMode logging for NetworkPolicy.uid looper.
01-01 00:00:00.905   299   299 D SystemServerTiming: StartNetworkPolicyManagerService took to complete: 11ms
01-01 00:00:00.905   299   299 I SystemServer: StartWifi
01-01 00:00:00.996   299   299 I SystemServiceManager: Starting com.android.server.wifi.WifiService
01-01 00:00:01.154   299   299 D WifiApConfigStore: 2G band allowed channels are:1,6,11
01-01 00:00:01.177   299   299 E WifiConfigManager: Unable to resolve SystemUI's UID.
01-01 00:00:01.308   153   212 D CommandListener: Clearing all IP addresses on wlan0
01-01 00:00:01.309   299   378 E HalDeviceManager: isSupported: called but mServiceManager is null!?
01-01 00:00:01.310   299   378 I WifiNative-wlan0: Vendor HAL not supported, Ignore stop...
01-01 00:00:01.310   299   378 D WificondControl: tearing down interfaces in wificond
01-01 00:00:01.321   299   299 D WifiController: isAirplaneModeOn = false, isWifiEnabled = true, isScanningAvailable = false
01-01 00:00:01.325   299   299 I WifiService: getVerboseLoggingLevel uid=1000
01-01 00:00:01.327   299   299 E SupplicantStaIfaceHal: Can't call setDebugParams, ISupplicant is null
01-01 00:00:01.328   299   299 W WifiDiags: no ring buffers found
01-01 00:00:01.328   299   299 W WifiDiags: Failed to start packet fate monitoring
01-01 00:00:01.328   299   299 I WifiService: Registering wifi
01-01 00:00:01.329   299   299 D SystemServerTiming: StartWifi took to complete: 424ms
01-01 00:00:01.329   299   299 I SystemServer: StartWifiScanning
01-01 00:00:01.338   299   299 I SystemServiceManager: Starting com.android.server.wifi.scanner.WifiScanningService
01-01 00:00:01.340   299   299 I WifiScanningService: Creating wifiscanner
01-01 00:00:01.343   299   299 I WifiScanningService: Publishing wifiscanner
01-01 00:00:01.344   299   299 D SystemServerTiming: StartWifiScanning took to complete: 15ms
01-01 00:00:01.344   299   299 I SystemServer: StartWifiRtt
01-01 00:00:01.346   299   299 I SystemServiceManager: Starting com.android.server.wifi.RttService
01-01 00:00:01.347   299   299 I RttService: Creating rttmanager
01-01 00:00:01.348   299   299 I RttService: Starting rttmanager
01-01 00:00:01.349   299   299 D SystemServerTiming: StartWifiRtt took to complete: 5ms
01-01 00:00:01.349   299   299 I SystemServer: No Wi-Fi Aware Service (Aware support Not Present)
01-01 00:00:01.349   299   299 I SystemServer: StartLowpan
01-01 00:00:01.351   299   299 I SystemServiceManager: Starting com.android.server.lowpan.LowpanService
01-01 00:00:01.352   299   299 I LowpanService: Registering lowpan
01-01 00:00:01.353   299   299 D SystemServerTiming: StartLowpan took to complete: 4ms
01-01 00:00:01.353   299   299 I SystemServer: StartEthernet
01-01 00:00:01.355   299   299 I SystemServiceManager: Starting com.android.server.ethernet.EthernetService
01-01 00:00:01.355   299   299 I EthernetServiceImpl: Creating EthernetConfigStore
01-01 00:00:01.360   299   299 E IpConfigStore: Error opening configuration file: java.io.FileNotFoundException: /data/misc/ethernet/ipconfig.txt (No such file or directory)
01-01 00:00:01.360   299   299 W EthernetConfigStore: No Ethernet configuration found. Using default.
01-01 00:00:01.360   299   299 I EthernetServiceImpl: Read stored IP configuration: IP assignment: DHCP
01-01 00:00:01.360   299   299 I EthernetServiceImpl: Proxy settings: NONE
01-01 00:00:01.369   299   299 I EthernetService: Registering service ethernet
01-01 00:00:01.371   299   299 D SystemServerTiming: StartEthernet took to complete: 17ms
01-01 00:00:01.371   299   299 I SystemServer: StartConnectivityService
01-01 00:00:01.391   299   299 D ConnectivityService: ConnectivityService starting up
01-01 00:00:01.395   299   299 D ConnectivityService: wifiOnly=true
01-01 00:00:01.395   299   299 D ConnectivityService: networkAttributes - ignoring mobile as this dev is wifiOnly 0
01-01 00:00:01.396   299   299 D ConnectivityService: networkAttributes - ignoring mobile as this dev is wifiOnly 2
01-01 00:00:01.396   299   299 D ConnectivityService: networkAttributes - ignoring mobile as this dev is wifiOnly 3
01-01 00:00:01.396   299   299 D ConnectivityService: networkAttributes - ignoring mobile as this dev is wifiOnly 4
01-01 00:00:01.396   299   299 D ConnectivityService: networkAttributes - ignoring mobile as this dev is wifiOnly 5
01-01 00:00:01.396   299   299 D ConnectivityService: networkAttributes - ignoring mobile as this dev is wifiOnly 10
01-01 00:00:01.396   299   299 D ConnectivityService: networkAttributes - ignoring mobile as this dev is wifiOnly 11
01-01 00:00:01.396   299   299 D ConnectivityService: networkAttributes - ignoring mobile as this dev is wifiOnly 12
01-01 00:00:01.396   299   299 D ConnectivityService: networkAttributes - ignoring mobile as this dev is wifiOnly 14
01-01 00:00:01.396   299   299 D ConnectivityService: networkAttributes - ignoring mobile as this dev is wifiOnly 15
01-01 00:00:01.397   299   299 E ConnectivityService: Ignoring protectedNetwork 10
01-01 00:00:01.397   299   299 E ConnectivityService: Ignoring protectedNetwork 11
01-01 00:00:01.397   299   299 E ConnectivityService: Ignoring protectedNetwork 12
01-01 00:00:01.397   299   299 E ConnectivityService: Ignoring protectedNetwork 14
01-01 00:00:01.397   299   299 E ConnectivityService: Ignoring protectedNetwork 15
01-01 00:00:01.421   299   299 D SystemServerTiming: StartConnectivityService took to complete: 50ms
01-01 00:00:01.422   299   299 I SystemServer: StartNsdService
01-01 00:00:01.425   299   299 D NsdService: Network service discovery is enabled
01-01 00:00:01.429   299   299 D SystemServerTiming: StartNsdService took to complete: 7ms
01-01 00:00:01.429   299   299 I SystemServer: StartUpdateLockService
01-01 00:00:01.432   299   299 D SystemServerTiming: StartUpdateLockService took to complete: 2ms
01-01 00:00:01.432   299   299 I SystemServer: WaitForAsecScan
01-01 00:00:01.432   299   299 D SystemServerTiming: WaitForAsecScan took to complete: 0ms
01-01 00:00:01.432   299   299 I SystemServer: StartNotificationManager
01-01 00:00:01.446   299   299 I SystemServiceManager: Starting com.android.server.notification.NotificationManagerService
01-01 00:00:01.511   299   299 D ConditionProviders.SCP: new ScheduleConditionProvider()
01-01 00:00:01.522   299   299 D ZenLog  : config: readXml,ZenModeConfig[user=0,allowCalls=true,allowRepeatCallers=false,allowMessages=false,allowCallsFrom=contacts,allowMessagesFrom=contacts,allowReminders=true,allowEvents=true,allowWhenScreenOff=true,allowWhenScreenOn=true,automaticRules={EVENTS_DEFAULT_RULE=ZenRule[enabled=false,snoozing=false,name=Event,zenMode=ZEN_MODE_ALARMS,conditionId=condition://android/event?userId=-10000&calendar=&reply=1,condition=Condition[id=condition://android/event?userId=-10000&calendar=&reply=1,summary=...,line1=...,line2=...,icon=0,state=STATE_FALSE,flags=2],component=ComponentInfo{android/com.android.server.notification.EventConditionProvider},id=EVENTS_DEFAULT_RULE,creationTime=1230768007320,enabler=null], SCHEDULED_DEFAULT_RULE_1=ZenRule[enabled=false,snoozing=false,name=Weeknight,zenMode=ZEN_MODE_ALARMS,conditionId=condition://android/schedule?days=1.2.3.4.5&start=22.0&end=7.0&exitAtAlarm=false,condition=Condition[id=condition://android/schedule?days=1.2.3.4.5&start=22.0&end=7.0&exitAtAlarm=false,summary=...,line1=...,line2=...,icon=0,state=STATE_TRUE,flags=2],component=ComponentInfo{android/com.android.server.notification.ScheduleConditionProvider},id=SCHEDULED_DEFAULT_RULE_1,creationTime=1230768007318,enabler=null], SCHEDULED_DEFAULT_RULE_2=ZenRule[enabled=false,snoozing=false,name=Weekend,zenMode=ZEN_MODE_ALARMS,conditionId=condition://android/schedule?days=6.7&start=23.30&end=10.0&exitAtAlarm=false,condition=Condition[id=condition://android/schedule?days=6.7&start=23.30&end=10.0&exitAtAlarm=false,summary=...,line1=...,line2=...,icon=0,state=STATE_FALSE,flags=2],component=ComponentInfo{android/com.android.server.notification.ScheduleConditionProvider},id=SCHEDULED_DEFAULT_RULE_2,creationTime=1230768007319,enabler=null]},manualRule=null],Diff[automaticRule[EVENTS_DEFAULT_RULE].condition:null->Condition[id=condition://android/event?userId=-10000&calendar=&reply=1,summary=...,line1=...,line2=...,icon=0,state=STATE_FALSE,flags=2],automaticRule[EVENTS_DEFAULT_RULE].creationTime:1230768001508->1230768007320,automaticRule[SCHEDULED_DEFAULT_RULE_1].condition:null->Condition[id=condition://android/schedule?days=1.2.3.4.5&start=22.0&end=7.0&exitAtAlarm=false,summary=...,line1=...,line2=...,icon=0,state=STATE_TRUE,flags=2],automaticRule[SCHEDULED_DEFAULT_RULE_1].creationTime:1230768001506->1230768007318,automaticRule[SCHEDULED_DEFAULT_RULE_2].condition:null->Condition[id=condition://android/schedule?days=6.7&start=23.30&end=10.0&exitAtAlarm=false,summary=...,line1=...,line2=...,icon=0,state=STATE_FALSE,flags=2],automaticRule[SCHEDULED_DEFAULT_RULE_2].creationTime:1230768001506->1230768007319]
01-01 00:00:01.526   299   299 I ConditionProviders: Read condition provider permissions from xml
01-01 00:00:01.527   299   299 D ZenLog  : set_zen_mode: off,init
01-01 00:00:01.534   299   299 W SystemServiceManager: Service com.android.server.notification.NotificationManagerService took 77 ms in onStart
01-01 00:00:01.536   299   299 D SystemServerTiming: StartNotificationManager took to complete: 104ms
01-01 00:00:01.536   299   299 I SystemServer: StartDeviceMonitor
01-01 00:00:01.537   299   299 I SystemServiceManager: Starting com.android.server.storage.DeviceStorageMonitorService
01-01 00:00:01.540   299   299 D SystemServerTiming: StartDeviceMonitor took to complete: 4ms
01-01 00:00:01.540   299   299 I SystemServer: StartLocationManagerService
01-01 00:00:01.555   299   299 D SystemServerTiming: StartLocationManagerService took to complete: 15ms
01-01 00:00:01.555   299   299 I SystemServer: StartCountryDetectorService
01-01 00:00:01.557   299   299 D SystemServerTiming: StartCountryDetectorService took to complete: 2ms
01-01 00:00:01.557   299   299 I SystemServer: StartSearchManagerService
01-01 00:00:01.557   299   299 I SystemServiceManager: Starting com.android.server.search.SearchManagerService$Lifecycle
01-01 00:00:01.561   299   299 D SystemServerTiming: StartSearchManagerService took to complete: 4ms
01-01 00:00:01.561   299   299 I SystemServer: StartWallpaperManagerService
01-01 00:00:01.562   299   299 I SystemServiceManager: Starting com.android.server.wallpaper.WallpaperManagerService$Lifecycle
01-01 00:00:01.566   299   299 I WallpaperManagerService: No static wallpaper imagery; defaults will be shown
01-01 00:00:01.572   299   299 D SystemServerTiming: StartWallpaperManagerService took to complete: 11ms
01-01 00:00:01.572   299   299 I SystemServer: StartAudioService
01-01 00:00:01.572   299   299 I SystemServiceManager: Starting com.android.server.audio.AudioService$Lifecycle
01-01 00:00:01.598   177   264 D PermissionCache: checking android.permission.MODIFY_AUDIO_SETTINGS for uid=1000 => granted (1182 us)
01-01 00:00:01.608   299   299 W TelecomManager: Telecom Service not found.
01-01 00:00:01.612   177   269 W AudioFlinger: no wake lock to update, system not ready yet
01-01 00:00:01.612   177   278 W AudioFlinger: no wake lock to update, system not ready yet
01-01 00:00:01.613   177   280 W AudioFlinger: no wake lock to update, system not ready yet
01-01 00:00:01.614   177   264 W DeviceHAL: Device 0xaaeb2140 set_mic_mute: Function not implemented
01-01 00:00:01.615   177   264 W DeviceHAL: Device 0xaaee5180 set_mic_mute: Function not implemented
01-01 00:00:01.615   177   264 W DeviceHAL: Device 0xa9d5fa40 set_mic_mute: Function not implemented
01-01 00:00:01.644   299   299 D SystemServerTiming: StartAudioService took to complete: 72ms
01-01 00:00:01.645   299   299 I SystemServer: StartDockObserver
01-01 00:00:01.645   299   299 I SystemServiceManager: Starting com.android.server.DockObserver
01-01 00:00:01.647   299   299 W DockObserver: This kernel does not have dock station support
01-01 00:00:01.649   299   299 D SystemServerTiming: StartDockObserver took to complete: 4ms
01-01 00:00:01.649   299   299 I SystemServer: StartWiredAccessoryManager
01-01 00:00:01.651   299   299 W WiredAccessoryManager: This kernel does not have wired headset support
01-01 00:00:01.651   299   299 W WiredAccessoryManager: This kernel does not have usb audio support
01-01 00:00:01.651   299   299 W WiredAccessoryManager: This kernel does not have HDMI audio support
01-01 00:00:01.651   299   299 D SystemServerTiming: StartWiredAccessoryManager took to complete: 2ms
01-01 00:00:01.651   299   299 I SystemServer: StartMidiManager
01-01 00:00:01.652   299   299 I SystemServiceManager: Starting com.android.server.midi.MidiService$Lifecycle
01-01 00:00:01.662   299   299 D SystemServerTiming: StartMidiManager took to complete: 11ms
01-01 00:00:01.662   299   299 I SystemServer: StartUsbService
01-01 00:00:01.669   299   299 I SystemServiceManager: Starting com.android.server.usb.UsbService$Lifecycle
01-01 00:00:01.690   299   299 E UsbDeviceManager: failed to write to /sys/class/android_usb/android0/f_rndis/ethaddr
01-01 00:00:01.692   299   299 E UsbDeviceManager: Error initializing UsbHandler
01-01 00:00:01.692   299   299 E UsbDeviceManager: java.io.FileNotFoundException: /sys/class/android_usb/android0/state (No such file or directory)
01-01 00:00:01.692   299   299 E UsbDeviceManager: 	at java.io.FileInputStream.open0(Native Method)
01-01 00:00:01.692   299   299 E UsbDeviceManager: 	at java.io.FileInputStream.open(FileInputStream.java:200)
01-01 00:00:01.692   299   299 E UsbDeviceManager: 	at java.io.FileInputStream.<init>(FileInputStream.java:150)
01-01 00:00:01.692   299   299 E UsbDeviceManager: 	at android.os.FileUtils.readTextFile(FileUtils.java:262)
01-01 00:00:01.692   299   299 E UsbDeviceManager: 	at com.android.server.usb.UsbDeviceManager$UsbHandler.<init>(UsbDeviceManager.java:470)
01-01 00:00:01.692   299   299 E UsbDeviceManager: 	at com.android.server.usb.UsbDeviceManager.<init>(UsbDeviceManager.java:232)
01-01 00:00:01.692   299   299 E UsbDeviceManager: 	at com.android.server.usb.UsbService.<init>(UsbService.java:129)
01-01 00:00:01.692   299   299 E UsbDeviceManager: 	at com.android.server.usb.UsbService$Lifecycle.onStart(UsbService.java:68)
01-01 00:00:01.692   299   299 E UsbDeviceManager: 	at com.android.server.SystemServiceManager.startService(SystemServiceManager.java:124)
01-01 00:00:01.692   299   299 E UsbDeviceManager: 	at com.android.server.SystemServiceManager.startService(SystemServiceManager.java:111)
01-01 00:00:01.692   299   299 E UsbDeviceManager: 	at com.android.server.SystemServiceManager.startService(SystemServiceManager.java:70)
01-01 00:00:01.692   299   299 E UsbDeviceManager: 	at com.android.server.SystemServer.startOtherServices(SystemServer.java:1258)
01-01 00:00:01.692   299   299 E UsbDeviceManager: 	at com.android.server.SystemServer.run(SystemServer.java:392)
01-01 00:00:01.692   299   299 E UsbDeviceManager: 	at com.android.server.SystemServer.main(SystemServer.java:268)
01-01 00:00:01.692   299   299 E UsbDeviceManager: 	at java.lang.reflect.Method.invoke(Native Method)
01-01 00:00:01.692   299   299 E UsbDeviceManager: 	at com.android.internal.os.RuntimeInit$MethodAndArgsCaller.run(RuntimeInit.java:438)
01-01 00:00:01.692   299   299 E UsbDeviceManager: 	at com.android.internal.os.ZygoteInit.main(ZygoteInit.java:787)
01-01 00:00:01.692   299   299 E UsbDeviceManagerJNI: could not open /dev/usb_accessory
01-01 00:00:01.697   299   299 I system_server: Looking for service android.hidl.manager@1.0::IServiceManager/default
01-01 00:00:01.701   299   299 I system_server: Starting thread pool.
01-01 00:00:01.704   299   365 I UsbPortManager: Usb hal service started android.hardware.usb@1.0::IUsb default
01-01 00:00:01.704   299   365 I system_server: Looking for service android.hardware.usb@1.0::IUsb/default
01-01 00:00:01.707   299   365 I system_server: Starting thread pool.
01-01 00:00:01.709   169   169 I android.hardware.usb@1.0-service: registering callback
01-01 00:00:01.709   169   393 E android.hardware.usb@1.0-service: creating thread
01-01 00:00:01.710   169   169 E android.hardware.usb@1.0-service: Failed to open /sys/class/dual_role_usb
01-01 00:00:01.715   299   299 D SystemServerTiming: StartUsbService took to complete: 53ms
01-01 00:00:01.716   299   299 I SystemServer: StartSerialService
01-01 00:00:01.717   299   299 D SystemServerTiming: StartSerialService took to complete: 1ms
01-01 00:00:01.717   299   299 I SystemServer: StartHardwarePropertiesManagerService
01-01 00:00:01.722   134   134 W /system/bin/hwservicemanager: getTransport: Cannot find entry android.hardware.thermal@1.0::IThermal/default in either framework or device manifest.
01-01 00:00:01.724   299   299 E HardwarePropertiesManagerService-JNI: Unable to get Thermal service.
01-01 00:00:01.725   299   299 D SystemServerTiming: StartHardwarePropertiesManagerService took to complete: 8ms
01-01 00:00:01.725   299   299 I SystemServer: StartTwilightService
01-01 00:00:01.726   299   299 I SystemServiceManager: Starting com.android.server.twilight.TwilightService
01-01 00:00:01.726   299   299 D SystemServerTiming: StartTwilightService took to complete: 1ms
01-01 00:00:01.726   299   299 I SystemServer: StartJobScheduler
01-01 00:00:01.727   299   299 I SystemServiceManager: Starting com.android.server.job.JobSchedulerService
01-01 00:00:01.737   299   299 I JobStore: Read 0 jobs
01-01 00:00:01.748   299   299 D ConnectivityService: requestNetwork for uid/pid:1000/299 NetworkRequest [ TRACK_DEFAULT id=3, [ Capabilities: INTERNET&NOT_RESTRICTED&TRUSTED&NOT_VPN] ]
01-01 00:00:01.755   299   299 D SystemServerTiming: StartJobScheduler took to complete: 29ms
01-01 00:00:01.756   299   299 I SystemServer: StartSoundTrigger
01-01 00:00:01.756   299   299 I SystemServiceManager: Starting com.android.server.soundtrigger.SoundTriggerService
01-01 00:00:01.759   299   299 D SystemServerTiming: StartSoundTrigger took to complete: 3ms
01-01 00:00:01.759   299   299 I SystemServer: StartTrustManager
01-01 00:00:01.766   299   299 I SystemServiceManager: Starting com.android.server.trust.TrustManagerService
01-01 00:00:01.771   299   299 D SystemServerTiming: StartTrustManager took to complete: 11ms
01-01 00:00:01.771   299   299 I SystemServer: StartVoiceRecognitionManager
01-01 00:00:01.772   299   299 I SystemServiceManager: Starting com.android.server.voiceinteraction.VoiceInteractionManagerService
01-01 00:00:01.775   299   299 D SystemServerTiming: StartVoiceRecognitionManager took to complete: 4ms
01-01 00:00:01.776   299   299 I SystemServer: StartGestureLauncher
01-01 00:00:01.776   299   299 I SystemServiceManager: Starting com.android.server.GestureLauncherService
01-01 00:00:01.777   299   299 D SystemServerTiming: StartGestureLauncher took to complete: 1ms
01-01 00:00:01.777   299   299 I SystemServer: StartSensorNotification
01-01 00:00:01.777   299   299 I SystemServiceManager: Starting com.android.server.SensorNotificationService
01-01 00:00:01.778   299   299 D SystemServerTiming: StartSensorNotification took to complete: 0ms
01-01 00:00:01.778   299   299 I SystemServer: StartContextHubSystemService
01-01 00:00:01.778   299   299 I SystemServiceManager: Starting com.android.server.ContextHubSystemService
01-01 00:00:01.779   299   312 D SystemServerInitThreadPool: Started executing Init ContextHubSystemService
01-01 00:00:01.781   299   299 D SystemServerTiming: StartContextHubSystemService took to complete: 2ms
01-01 00:00:01.781   299   299 I SystemServer: StartDiskStatsService
01-01 00:00:01.782   134   134 W /system/bin/hwservicemanager: getTransport: Cannot find entry android.hardware.contexthub@1.0::IContexthub/default in either framework or device manifest.
01-01 00:00:01.785   299   312 E ContextHubService: Could not load context hub hal
01-01 00:00:01.785   299   312 W ContextHubService: No Context Hub Module present
01-01 00:00:01.786   299   312 D SystemServerInitThreadPool: Finished executing Init ContextHubSystemService
01-01 00:00:01.786   299   299 D SystemServerTiming: StartDiskStatsService took to complete: 5ms
01-01 00:00:01.786   299   299 I SystemServer: StartNetworkTimeUpdateService
01-01 00:00:01.788   299   299 D SystemServerTiming: StartNetworkTimeUpdateService took to complete: 2ms
01-01 00:00:01.789   299   299 I SystemServer: StartCommonTimeManagementService
01-01 00:00:01.791   299   299 D SystemServerTiming: StartCommonTimeManagementService took to complete: 2ms
01-01 00:00:01.792   299   299 I SystemServer: CertBlacklister
01-01 00:00:01.793   299   299 D SystemServerTiming: CertBlacklister took to complete: 1ms
01-01 00:00:01.793   299   299 I SystemServer: StartEmergencyAffordanceService
01-01 00:00:01.794   299   299 I SystemServiceManager: Starting com.android.server.emergency.EmergencyAffordanceService
01-01 00:00:01.804   299   299 D SystemServerTiming: StartEmergencyAffordanceService took to complete: 10ms
01-01 00:00:01.804   299   299 I SystemServer: StartDreamManager
01-01 00:00:01.804   299   299 I SystemServiceManager: Starting com.android.server.dreams.DreamManagerService
01-01 00:00:01.816   299   299 D SystemServerTiming: StartDreamManager took to complete: 12ms
01-01 00:00:01.816   299   299 I SystemServer: AddGraphicsStatsService
01-01 00:00:01.820   299   299 D SystemServerTiming: AddGraphicsStatsService took to complete: 4ms
01-01 00:00:01.822   299   299 I SystemServer: StartRestrictionManager
01-01 00:00:01.823   299   299 I SystemServiceManager: Starting com.android.server.restrictions.RestrictionsManagerService
01-01 00:00:01.825   299   299 D SystemServerTiming: StartRestrictionManager took to complete: 3ms
01-01 00:00:01.826   299   299 I SystemServer: StartMediaSessionService
01-01 00:00:01.826   299   299 I SystemServiceManager: Starting com.android.server.media.MediaSessionService
01-01 00:00:01.833   299   299 D SystemServerTiming: StartMediaSessionService took to complete: 7ms
01-01 00:00:01.833   299   299 I SystemServer: StartMediaRouterService
01-01 00:00:01.841   299   299 D SystemServerTiming: StartMediaRouterService took to complete: 8ms
01-01 00:00:01.841   299   299 I SystemServer: StartBackgroundDexOptService
01-01 00:00:01.842   299   299 W BackgroundDexOptService: SysProp pm.dexopt.downgrade_after_inactive_days not set
01-01 00:00:01.843   299   299 D SystemServerTiming: StartBackgroundDexOptService took to complete: 2ms
01-01 00:00:01.843   299   299 I SystemServer: StartPruneInstantAppsJobService
01-01 00:00:01.844   299   299 D SystemServerTiming: StartPruneInstantAppsJobService took to complete: 1ms
01-01 00:00:01.844   299   299 I SystemServer: StartShortcutServiceLifecycle
01-01 00:00:01.848   299   299 I SystemServiceManager: Starting com.android.server.pm.ShortcutService$Lifecycle
01-01 00:00:01.857   299   299 D SystemServerTiming: StartShortcutServiceLifecycle took to complete: 13ms
01-01 00:00:01.857   299   299 I SystemServer: StartLauncherAppsService
01-01 00:00:01.857   299   299 I SystemServiceManager: Starting com.android.server.pm.LauncherAppsService
01-01 00:00:01.861   299   299 D SystemServerTiming: StartLauncherAppsService took to complete: 4ms
01-01 00:00:01.861   299   299 I SystemServer: StartMediaProjectionManager
01-01 00:00:01.861   299   299 I SystemServiceManager: Starting com.android.server.media.projection.MediaProjectionManagerService
01-01 00:00:01.890   299   299 V MediaRouter: Adding route: RouteInfo{ name=Phone, description=null, status=null, category=RouteCategory{ name=System types=ROUTE_TYPE_LIVE_AUDIO ROUTE_TYPE_LIVE_VIDEO  groupable=false }, supportedTypes=ROUTE_TYPE_LIVE_AUDIO ROUTE_TYPE_LIVE_VIDEO , presentationDisplay=null }
01-01 00:00:01.895   299   299 V MediaRouter: Selecting route: RouteInfo{ name=Phone, description=null, status=null, category=RouteCategory{ name=System types=ROUTE_TYPE_LIVE_AUDIO ROUTE_TYPE_LIVE_VIDEO  groupable=false }, supportedTypes=ROUTE_TYPE_LIVE_AUDIO ROUTE_TYPE_LIVE_VIDEO , presentationDisplay=null }
01-01 00:00:01.897   299   299 D SystemServerTiming: StartMediaProjectionManager took to complete: 36ms
01-01 00:00:01.897   299   299 I SystemServer: StartCameraServiceProxy
01-01 00:00:01.898   299   299 I SystemServiceManager: Starting com.android.server.camera.CameraServiceProxy
01-01 00:00:01.901   299   397 I ServiceThread: Enabled StrictMode logging for CameraService_proxy looper.
01-01 00:00:01.904   299   299 D SystemServerTiming: StartCameraServiceProxy took to complete: 7ms
01-01 00:00:01.904   299   299 I SystemServer: StartIoTSystemService
01-01 00:00:01.925   299   299 I SystemServiceManager: Starting com.google.android.things.services.IoTSystemService
01-01 00:00:01.927   299   299 I WindowManager: SAFE MODE not enabled
01-01 00:00:01.927   299   299 I SystemServer: StartJitCompilation
01-01 00:00:01.927   299   299 D SystemServerTiming: StartJitCompilation took to complete: 0ms
01-01 00:00:01.927   299   299 I SystemServer: StartMmsService
01-01 00:00:01.928   299   299 I SystemServiceManager: Starting com.android.server.MmsServiceBroker
01-01 00:00:01.931   299   299 D SystemServerTiming: StartMmsService took to complete: 4ms
01-01 00:00:01.931   299   299 I SystemServer: MakeVibratorServiceReady
01-01 00:00:01.934   299   299 D SystemServerTiming: MakeVibratorServiceReady took to complete: 3ms
01-01 00:00:01.934   299   299 I SystemServer: MakeLockSettingsServiceReady
01-01 00:00:01.972   299   299 I system_server: Looking for service android.hardware.weaver@1.0::IWeaver/default
01-01 00:00:01.974   134   134 W /system/bin/hwservicemanager: getTransport: Cannot find entry android.hardware.weaver@1.0::IWeaver/default in either framework or device manifest.
01-01 00:00:01.976   299   299 I SyntheticPasswordManager: Device does not support weaver
01-01 00:00:01.979   299   299 E LockSettingsStorage: Cannot read file java.io.FileNotFoundException: /data/system/gatekeeper.password.key: open failed: ENOENT (No such file or directory)
01-01 00:00:01.980   299   299 E LockSettingsStorage: Cannot read file java.io.FileNotFoundException: /data/system/password.key: open failed: ENOENT (No such file or directory)
01-01 00:00:01.980   299   299 E LockSettingsStorage: Cannot read file java.io.FileNotFoundException: /data/system/gatekeeper.pattern.key: open failed: ENOENT (No such file or directory)
01-01 00:00:01.981   299   299 E LockSettingsStorage: Cannot read file java.io.FileNotFoundException: /data/system/gatekeeper.gesture.key: open failed: ENOENT (No such file or directory)
01-01 00:00:01.982   299   299 E LockSettingsStorage: Cannot read file java.io.FileNotFoundException: /data/system/gesture.key: open failed: ENOENT (No such file or directory)
01-01 00:00:01.982   299   299 D SystemServerTiming: MakeLockSettingsServiceReady took to complete: 48ms
01-01 00:00:01.982   299   299 I SystemServer: StartBootPhaseLockSettingsReady
01-01 00:00:01.982   299   299 I SystemServiceManager: Starting phase 480
01-01 00:00:01.988   299   299 D SystemServerTiming: StartBootPhaseLockSettingsReady took to complete: 6ms
01-01 00:00:01.988   299   299 I SystemServer: StartBootPhaseSystemServicesReady
01-01 00:00:01.988   299   299 I SystemServiceManager: Starting phase 500
01-01 00:00:01.992   299   299 E SystemServiceRegistry: No service published for: appwidget
01-01 00:00:01.992   299   299 E SystemServiceRegistry: android.os.ServiceManager$ServiceNotFoundException: No service published for: appwidget
01-01 00:00:01.992   299   299 E SystemServiceRegistry: 	at android.os.ServiceManager.getServiceOrThrow(ServiceManager.java:75)
01-01 00:00:01.992   299   299 E SystemServiceRegistry: 	at android.app.SystemServiceRegistry$74.createService(SystemServiceRegistry.java:808)
01-01 00:00:01.992   299   299 E SystemServiceRegistry: 	at android.app.SystemServiceRegistry$74.createService(SystemServiceRegistry.java:806)
01-01 00:00:01.992   299   299 E SystemServiceRegistry: 	at android.app.SystemServiceRegistry$CachedServiceFetcher.getService(SystemServiceRegistry.java:962)
01-01 00:00:01.992   299   299 E SystemServiceRegistry: 	at android.app.SystemServiceRegistry.getSystemService(SystemServiceRegistry.java:914)
01-01 00:00:01.992   299   299 E SystemServiceRegistry: 	at android.app.ContextImpl.getSystemService(ContextImpl.java:1667)
01-01 00:00:01.992   299   299 E SystemServiceRegistry: 	at android.content.Context.getSystemService(Context.java:3167)
01-01 00:00:01.992   299   299 E SystemServiceRegistry: 	at com.android.server.usage.UsageStatsService.onBootPhase(UsageStatsService.java:241)
01-01 00:00:01.992   299   299 E SystemServiceRegistry: 	at com.android.server.SystemServiceManager.startBootPhase(SystemServiceManager.java:153)
01-01 00:00:01.992   299   299 E SystemServiceRegistry: 	at com.android.server.SystemServer.startOtherServices(SystemServer.java:1600)
01-01 00:00:01.992   299   299 E SystemServiceRegistry: 	at com.android.server.SystemServer.run(SystemServer.java:392)
01-01 00:00:01.992   299   299 E SystemServiceRegistry: 	at com.android.server.SystemServer.main(SystemServer.java:268)
01-01 00:00:01.992   299   299 E SystemServiceRegistry: 	at java.lang.reflect.Method.invoke(Native Method)
01-01 00:00:01.992   299   299 E SystemServiceRegistry: 	at com.android.internal.os.RuntimeInit$MethodAndArgsCaller.run(RuntimeInit.java:438)
01-01 00:00:01.992   299   299 E SystemServiceRegistry: 	at com.android.internal.os.ZygoteInit.main(ZygoteInit.java:787)
01-01 00:00:02.009   299   299 W UsageStatsService: Missing procfs interface: /proc/uid_procstat/set
01-01 00:00:02.013   299   299 I VrManagerService: No default vr listener service found.
01-01 00:00:02.034   299   299 I WifiService: WifiService starting up with Wi-Fi enabled
01-01 00:00:02.043   299   378 I system_server: Looking for service android.hidl.manager@1.0::IServiceManager/default
01-01 00:00:02.045   299   378 I system_server: Starting thread pool.
01-01 00:00:02.048   299   365 D HalDeviceManager: IWifi registration notification: fqName=android.hardware.wifi@1.0::IWifi, name=default, preexisting=true
01-01 00:00:02.050   299   378 I system_server: Looking for service android.hardware.wifi@1.0::IWifi/default
01-01 00:00:02.053   299   378 I system_server: Starting thread pool.
01-01 00:00:02.069   299   299 D WifiService: setWifiEnabled: true pid=299, uid=1000, package=android
01-01 00:00:02.069   299   299 I WifiService: setWifiEnabled package=android uid=1000 enable=true
01-01 00:00:02.070   299   299 I WifiScanningService: Starting wifiscanner
01-01 00:00:02.070   299   377 D WifiController: WifiController msg { when=0 what=155656 target=com.android.internal.util.StateMachine$SmHandler } deferred for 499ms
01-01 00:00:02.074   299   299 I RttService: Registering rttmanager
01-01 00:00:02.077   299   299 D ConnectivityService: requestNetwork for uid/pid:1000/299 NetworkRequest [ REQUEST id=4, [ Transports: LOWPAN] ]
01-01 00:00:02.077   299   299 I EthernetServiceImpl: Starting Ethernet service
01-01 00:00:02.081   299   299 D Ethernet: Registering NetworkFactory
01-01 00:00:02.081   299   382 D ConnectivityService: Got NetworkFactory Messenger for Ethernet
01-01 00:00:02.085   299   299 D ZenLog  : config: cleanUpZenRules,ZenModeConfig[user=0,allowCalls=true,allowRepeatCallers=false,allowMessages=false,allowCallsFrom=contacts,allowMessagesFrom=contacts,allowReminders=true,allowEvents=true,allowWhenScreenOff=true,allowWhenScreenOn=true,automaticRules={EVENTS_DEFAULT_RULE=ZenRule[enabled=false,snoozing=false,name=Event,zenMode=ZEN_MODE_ALARMS,conditionId=condition://android/event?userId=-10000&calendar=&reply=1,condition=Condition[id=condition://android/event?userId=-10000&calendar=&reply=1,summary=...,line1=...,line2=...,icon=0,state=STATE_FALSE,flags=2],component=ComponentInfo{android/com.android.server.notification.EventConditionProvider},id=EVENTS_DEFAULT_RULE,creationTime=1230768007320,enabler=null], SCHEDULED_DEFAULT_RULE_1=ZenRule[enabled=false,snoozing=false,name=Weeknight,zenMode=ZEN_MODE_ALARMS,conditionId=condition://android/schedule?days=1.2.3.4.5&start=22.0&end=7.0&exitAtAlarm=false,condition=Condition[id=condition://android/schedule?days=1.2.3.4.5&start=22.0&end=7.0&exitAtAlarm=false,summary=...,line1=...,line2=...,icon=0,state=STATE_TRUE,flags=2],component=ComponentInfo{android/com.android.server.notification.ScheduleConditionProvider},id=SCHEDULED_DEFAULT_RULE_1,creationTime=1230768007318,enabler=null], SCHEDULED_DEFAULT_RULE_2=ZenRule[enabled=false,snoozing=false,name=Weekend,zenMode=ZEN_MODE_ALARMS,conditionId=condition://android/schedule?days=6.7&start=23.30&end=10.0&exitAtAlarm=false,condition=Condition[id=condition://android/schedule?days=6.7&start=23.30&end=10.0&exitAtAlarm=false,summary=...,line1=...,line2=...,icon=0,state=STATE_FALSE,flags=2],component=ComponentInfo{android/com.android.server.notification.ScheduleConditionProvider},id=SCHEDULED_DEFAULT_RULE_2,creationTime=1230768007319,enabler=null]},manualRule=null],Diff[]
01-01 00:00:02.085   299   299 D ZenLog  : set_zen_mode: off,onSystemReady
01-01 00:00:02.088   299   399 D EthernetNetworkFactory: Started tracking interface eth0
01-01 00:00:02.094   177   177 D PermissionCache: checking android.permission.CAPTURE_AUDIO_HOTWORD for uid=1000 => granted (245 us)
01-01 00:00:02.094   299   299 W SoundTriggerHelper: listModules status=0, # of modules=0
01-01 00:00:02.096   299   299 D ContextHubSystemService: onBootPhase: PHASE_SYSTEM_SERVICES_READY
01-01 00:00:02.098   299   299 D IoTSystemService: onBootPhase() Android system services ready
