01-01 00:00:04.180   189   189 E OMXNodeInstance: getExtensionIndex(0xabc8c060:google.vp8.decoder, OMX.google.android.index.configureVideoTunnelMode) ERROR: UnsupportedIndex(0x8000101a)
01-01 00:00:04.180   189   514 E OMXNodeInstance: getExtensionIndex(0xabc8c060:google.vp8.decoder, OMX.google.android.index.enableAndroidNativeBuffers) ERROR: UnsupportedIndex(0x8000101a)
01-01 00:00:04.189   189   189 I OMXMaster: makeComponentInstance(OMX.google.vp9.decoder) in android.hardwar process
01-01 00:00:04.193   189   189 E OMXNodeInstance: getExtensionIndex(0xabc8c060:google.vp9.decoder, OMX.google.android.index.configureVideoTunnelMode) ERROR: UnsupportedIndex(0x8000101a)
01-01 00:00:04.194   189   514 E OMXNodeInstance: getExtensionIndex(0xabc8c060:google.vp9.decoder, OMX.google.android.index.enableAndroidNativeBuffers) ERROR: UnsupportedIndex(0x8000101a)
01-01 00:00:04.196   189   189 I OMXMaster: makeComponentInstance(OMX.google.h264.encoder) in android.hardwar process
01-01 00:00:04.198   472   599 I LatinIME:LogUtils: Dictionary info: dictionary = main:en ; version = 54 ; date = 1414726273
01-01 00:00:04.242   504   504 D AndroidRuntime: >>>>>> START com.android.internal.os.WebViewZygoteInit uid 1053 <<<<<<
01-01 00:00:04.249   504   504 I webview_zygote3: type=1400 audit(0.0:86): avc: denied { write } for name="trace_marker" dev="tracefs" ino=47 scontext=u:r:webview_zygote:s0 tcontext=u:object_r:debugfs_tracing:s0 tclass=file permissive=1
01-01 00:00:04.249   504   504 I webview_zygote3: type=1400 audit(0.0:87): avc: denied { open } for path="/sys/kernel/debug/tracing/trace_marker" dev="tracefs" ino=47 scontext=u:r:webview_zygote:s0 tcontext=u:object_r:debugfs_tracing:s0 tclass=file permissive=1
01-01 00:00:04.256   504   504 I /system/bin/webview_zygote32: option[0]=-Xzygote
01-01 00:00:04.256   504   504 I /system/bin/webview_zygote32: option[1]=-Xusetombstonedtraces
01-01 00:00:04.256   504   504 I /system/bin/webview_zygote32: option[2]=exit
01-01 00:00:04.256   504   504 I /system/bin/webview_zygote32: option[3]=vfprintf
01-01 00:00:04.256   504   504 I /system/bin/webview_zygote32: option[4]=sensitiveThread
01-01 00:00:04.256   504   504 I /system/bin/webview_zygote32: option[5]=-verbose:gc
01-01 00:00:04.256   504   504 I /system/bin/webview_zygote32: option[6]=-Xms4m
01-01 00:00:04.256   504   504 I /system/bin/webview_zygote32: option[7]=-Xmx256m
01-01 00:00:04.256   504   504 I /system/bin/webview_zygote32: option[8]=-Xusejit:true
01-01 00:00:04.257   504   504 I /system/bin/webview_zygote32: option[9]=-Xjitsaveprofilinginfo
01-01 00:00:04.257   504   504 I /system/bin/webview_zygote32: option[10]=-agentlib:jdwp=transport=dt_android_adb,suspend=n,server=y
01-01 00:00:04.257   504   504 I /system/bin/webview_zygote32: option[11]=-Xlockprofthreshold:500
01-01 00:00:04.257   504   504 I /system/bin/webview_zygote32: option[12]=-Ximage-compiler-option
01-01 00:00:04.257   504   504 I /system/bin/webview_zygote32: option[13]=--runtime-arg
01-01 00:00:04.257   504   504 I /system/bin/webview_zygote32: option[14]=-Ximage-compiler-option
01-01 00:00:04.257   504   504 I /system/bin/webview_zygote32: option[15]=-Xms64m
01-01 00:00:04.257   504   504 I /system/bin/webview_zygote32: option[16]=-Ximage-compiler-option
01-01 00:00:04.257   504   504 I /system/bin/webview_zygote32: option[17]=--runtime-arg
01-01 00:00:04.257   504   504 I /system/bin/webview_zygote32: option[18]=-Ximage-compiler-option
01-01 00:00:04.257   504   504 I /system/bin/webview_zygote32: option[19]=-Xmx64m
01-01 00:00:04.257   504   504 I /system/bin/webview_zygote32: option[20]=-Ximage-compiler-option
01-01 00:00:04.257   504   504 I /system/bin/webview_zygote32: option[21]=--image-classes=/system/etc/preloaded-classes
01-01 00:00:04.257   504   504 I /system/bin/webview_zygote32: option[22]=-Ximage-compiler-option
01-01 00:00:04.257   504   504 I /system/bin/webview_zygote32: option[23]=--compiled-classes=/system/etc/compiled-classes
01-01 00:00:04.257   504   504 I /system/bin/webview_zygote32: option[24]=-Ximage-compiler-option
01-01 00:00:04.258   504   504 I /system/bin/webview_zygote32: option[25]=--dirty-image-objects=/system/etc/dirty-image-objects
01-01 00:00:04.258   504   504 I /system/bin/webview_zygote32: option[26]=-Xcompiler-option
01-01 00:00:04.258   504   504 I /system/bin/webview_zygote32: option[27]=--runtime-arg
01-01 00:00:04.258   504   504 I /system/bin/webview_zygote32: option[28]=-Xcompiler-option
01-01 00:00:04.258   504   504 I /system/bin/webview_zygote32: option[29]=-Xms64m
01-01 00:00:04.258   504   504 I /system/bin/webview_zygote32: option[30]=-Xcompiler-option
01-01 00:00:04.258   504   504 I /system/bin/webview_zygote32: option[31]=--runtime-arg
01-01 00:00:04.258   504   504 I /system/bin/webview_zygote32: option[32]=-Xcompiler-option
01-01 00:00:04.258   504   504 I /system/bin/webview_zygote32: option[33]=-Xmx512m
01-01 00:00:04.258   504   504 I /system/bin/webview_zygote32: option[34]=-Ximage-compiler-option
01-01 00:00:04.258   504   504 I /system/bin/webview_zygote32: option[35]=--instruction-set-variant=cortex-a53
01-01 00:00:04.258   504   504 I /system/bin/webview_zygote32: option[36]=-Xcompiler-option
01-01 00:00:04.258   504   504 I /system/bin/webview_zygote32: option[37]=--instruction-set-variant=cortex-a53
01-01 00:00:04.258   504   504 I /system/bin/webview_zygote32: option[38]=-Ximage-compiler-option
01-01 00:00:04.258   504   504 I /system/bin/webview_zygote32: option[39]=--instruction-set-features=default
01-01 00:00:04.258   504   504 I /system/bin/webview_zygote32: option[40]=-Xcompiler-option
01-01 00:00:04.258   504   504 I /system/bin/webview_zygote32: option[41]=--instruction-set-features=default
01-01 00:00:04.259   504   504 I /system/bin/webview_zygote32: option[42]=-Duser.locale=en-US
01-01 00:00:04.259   504   504 I /system/bin/webview_zygote32: option[43]=--cpu-abilist=armeabi-v7a,armeabi
01-01 00:00:04.259   504   504 I /system/bin/webview_zygote32: option[44]=-Xfingerprint:Things/iot_rpi3/rpi3:8.1.0/OIM1.180327.092/5718152:userdebug/dev-keys
01-01 00:00:04.274   504   504 W /system/bin/webview_zygote32: Could not reserve sentinel fault page
01-01 00:00:04.289   299   299 D ConditionProviders.SCP: Scheduling evaluate for Thu Jan 01 07:00:00 GMT+00:00 2009 (1230793200000), in +6h59m55s886ms, now=Thu Jan 01 00:00:04 GMT+00:00 2009 (1230768004114)
01-01 00:00:04.290   299   299 D ConditionProviders.SCP: onSubscribe condition://android/schedule?days=6.7&start=23.30&end=10.0&exitAtAlarm=false
01-01 00:00:04.291   299   299 D ConditionProviders.SCP: notifyCondition condition://android/schedule?days=6.7&start=23.30&end=10.0&exitAtAlarm=false STATE_FALSE reason=!meetsSchedule
01-01 00:00:04.292   299   299 D ConditionProviders.SCP: notifyCondition condition://android/schedule?days=1.2.3.4.5&start=22.0&end=7.0&exitAtAlarm=false STATE_TRUE reason=meetsSchedule
01-01 00:00:04.293   299   299 D ConditionProviders.SCP: Scheduling evaluate for Thu Jan 01 07:00:00 GMT+00:00 2009 (1230793200000), in +6h59m55s709ms, now=Thu Jan 01 00:00:04 GMT+00:00 2009 (1230768004291)
01-01 00:00:04.294   299   313 I SyncManager: Got SyncJobService instance.
01-01 00:00:04.299   299   299 D RttService: SCAN_AVAILABLE : 3
01-01 00:00:04.299   299   299 D BluetoothManagerService: Bluetooth Adapter name changed to IjFMTDSb-akAAAAAAAAAg0FRQUFBQUFBQUFBQkFBRUJBQUJrVUJoeWNHa3pJQzBnUkdWMlpXeHZjRzFsYm5RZ1FtOWhjbVFBQUFBQUFBQUFBQUFBQUFBQUFBQUFBQUFBQUFBQUFBQUFBQUFBQUFBQUFBQUFBQUFBQUFBQUFBQUFBQUFBQUFBQUFBQUFBQUFBQUFB
01-01 00:00:04.299   299   381 D RttService: DefaultState got{ when=0 what=160512 target=com.android.internal.util.StateMachine$SmHandler }
01-01 00:00:04.300   185   185 W OMXUtils: do not know color format 0x7f000789 = 2130708361
01-01 00:00:04.301   299   299 D BluetoothManagerService: Stored Bluetooth name: IjFMTDSb-akAAAAAAAAAg0FRQUFBQUFBQUFBQkFBRUJBQUJrVUJoeWNHa3pJQzBnUkdWMlpXeHZjRzFsYm5RZ1FtOWhjbVFBQUFBQUFBQUFBQUFBQUFBQUFBQUFBQUFBQUFBQUFBQUFBQUFBQUFBQUFBQUFBQUFBQUFBQUFBQUFBQUFBQUFBQUFBQUFBQUFBQUFB
01-01 00:00:04.301   299   380 E WifiVendorHal: getBgScanCapabilities(l.450) failed {.code = ERROR_NOT_AVAILABLE, .description = }
01-01 00:00:04.301   299   299 D BluetoothManagerService: BluetoothServiceConnection: com.android.bluetooth.btservice.AdapterService
01-01 00:00:04.301   299   320 D BluetoothManagerService: MESSAGE_BLUETOOTH_SERVICE_CONNECTED: 1
01-01 00:00:04.304   299   320 D BluetoothManagerService: Broadcasting onBluetoothServiceUp() to 3 receivers.
01-01 00:00:04.304   299   320 D BluetoothAdapter: onBluetoothServiceUp: android.bluetooth.IBluetooth$Stub$Proxy@985956c
01-01 00:00:04.305   456   468 D BluetoothAdapter: onBluetoothServiceUp: com.android.bluetooth.btservice.AdapterService$AdapterServiceBinder@12d83c6
01-01 00:00:04.305   410   438 D BluetoothAdapter: onBluetoothServiceUp: android.bluetooth.IBluetooth$Stub$Proxy@a5badd
01-01 00:00:04.307   456   468 D BluetoothAdapterService: enable() - Enable called with quiet mode status =  false
01-01 00:00:04.308   456   567 D BluetoothAdapterState: Current state: OFF, message: 0
01-01 00:00:04.308   456   567 D BluetoothAdapterProperties: Setting state to 14
01-01 00:00:04.308   456   567 I BluetoothAdapterState: Bluetooth adapter state changed: 10-> 14
01-01 00:00:04.308   456   567 D BluetoothAdapterService: updateAdapterState() - Broadcasting state to 1 receivers.
01-01 00:00:04.309   456   567 D BluetoothAdapterService: BleOnProcessStart()
01-01 00:00:04.309   456   567 D AdapterServiceConfig: Adding A2dpSinkService
01-01 00:00:04.309   456   567 D AdapterServiceConfig: Adding HidService
01-01 00:00:04.310   456   567 D AdapterServiceConfig: Adding HealthService
01-01 00:00:04.310   456   567 D AdapterServiceConfig: Adding PanService
01-01 00:00:04.310   456   567 D AdapterServiceConfig: Adding GattService
01-01 00:00:04.310   299   320 D BluetoothManagerService: MESSAGE_BLUETOOTH_STATE_CHANGE: OFF > BLE_TURNING_ON
01-01 00:00:04.310   456   567 D AdapterServiceConfig: Adding HeadsetClientService
01-01 00:00:04.310   299   320 D BluetoothManagerService: Sending BLE State Change: OFF > BLE_TURNING_ON
01-01 00:00:04.310   456   567 D AdapterServiceConfig: Adding AvrcpControllerService
01-01 00:00:04.310   299   380 I WifiScanningService: wifi driver loaded with scan capabilities: max buckets=16
01-01 00:00:04.310   456   567 D AdapterServiceConfig: Adding SapService
01-01 00:00:04.311   456   567 D AdapterServiceConfig: Adding PbapClientService
01-01 00:00:04.311   456   567 D AdapterServiceConfig: Adding MapClientService
01-01 00:00:04.311   456   567 W AdapterServiceConfig: Could not find profile bit mask
01-01 00:00:04.311   456   567 D AdapterServiceConfig: Adding BluetoothPbapService
01-01 00:00:04.315   299   299 I FusedLocation: engine started (com.android.location.fused)
01-01 00:00:04.317   456   567 D BluetoothAdapterService: BleOnProcessStart() - Make Bond State Machine
01-01 00:00:04.318   456   567 D BluetoothBondStateMachine: make
01-01 00:00:04.319   189   232 I OMXMaster: makeComponentInstance(OMX.google.h263.encoder) in android.hardwar process
01-01 00:00:04.321   456   567 D BluetoothAdapterService: setProfileServiceState() - Starting service com.android.bluetooth.gatt.GattService
01-01 00:00:04.322   456   614 I BluetoothBondStateMachine: StableState(): Entering Off State
01-01 00:00:04.326   456   567 I BluetoothAdapterState: Entering PendingCommandState
01-01 00:00:04.339   189   232 I SoftMPEG4Encoder: Construct SoftMPEG4Encoder
01-01 00:00:04.343   185   185 W OMXUtils: do not know color format 0x7f000789 = 2130708361
01-01 00:00:04.343   189   514 E OMXNodeInstance: getConfig(0xabc8c060:google.h263.encoder, ConfigAndroidIntraRefresh(0x6f60000a)) ERROR: Undefined(0x80001001)
01-01 00:00:04.344   456   456 I BtGatt.JNI: classInitNative(L871): classInitNative: Success!
01-01 00:00:04.346   189   189 I OMXMaster: makeComponentInstance(OMX.google.mpeg4.encoder) in android.hardwar process
01-01 00:00:04.347   189   189 I SoftMPEG4Encoder: Construct SoftMPEG4Encoder
01-01 00:00:04.348   456   456 D BtGatt.DebugUtils: handleDebugAction() action=null
01-01 00:00:04.348   456   456 D BluetoothAdapterService: getAdapterService() - returning com.android.bluetooth.btservice.AdapterService@1e91133
01-01 00:00:04.349   456   456 D BtGatt.GattService: Received start request. Starting profile...
01-01 00:00:04.349   456   456 I bt_btif : get_profile_interface: id = gatt
01-01 00:00:04.350   456   456 D BluetoothAdapterService: getAdapterService() - returning com.android.bluetooth.btservice.AdapterService@1e91133
01-01 00:00:04.351   185   185 W OMXUtils: do not know color format 0x7f000789 = 2130708361
01-01 00:00:04.352   189   189 E OMXNodeInstance: getConfig(0xabc8c060:google.mpeg4.encoder, ConfigAndroidIntraRefresh(0x6f60000a)) ERROR: Undefined(0x80001001)
01-01 00:00:04.355   189   514 I OMXMaster: makeComponentInstance(OMX.google.vp8.encoder) in android.hardwar process
01-01 00:00:04.358   456   456 D BluetoothAdapterService: getAdapterService() - returning com.android.bluetooth.btservice.AdapterService@1e91133
01-01 00:00:04.358   456   456 D BluetoothAdapterService: getAdapterService() - returning com.android.bluetooth.btservice.AdapterService@1e91133
01-01 00:00:04.359   456   456 D BluetoothAdapterService: handleMessage() - Message: 1
01-01 00:00:04.359   456   456 D BluetoothAdapterService: handleMessage() - MESSAGE_PROFILE_SERVICE_STATE_CHANGED
01-01 00:00:04.360   456   456 D BluetoothAdapterService: processProfileServiceStateChanged() - serviceName=com.android.bluetooth.gatt.GattService isTurningOn=false isTurningOff=false isBleTurningOn=true isBleTurningOff=false
01-01 00:00:04.360   456   456 D BluetoothAdapterService: GattService is started
01-01 00:00:04.360   456   567 V BluetoothAdapterState: PendingCommand - transient state(s): isBleTurningOn
01-01 00:00:04.360   456   567 D BluetoothAdapterState: Current state: PENDING_COMMAND, message: 4
01-01 00:00:04.366   456   567 I bt_btif : enable: start restricted = 0
01-01 00:00:04.366   456   569 I bt_stack_manager: event_start_up_stack is bringing up the stack
01-01 00:00:04.367   456   569 I bt_core_module: module_start_up Starting module "btif_config_module"
01-01 00:00:04.367   456   569 I bt_core_module: module_start_up Started module "btif_config_module"
01-01 00:00:04.367   456   569 I bt_core_module: module_start_up Starting module "btsnoop_module"
01-01 00:00:04.371   456   569 I bt_core_module: module_start_up Started module "btsnoop_module"
01-01 00:00:04.371   456   569 I bt_core_module: module_start_up Starting module "hci_module"
01-01 00:00:04.371   456   569 I bt_hci  : hci_module_start_up
01-01 00:00:04.372   456   622 I bt_osi_thread: run_thread: thread id 622, thread name hci_thread started
01-01 00:00:04.372   456   569 D bt_hci  : hci_module_start_up starting async portion
01-01 00:00:04.373   456   622 I bt_hci  : hci_initialize
01-01 00:00:04.377   456   622 D vndksupport: Loading /vendor/lib/hw/android.hardware.bluetooth@1.0-impl-rpi3.so from current namespace instead of sphal namespace.
01-01 00:00:04.388   185   185 W OMXUtils: do not know color format 0x7f000789 = 2130708361
01-01 00:00:04.389   189   514 E OMXNodeInstance: getConfig(0xabc8c060:google.vp8.encoder, ConfigAndroidIntraRefresh(0x6f60000a)) ERROR: Undefined(0x80001001)
01-01 00:00:04.391   456   622 I bt_hci  : hci_initialize: IBluetoothHci::getService() returned 0xa1553500 (local)
01-01 00:00:04.391   456   622 I android.hardware.bluetooth@1.0-impl: BluetoothHci::initialize()
01-01 00:00:04.394   189   232 I OMXMaster: makeComponentInstance(OMX.google.vp9.encoder) in android.hardwar process
01-01 00:00:04.397   456   622 I bt_vendor: init
01-01 00:00:04.397   456   622 I bt_vnd_conf: Attempt to load conf from /etc/bluetooth/bt_vendor.conf
01-01 00:00:04.398   456   622 D android.hardware.bluetooth@1.0-impl: Open vendor library loaded
01-01 00:00:04.398   456   622 W bt_vendor: NOTE: BT_VND_PWR_ON now forces power-off first
01-01 00:00:04.398   456   622 I bt_userial_vendor: userial vendor open: opening /dev/ttyAMA0
01-01 00:00:04.399   185   185 W OMXUtils: do not know color format 0x7f000789 = 2130708361
01-01 00:00:04.400   189   232 E OMXNodeInstance: getConfig(0xabc8c060:google.vp9.encoder, ConfigAndroidIntraRefresh(0x6f60000a)) ERROR: Undefined(0x80001001)
01-01 00:00:04.407   189   514 I OMXMaster: makeComponentInstance(OMX.google.vorbis.decoder) in android.hardwar process
01-01 00:00:04.410   456   622 I bt_userial_vendor: device fd = 68 open
01-01 00:00:04.415   189   189 E OMXNodeInstance: getConfig(0xac0a27e0:google.vorbis.decoder, ConfigAndroidVendorExtension(0x6f100004)) ERROR: Undefined(0x80001001)
01-01 00:00:04.442   456   631 I bt_hwcfg: FW patchfile: system/etc/firmware/bcm/BCM43430A1.hcd
01-01 00:00:04.476   184   184 D MediaAnalyticsService: MediaAnalyticsService::newSummarizerSet
01-01 00:00:04.478   299   489 V NuMediaExtractor: setDataSource fd=160 (/system/media/audio/ui/KeypressStandard.ogg), offset=0, length=5837
01-01 00:00:04.492   299   321 I WindowManager: ******* TELLING SURFACE FLINGER WE ARE BOOTED!
01-01 00:00:04.492   173   236 I SurfaceFlinger: Boot is finished (17802 ms)
01-01 00:00:04.497   299   489 V NuMediaExtractor: track of type 'audio/vorbis' does not publish bitrate
01-01 00:00:04.498   299   321 I SystemServiceManager: Starting phase 1000
01-01 00:00:04.502   189   189 I OMXMaster: makeComponentInstance(OMX.google.vorbis.decoder) in android.hardwar process
01-01 00:00:04.509   163   163 I light@2.0-servi: type=1400 audit(0.0:88): avc: denied { write } for name="brightness" dev="sysfs" ino=5932 scontext=u:r:hal_light_default:s0 tcontext=u:object_r:sysfs:s0 tclass=file permissive=1
01-01 00:00:04.509   163   163 I light@2.0-servi: type=1400 audit(0.0:89): avc: denied { open } for path="/sys/devices/platform/rpi_backlight/backlight/rpi_backlight/brightness" dev="sysfs" ino=5932 scontext=u:r:hal_light_default:s0 tcontext=u:object_r:sysfs:s0 tclass=file permissive=1
01-01 00:00:04.511   189   632 E OMXNodeInstance: getConfig(0xac0a27e0:google.vorbis.decoder, ConfigAndroidVendorExtension(0x6f100004)) ERROR: Undefined(0x80001001)
01-01 00:00:04.556   299   321 D ActivityManager: Finishing user boot 0
01-01 00:00:04.556   299   321 I ActivityManager: User 0 state changed from BOOTING to RUNNING_LOCKED
01-01 00:00:04.558   299   321 D StorageManagerService: Setting property: sys.user.0.ce_available=true
01-01 00:00:04.559   299   321 I ActivityManager: User 0 state changed from RUNNING_LOCKED to RUNNING_UNLOCKING
01-01 00:00:04.560   299   321 D CryptdConnector: SND -> {3 cryptfs prepare_user_storage ! 0 0 2}
01-01 00:00:04.561   144   150 D vold    : e4crypt_prepare_user_storage for volume null, user 0, serial 0, flags 2
01-01 00:00:04.562   144   150 D vold    : Preparing: /data/system_ce/0
01-01 00:00:04.562   144   150 D vold    : Preparing: /data/misc_ce/0
01-01 00:00:04.562   144   150 D vold    : Preparing: /data/media/0
01-01 00:00:04.562   144   150 D vold    : Preparing: /data/data
01-01 00:00:04.562   299   372 D CryptdConnector: RCV <- {200 3 Command succeeded}
01-01 00:00:04.566   299   321 V UserDataPreparer: Found /data/user/0 with serial number 0
01-01 00:00:04.570   299   321 V UserDataPreparer: Found /data/system_ce/0 with serial number 0
01-01 00:00:04.571   299   321 V PackageManager: reconcileAppsData for null u0 0x2 migrateAppData=false
01-01 00:00:04.573   299   489 V NuMediaExtractor: setDataSource fd=162 (/system/media/audio/ui/KeypressSpacebar.ogg), offset=0, length=5952
01-01 00:00:04.607   637   637 I bootstat: Service started: /system/bin/bootstat --record_boot_complete 
01-01 00:00:04.609   299   489 V NuMediaExtractor: track of type 'audio/vorbis' does not publish bitrate
01-01 00:00:04.610   637   637 E bootstat: Failed to read /data/misc/bootstat/post_decrypt_time_elapsed: No such file or directory
01-01 00:00:04.610   637   637 E bootstat: Failed to parse boot time record: /data/misc/bootstat/post_decrypt_time_elapsed
01-01 00:00:04.619   189   632 I OMXMaster: makeComponentInstance(OMX.google.vorbis.decoder) in android.hardwar process
01-01 00:00:04.631   189   514 E OMXNodeInstance: getConfig(0xac0a27e0:google.vorbis.decoder, ConfigAndroidVendorExtension(0x6f100004)) ERROR: Undefined(0x80001001)
01-01 00:00:04.660   639   639 I bootstat: Service started: /system/bin/bootstat --record_boot_reason 
01-01 00:00:04.668   639   639 I bootstat: Unknown boot reason: 
01-01 00:00:04.719   180   343 W cutils  : Expected path /data/data/com.google.android.gms with mode 700 but found 711
01-01 00:00:04.734   299   489 V NuMediaExtractor: setDataSource fd=163 (/system/media/audio/ui/KeypressDelete.ogg), offset=0, length=5832
01-01 00:00:04.742   642   642 I bootstat: Service started: /system/bin/bootstat --record_time_since_factory_reset 
01-01 00:00:04.791   299   489 V NuMediaExtractor: track of type 'audio/vorbis' does not publish bitrate
01-01 00:00:04.804   643   643 I bootstat: Service started: /system/bin/bootstat -l 
01-01 00:00:04.807   299   321 V PackageManager: reconcileAppsData finished 60 packages
01-01 00:00:04.807   299   314 W zygote  : Long monitor contention with owner android.display (321) at void com.android.server.am.ActivityManagerService.finishBooting()(ActivityManagerService.java:7347) waiters=0 in void com.android.server.am.BroadcastQueue.processNextBroadcast(boolean) for 250ms
01-01 00:00:04.808   299   314 I SystemServiceManager: Calling onUnlockUser u0
01-01 00:00:04.809   154   154 I main    : type=1400 audit(0.0:90): avc: denied { getattr } for path="/sys/kernel/debug/tracing/trace_marker" dev="tracefs" ino=47 scontext=u:r:zygote:s0 tcontext=u:object_r:debugfs_tracing:s0 tclass=file permissive=1
01-01 00:00:04.814   299   378 D WifiConfigStore: Reading from stores completed in 4 ms.
01-01 00:00:04.819     1     1 I init    : type=1400 audit(0.0:91): avc: denied { write } for name="instances" dev="tracefs" ino=116 scontext=u:r:init:s0 tcontext=u:object_r:debugfs_tracing:s0 tclass=dir permissive=1
01-01 00:00:04.819     1     1 I init    : type=1400 audit(0.0:92): avc: denied { add_name } for name="wifi" scontext=u:r:init:s0 tcontext=u:object_r:debugfs_tracing:s0 tclass=dir permissive=1
01-01 00:00:04.819     1     1 I init    : type=1400 audit(0.0:93): avc: denied { create } for name="wifi" scontext=u:r:init:s0 tcontext=u:object_r:debugfs_tracing:s0 tclass=dir permissive=1
01-01 00:00:04.823   299   314 D BluetoothManagerService: User 0 unlocked
01-01 00:00:04.823   299   314 D StorageManagerService: onUnlockUser 0
01-01 00:00:04.823   299   320 D BluetoothManagerService: MESSAGE_USER_UNLOCKED
01-01 00:00:04.823   299   314 D VoldConnector: SND -> {6 volume user_started 0}
01-01 00:00:04.826   144   149 D vold    : Linking /storage/emulated/0 to /mnt/user/0/primary
01-01 00:00:04.826   299   371 D VoldConnector: RCV <- {200 6 Command succeeded}
01-01 00:00:04.829   645   645 I main    : type=1400 audit(0.0:94): avc: denied { write } for name="trace_marker" dev="tracefs" ino=47 scontext=u:r:zygote:s0 tcontext=u:object_r:debugfs_tracing:s0 tclass=file permissive=1
01-01 00:00:04.829   645   645 I main    : type=1400 audit(0.0:95): avc: denied { open } for path="/sys/kernel/debug/tracing/trace_marker" dev="tracefs" ino=47 scontext=u:r:zygote:s0 tcontext=u:object_r:debugfs_tracing:s0 tclass=file permissive=1
01-01 00:00:04.831   299   370 D StorageManagerService: Volume emulated broadcasting mounted to UserHandle{0}
01-01 00:00:04.833   189   514 I OMXMaster: makeComponentInstance(OMX.google.vorbis.decoder) in android.hardwar process
01-01 00:00:04.839   189   232 E OMXNodeInstance: getConfig(0xac0a27e0:google.vorbis.decoder, ConfigAndroidVendorExtension(0x6f100004)) ERROR: Undefined(0x80001001)
01-01 00:00:04.846   299   299 I ActivityManager: Start proc 645:com.android.deskclock/u0a25 for broadcast com.android.deskclock/.AlarmInitReceiver
01-01 00:00:04.871   299   378 D WIFI    : Registering NetworkFactory
01-01 00:00:04.871   299   378 D WIFI_UT : Registering NetworkFactory
01-01 00:00:04.873   299   382 D ConnectivityService: Got NetworkFactory Messenger for WIFI
01-01 00:00:04.873   299   382 D ConnectivityService: Got NetworkFactory Messenger for WIFI_UT
01-01 00:00:04.877   299   314 W VoiceInteractionManagerService: no available voice recognition services found for user 0
01-01 00:00:04.878   299   314 I ActivityManager: Loading recents for user 0 into memory.
01-01 00:00:04.882   299   378 D WifiConfigStore: Reading from user store completed in 6 ms.
01-01 00:00:04.926   472   472 I InputAttributes: InputType.TYPE_NULL is specified
01-01 00:00:04.943   299   378 D WifiConfigStore: Writing to stores completed in 33 ms.
01-01 00:00:04.943   299   378 D WIFI    : got request NetworkRequest [ REQUEST id=1, [ Capabilities: INTERNET&NOT_RESTRICTED&TRUSTED&NOT_VPN] ] with score 0
01-01 00:00:04.947   299   314 I ActivityManager: User 0 state changed from RUNNING_UNLOCKING to RUNNING_UNLOCKED
01-01 00:00:04.949   299   489 V NuMediaExtractor: setDataSource fd=164 (/system/media/audio/ui/KeypressReturn.ogg), offset=0, length=6246
01-01 00:00:04.953   299   314 I ActivityManager: Sending BOOT_COMPLETE user #0
01-01 00:00:04.957   299   313 W Searchables: No global search activity found
01-01 00:00:04.965   299   378 E WifiVendorHal: getSupportedFeatureSet(l.891) failed {.code = ERROR_NOT_AVAILABLE, .description = }
01-01 00:00:04.976   299   378 E WifiVendorHal: getSupportedFeatureSet(l.897) failed {.code = ERROR_NOT_AVAILABLE, .description = }
01-01 00:00:04.979   299   489 V NuMediaExtractor: track of type 'audio/vorbis' does not publish bitrate
01-01 00:00:04.991   299   378 D WifiConnectivityHelper: Firmware supported feature set: 19
01-01 00:00:04.991   299   378 D WifiConnectivityHelper: Firmware roaming is not supported
01-01 00:00:04.994   299   378 D WIFI    : got request NetworkRequest [ BACKGROUND_REQUEST id=2, [ Transports: CELLULAR Capabilities: INTERNET&NOT_RESTRICTED&TRUSTED&NOT_VPN] ] with score 0
01-01 00:00:04.995   299   378 D WIFI    : got request NetworkRequest [ TRACK_DEFAULT id=7, [ Capabilities: INTERNET&NOT_RESTRICTED&TRUSTED&NOT_VPN] ] with score 0
01-01 00:00:04.995   299   378 D WIFI    : got request NetworkRequest [ TRACK_DEFAULT id=3, [ Capabilities: INTERNET&NOT_RESTRICTED&TRUSTED&NOT_VPN] ] with score 0
01-01 00:00:04.995   299   378 D WIFI    : got request NetworkRequest [ REQUEST id=4, [ Transports: LOWPAN] ] with score 0
01-01 00:00:04.995   299   378 D WIFI_UT : got request NetworkRequest [ REQUEST id=1, [ Capabilities: INTERNET&NOT_RESTRICTED&TRUSTED&NOT_VPN] ] with score 0
01-01 00:00:04.996   299   313 I SELinux : SELinux: Loaded file_contexts
01-01 00:00:04.996   299   378 D WIFI_UT : got request NetworkRequest [ BACKGROUND_REQUEST id=2, [ Transports: CELLULAR Capabilities: INTERNET&NOT_RESTRICTED&TRUSTED&NOT_VPN] ] with score 0
01-01 00:00:04.997   299   378 D WIFI_UT : got request NetworkRequest [ TRACK_DEFAULT id=7, [ Capabilities: INTERNET&NOT_RESTRICTED&TRUSTED&NOT_VPN] ] with score 0
01-01 00:00:04.997   299   378 D WIFI_UT : got request NetworkRequest [ TRACK_DEFAULT id=3, [ Capabilities: INTERNET&NOT_RESTRICTED&TRUSTED&NOT_VPN] ] with score 0
01-01 00:00:04.998   299   378 D WIFI_UT : got request NetworkRequest [ REQUEST id=4, [ Transports: LOWPAN] ] with score 0
01-01 00:00:05.002   189   632 I OMXMaster: makeComponentInstance(OMX.google.vorbis.decoder) in android.hardwar process
01-01 00:00:05.006   456   456 D BluetoothOppFileProvider: Initialized
01-01 00:00:05.008   299   375 I WifiService: getConfiguredNetworks uid=1000
01-01 00:00:05.015   400   400 D FallbackHome: User unlocked and real home found; let's go!
01-01 00:00:05.022   189   232 E OMXNodeInstance: getConfig(0xabc8c2a0:google.vorbis.decoder, ConfigAndroidVendorExtension(0x6f100004)) ERROR: Undefined(0x80001001)
01-01 00:00:05.032   299   445 I ActivityManager: START u0 {act=android.intent.action.MAIN cat=[android.intent.category.HOME] flg=0x10000100 cmp=com.android.iotlauncher.ota/com.google.android.things.iotlauncher.app.DefaultIoTLauncher} from uid 0
01-01 00:00:05.047   299   655 W ResourceType: No known package when getting value for resource number 0x7f07008c
01-01 00:00:05.047   299   655 W ResourceType: No known package when getting value for resource number 0x7f0f0061
01-01 00:00:05.084   299   347 W System  : ClassLoader referenced unknown path: 
01-01 00:00:05.109   353   353 I Binder:299_3: type=1400 audit(0.0:96): avc: denied { ptrace } for scontext=u:r:system_server:s0 tcontext=u:r:untrusted_app:s0:c512,c768 tclass=process permissive=1
01-01 00:00:05.109   299   445 I ActivityManager: Start proc 686:com.android.iotlauncher.ota/u0a35 for activity com.android.iotlauncher.ota/com.google.android.things.iotlauncher.app.DefaultIoTLauncher
01-01 00:00:05.110   299   299 I AccountManagerService: User 0 is unlocked - opening CE database
01-01 00:00:05.119   353   353 I Binder:299_3: type=1400 audit(0.0:97): avc: denied { ptrace } for scontext=u:r:system_server:s0 tcontext=u:r:system_app:s0 tclass=process permissive=1
01-01 00:00:05.154   173   235 D gralloc : Registering a buffer in the process that created it. This may cause memory ordering problems.
01-01 00:00:05.162   299   347 D vndksupport: Loading /vendor/lib/hw/android.hardware.graphics.mapper@2.0-impl.so from current namespace instead of sphal namespace.
01-01 00:00:05.180   299   489 V NuMediaExtractor: setDataSource fd=165 (/system/media/audio/ui/KeypressInvalid.ogg), offset=0, length=9847
01-01 00:00:05.181   299   313 I ActivityManager: Start proc 692:com.android.keychain/1000 for service com.android.keychain/.KeyChainService
01-01 00:00:05.193   645   645 I zygote  : The ClassLoaderContext is a special shared library.
01-01 00:00:05.219   299   489 V NuMediaExtractor: track of type 'audio/vorbis' does not publish bitrate
01-01 00:00:05.230   189   189 I OMXMaster: makeComponentInstance(OMX.google.vorbis.decoder) in android.hardwar process
01-01 00:00:05.242   189   514 E OMXNodeInstance: getConfig(0xabc8c3c0:google.vorbis.decoder, ConfigAndroidVendorExtension(0x6f100004)) ERROR: Undefined(0x80001001)
01-01 00:00:05.269   310   310 I Binder:299_1: type=1400 audit(0.0:98): avc: denied { ptrace } for scontext=u:r:system_server:s0 tcontext=u:r:untrusted_app:s0:c512,c768 tclass=process permissive=1
01-01 00:00:05.302   173   173 D gralloc : Registering a buffer in the process that created it. This may cause memory ordering problems.
01-01 00:00:05.391   692   692 I zygote  : The ClassLoaderContext is a special shared library.
01-01 00:00:05.457   645   645 I AlarmClock: AlarmInitReceiver android.intent.action.LOCKED_BOOT_COMPLETED
01-01 00:00:05.470   645   735 I AlarmClock: Fixing alarm instances
01-01 00:00:05.483   299   353 D WificondControl: Scan result ready event
01-01 00:00:05.509   378   378 I WifiStateMachin: type=1400 audit(0.0:99): avc: denied { read } for name="free_buffer" dev="tracefs" ino=18326 scontext=u:r:system_server:s0 tcontext=u:object_r:debugfs_tracing:s0 tclass=file permissive=1
01-01 00:00:05.509   378   378 I WifiStateMachin: type=1400 audit(0.0:100): avc: denied { open } for path="/sys/kernel/debug/tracing/instances/wifi/free_buffer" dev="tracefs" ino=18326 scontext=u:r:system_server:s0 tcontext=u:object_r:debugfs_tracing:s0 tclass=file permissive=1
01-01 00:00:05.509   378   378 I WifiStateMachin: type=1400 audit(0.0:101): avc: denied { getattr } for path="/sys/kernel/debug/tracing/instances/wifi/free_buffer" dev="tracefs" ino=18326 scontext=u:r:system_server:s0 tcontext=u:object_r:debugfs_tracing:s0 tclass=file permissive=1
01-01 00:00:05.509   378   378 I WifiStateMachin: type=1400 audit(0.0:102): avc: denied { write } for name="tracing_on" dev="tracefs" ino=18330 scontext=u:r:system_server:s0 tcontext=u:object_r:debugfs_tracing:s0 tclass=file permissive=1
01-01 00:00:05.514   299   378 W WifiConfigManager: Looking up network with invalid networkId -1
01-01 00:00:05.519   299   378 W WifiConfigManager: Looking up network with invalid networkId -1
01-01 00:00:05.520   299   378 D WifiStateMachine: CMD_START_CONNECT sup state UninitializedState my state DisconnectedState nid=2 roam=false
01-01 00:00:05.522   188   188 W wificond: Scan is not started. Ignore abort request
01-01 00:00:05.523   299   378 D SupplicantStaIfaceHal: connectToNetwork "TatanWifi2.4"WPA_PSK
01-01 00:00:05.524   299   313 I ActivityManager: Start proc 737:com.google.android.gms.persistent/u0a10 for service com.google.android.gms/com.google.android.location.network.NetworkLocationService
01-01 00:00:05.525   299   378 I SupplicantStaIfaceHal: addSupplicantStaNetwork via HIDL
01-01 00:00:05.533   299   299 I FusedLocation: engine stopped (com.android.location.fused)
01-01 00:00:05.538   645   735 V AlarmClock: AlarmInitReceiver finished
01-01 00:00:05.553   299   313 I SyncManager: Loaded persisted syncs: 0 periodic syncs, 0 oneshot syncs, 6 total system server jobs, JobStats: FirstLoad: 0/0/0 LastSave: -1/-1/-1
01-01 00:00:05.597   299   445 I ActivityManager: Start proc 749:android.process.media/u0a8 for broadcast com.android.providers.downloads/.DownloadReceiver
01-01 00:00:05.624   471   471 I wpa_supplicant: wlan0: Trying to associate with SSID 'TatanWifi2.4'
01-01 00:00:05.629   310   310 I Binder:299_1: type=1400 audit(0.0:103): avc: denied { write } for name="timerslack_ns" dev="proc" ino=11935 scontext=u:r:system_server:s0 tcontext=u:r:mediaprovider:s0:c512,c768 tclass=file permissive=1
01-01 00:00:05.629   310   310 I Binder:299_1: type=1400 audit(0.0:104): avc: denied { ptrace } for scontext=u:r:system_server:s0 tcontext=u:r:mediaprovider:s0:c512,c768 tclass=process permissive=1
01-01 00:00:05.666   737   737 I zygote  : The ClassLoaderContext is a special shared library.
01-01 00:00:05.672   737   737 I zygote  : The ClassLoaderContext is a special shared library.
01-01 00:00:05.694   749   749 I zygote  : The ClassLoaderContext is a special shared library.
01-01 00:00:05.712   471   471 I wpa_supplicant: wlan0: Associated with 4c:6e:6e:ab:82:ba
01-01 00:00:05.712   471   471 I wpa_supplicant: wlan0: CTRL-EVENT-SUBNET-STATUS-UPDATE status=0
01-01 00:00:05.749   737   737 I zygote  : The ClassLoaderContext is a special shared library.
01-01 00:00:05.811   749   749 I zygote  : The ClassLoaderContext is a special shared library.
01-01 00:00:05.820   471   471 I wpa_supplicant: wlan0: WPA: Key negotiation completed with 4c:6e:6e:ab:82:ba [PTK=CCMP GTK=TKIP]
01-01 00:00:05.820   471   471 I wpa_supplicant: wlan0: CTRL-EVENT-CONNECTED - Connection to 4c:6e:6e:ab:82:ba completed [id=0 id_str=%7B%22configKey%22%3A%22%5C%22TatanWifi2.4%5C%22WPA_PSK%22%2C%22creatorUid%22%3A%2210035%22%7D]
01-01 00:00:05.849   299   378 D ConnectivityService: registerNetworkAgent NetworkAgentInfo{ ni{[type: WIFI[], state: CONNECTING/CONNECTING, reason: (unspecified), extra: "TatanWifi2.4", failover: false, available: true, roaming: false]}  network{100}  nethandle{429513165534}  lp{{LinkAddresses: []  Routes: [] DnsAddresses: [] Domains: null MTU: 0}}  nc{[ Transports: WIFI Capabilities: NOT_METERED&INTERNET&NOT_RESTRICTED&TRUSTED&NOT_VPN LinkUpBandwidth>=1048576Kbps LinkDnBandwidth>=1048576Kbps]}  Score{20}  everValidated{false}  lastValidated{false}  created{false} lingering{false} explicitlySelected{false} acceptUnvalidated{false} everCaptivePortalDetected{false} lastCaptivePortalDetected{false} clat{null} }
01-01 00:00:05.850   299   382 D ConnectivityService: NetworkAgentInfo [WIFI () - 100] EVENT_NETWORK_INFO_CHANGED, going from null to CONNECTING
01-01 00:00:05.857   471   471 E wpa_supplicant: wpa_driver_nl80211_driver_cmd: failed to issue private command: BTCOEXMODE 2
01-01 00:00:05.857   471   471 I wpa_supplicant: wlan0: CTRL-EVENT-DRIVER-STATE HANGED
01-01 00:00:05.858   299   378 E SupplicantStaIfaceHal: ISupplicantStaIface.setBtCoexistenceMode failed: FAILURE_UNKNOWN, 
01-01 00:00:05.860   170   170 D WifiHAL : Getting APF capabilities, halHandle = 0xaa6186e0
01-01 00:00:05.860   170   170 I WifiHAL : 
01-01 00:00:05.860   170   170 I WifiHAL : createRequest: APF get capabilities request
01-01 00:00:05.860   170   170 I WifiHAL : Request Response failed for APF, result = -95
01-01 00:00:05.865   299   378 E WifiVendorHal: getApfCapabilities(l.1538) failed {.code = ERROR_NOT_AVAILABLE, .description = }
01-01 00:00:05.875   299   378 E WifiVendorHal: getWifiLinkLayerStats(l.699) failed {.code = ERROR_NOT_AVAILABLE, .description = }
01-01 00:00:05.882   299   378 E WifiVendorHal: getWifiLinkLayerStats(l.699) failed {.code = ERROR_NOT_AVAILABLE, .description = }
01-01 00:00:05.902   299   378 E WifiVendorHal: configureNeighborDiscoveryOffload(l.2240) failed {.code = ERROR_NOT_AVAILABLE, .description = }
01-01 00:00:05.907   471   471 E wpa_supplicant: wpa_driver_nl80211_driver_cmd: failed to issue private command: RXFILTER-STOP
01-01 00:00:05.909   299   378 E SupplicantStaIfaceHal: ISupplicantStaIface.stopRxFilter failed: FAILURE_UNKNOWN, 
01-01 00:00:05.949   299   305 I zygote  : Background concurrent copying GC freed 41507(3MB) AllocSpace objects, 19(656KB) LOS objects, 42% free, 5MB/9MB, paused 635us total 219.106ms
01-01 00:00:05.967   471   471 E wpa_supplicant: wpa_driver_nl80211_driver_cmd: failed to issue private command: BTCOEXMODE 1
01-01 00:00:05.968   299   378 E SupplicantStaIfaceHal: ISupplicantStaIface.setBtCoexistenceMode failed: FAILURE_UNKNOWN, 
01-01 00:00:05.968   471   471 E wpa_supplicant: wpa_driver_nl80211_driver_cmd: failed to issue private command: SETSUSPENDMODE 0
01-01 00:00:05.969   299   378 E SupplicantStaIfaceHal: ISupplicantStaIface.setSuspendModeEnabled failed: FAILURE_UNKNOWN, 
01-01 00:00:05.969   299   772 D DhcpClient: Receive thread started
01-01 00:00:05.975   299   378 E WifiVendorHal: getWifiLinkLayerStats(l.699) failed {.code = ERROR_NOT_AVAILABLE, .description = }
01-01 00:00:05.979   299   769 D DhcpClient: Broadcasting DHCPDISCOVER
01-01 00:00:06.015   299   772 D DhcpClient: Received packet: b8:27:eb:8a:31:05 OFFER, ip /192.168.1.28, mask /255.255.255.0, DNS servers: /192.168.1.1 , gateways [/192.168.1.1] lease time 7200, domain NC-WR644GACV
01-01 00:00:06.016   299   769 D DhcpClient: Got pending lease: IP address 192.168.1.28/24 Gateway 192.168.1.1  DNS servers: [ 192.168.1.1 ] Domains NC-WR644GACV DHCP server /192.168.1.1 Vendor info null lease 7200 seconds
01-01 00:00:06.057   299   769 D DhcpClient: Broadcasting DHCPREQUEST ciaddr=0.0.0.0 request=192.168.1.28 serverid=192.168.1.1
01-01 00:00:06.075   686   686 V UpdateManager: Service reference initialized
01-01 00:00:06.077   400   437 V UpdateManagementServiceImpl: Adding listener: com.google.android.things.internal.update.IUpdateManagerStatusListener$Stub$Proxy@a5badd
01-01 00:00:06.094   299   772 D DhcpClient: Received packet: b8:27:eb:8a:31:05 ACK: your new IP /192.168.1.28, netmask /255.255.255.0, gateways [/192.168.1.1] DNS servers: /192.168.1.1 , lease time 7200
01-01 00:00:06.095   299   769 D DhcpClient: Confirmed lease: IP address 192.168.1.28/24 Gateway 192.168.1.1  DNS servers: [ 192.168.1.1 ] Domains NC-WR644GACV DHCP server /192.168.1.1 Vendor info null lease 7200 seconds
01-01 00:00:06.101   471   471 E wpa_supplicant: wpa_driver_nl80211_driver_cmd: failed to issue private command: BTCOEXMODE 2
01-01 00:00:06.101   299   378 E SupplicantStaIfaceHal: ISupplicantStaIface.setBtCoexistenceMode failed: FAILURE_UNKNOWN, 
01-01 00:00:06.107   153   212 D CommandListener: Setting iface cfg
01-01 00:00:06.117   299   769 D DhcpClient: Scheduling renewal in 3599s
01-01 00:00:06.117   299   769 D DhcpClient: Scheduling rebind in 6299s
01-01 00:00:06.117   299   769 D DhcpClient: Scheduling expiry in 7199s
01-01 00:00:06.118   686   686 W AndroidThingsLauncher: Could not find AndroidThings.getVersionString()
01-01 00:00:06.118   299   382 D ConnectivityService: NetworkAgentInfo [WIFI () - 100] EVENT_NETWORK_INFO_CHANGED, going from CONNECTING to CONNECTED
01-01 00:00:06.121   299   382 D ConnectivityService: Adding iface wlan0 to network 100
01-01 00:00:06.134   686   781 W AndroidThingsLauncher: Could not find accessibility settings
01-01 00:00:06.142   299   382 D ConnectivityService: Setting DNS servers for network 100 to [/192.168.1.1]
01-01 00:00:06.148   299   317 I WifiService: requestActivityInfo uid=1000
01-01 00:00:06.148   299   317 I WifiService: reportActivityInfo uid=1000
01-01 00:00:06.148   299   317 I WifiService: getSupportedFeatures uid=1000
01-01 00:00:06.159   299   382 I WifiService: getConnectionInfo uid=1000
01-01 00:00:06.160   299   378 E WifiVendorHal: getSupportedFeatureSet(l.891) failed {.code = ERROR_NOT_AVAILABLE, .description = }
01-01 00:00:06.166   299   378 E WifiVendorHal: getSupportedFeatureSet(l.897) failed {.code = ERROR_NOT_AVAILABLE, .description = }
01-01 00:00:06.168   299   382 I WifiService: getConnectionInfo uid=1000
01-01 00:00:06.171   299   382 D ConnectivityService: Switching to new default network: NetworkAgentInfo{ ni{[type: WIFI[], state: CONNECTED/CONNECTED, reason: (unspecified), extra: "TatanWifi2.4", failover: false, available: true, roaming: false]}  network{100}  nethandle{429513165534}  lp{{InterfaceName: wlan0 LinkAddresses: [fe80::2c53:be1c:d00f:e22c/64,192.168.1.28/24,]  Routes: [fe80::/64 -> :: wlan0,192.168.1.0/24 -> 0.0.0.0 wlan0,0.0.0.0/0 -> 192.168.1.1 wlan0,] DnsAddresses: [192.168.1.1,] Domains: NC-WR644GACV MTU: 0 TcpBufferSizes: 524288,1048576,2097152,262144,524288,1048576}}  nc{[ Transports: WIFI Capabilities: NOT_METERED&INTERNET&NOT_RESTRICTED&TRUSTED&NOT_VPN&FOREGROUND LinkUpBandwidth>=1048576Kbps LinkDnBandwidth>=1048576Kbps SignalStrength: -51]}  Score{20}  everValidated{false}  lastValidated{false}  created{true} lingering{false} explicitlySelected{false} acceptUnvalidated{false} everCaptivePortalDetected{false} lastCaptivePortalDetected{false} clat{null} }
01-01 00:00:06.190   749   749 D MediaScannerReceiver: action: android.intent.action.MEDIA_MOUNTED path: /storage/emulated/0
01-01 00:00:06.192   299   378 D WifiNetworkAgent: NetworkAgent: Received signal strength thresholds: []
01-01 00:00:06.192   299   317 E BatteryExternalStatsWorker: no controller energy info supplied for wifi
01-01 00:00:06.196   299   378 E WifiVendorHal: stopRssiMonitoring(l.2156) failed {.code = ERROR_NOT_AVAILABLE, .description = }
01-01 00:00:06.198   299   395 I WifiService: getConnectionInfo uid=1000
01-01 00:00:06.199   299   395 I GnssLocationProvider: WakeLock acquired by sendMessage(INJECT_NTP_TIME, 0, null)
01-01 00:00:06.199   299   395 I GnssLocationProvider: WakeLock acquired by sendMessage(DOWNLOAD_XTRA_DATA, 0, null)
01-01 00:00:06.199   299   395 I GnssLocationProvider: WakeLock acquired by sendMessage(UPDATE_NETWORK_STATE, 0, 100)
01-01 00:00:06.201   299   545 D NetworkTimeUpdateService: New default network 100; checking time.
01-01 00:00:06.206   299   382 D ConnectivityService: Sending CONNECTED broadcast for type 1 NetworkAgentInfo [WIFI () - 100] isDefaultNetwork=true
01-01 00:00:06.269   154   154 I main    : type=1400 audit(0.0:105): avc: denied { getattr } for path="/sys/kernel/debug/tracing/trace_marker" dev="tracefs" ino=47 scontext=u:r:zygote:s0 tcontext=u:object_r:debugfs_tracing:s0 tclass=file permissive=1
01-01 00:00:06.269   198   198 I update_engine: [0101/000006:INFO:common_service.cc(79)] Setting Update Attempt Flags: flags=0x2 RestrictDownload=yes
01-01 00:00:06.272   400   437 D UpdateManagementServiceImpl: Update policy prefs stored.
01-01 00:00:06.279   800   800 I main    : type=1400 audit(0.0:106): avc: denied { write } for name="trace_marker" dev="tracefs" ino=47 scontext=u:r:zygote:s0 tcontext=u:object_r:debugfs_tracing:s0 tclass=file permissive=1
01-01 00:00:06.279   800   800 I main    : type=1400 audit(0.0:107): avc: denied { open } for path="/sys/kernel/debug/tracing/trace_marker" dev="tracefs" ino=47 scontext=u:r:zygote:s0 tcontext=u:object_r:debugfs_tracing:s0 tclass=file permissive=1
01-01 00:00:06.294   299   445 I ActivityManager: Start proc 800:com.google.android.gms.nearby.connection/u0a10 for service com.google.android.gms/.nearby.connection.service.NearbyConnectionsAndroidService
01-01 00:00:06.306   299   314 W TelecomManager: Telecom Service not found.
01-01 00:00:06.322   299   299 I ActivityManager: Start proc 808:com.google.android.things.customcheckin/1000 for broadcast com.google.android.things.customcheckin/.BootReceiver
01-01 00:00:06.323   299   807 I RecoverySystem: No recovery log file
01-01 00:00:06.329   299   353 D WifiService: setWifiEnabled: true pid=686, uid=10035, package=com.android.iotlauncher.ota
01-01 00:00:06.329   299   353 I WifiService: setWifiEnabled package=com.android.iotlauncher.ota uid=10035 enable=true
01-01 00:00:06.351   299   807 I BootReceiver: Copying audit failures to DropBox
01-01 00:00:06.353   299   807 I BootReceiver: Checking for fsck errors
01-01 00:00:06.356   299   807 I BootReceiver: fs_stat, partition:vendor_a stat:0x1
01-01 00:00:06.357   299   807 I BootReceiver: fs_stat, partition:userdata stat:0xb
01-01 00:00:06.357   299   807 I BootReceiver: fs_stat, partition:oem_a stat:0x3
01-01 00:00:06.379   807   807 I Thread-13: type=1400 audit(0.0:108): avc: denied { write } for name="timerslack_ns" dev="proc" ino=11935 scontext=u:r:system_server:s0 tcontext=u:r:mediaprovider:s0:c512,c768 tclass=file permissive=1
01-01 00:00:06.387   686   686 W AndroidThingsLauncher: Could not find AndroidThings.getVersionString()
01-01 00:00:06.429   591   591 I Binder:299_6: type=1400 audit(0.0:109): avc: denied { write } for name="timerslack_ns" dev="proc" ino=11187 scontext=u:r:system_server:s0 tcontext=u:r:CustomCheckin:s0 tclass=file permissive=1
01-01 00:00:06.429   591   591 I Binder:299_6: type=1400 audit(0.0:110): avc: denied { ptrace } for scontext=u:r:system_server:s0 tcontext=u:r:CustomCheckin:s0 tclass=process permissive=1
01-01 00:00:06.458   299   386 D NotificationSQLiteLog: Pruned event entries: 0
01-01 00:00:06.466   800   800 I zygote  : The ClassLoaderContext is a special shared library.
01-01 00:00:06.469   808   808 I s.customcheckin: type=1400 audit(0.0:111): avc: denied { getattr } for path="/data/data/com.google.android.things.customcheckin" dev="mmcblk0p19" ino=727 scontext=u:r:CustomCheckin:s0 tcontext=u:object_r:system_app_data_file:s0 tclass=dir permissive=1
01-01 00:00:06.470   800   800 I zygote  : The ClassLoaderContext is a special shared library.
01-01 00:00:06.473   299   310 I ActivityManager: Start proc 835:com.google.process.gservices/u0a10 for content provider com.google.android.gsf/.gservices.GservicesProvider
01-01 00:00:06.480   808   808 I zygote  : The ClassLoaderContext is a special shared library.
01-01 00:00:06.484   800   800 I zygote  : The ClassLoaderContext is a special shared library.
01-01 00:00:06.511   299   784 D NetworkMonitor/NetworkAgentInfo [WIFI () - 100]: PROBE_DNS www.google.com 329ms OK 64.233.186.106
01-01 00:00:06.549   808   808 D BootReceiver: Received intent android.intent.action.BOOT_COMPLETED
01-01 00:00:06.595   808   808 I BootReceiver: Extracted model ID from file: h1ffkm
01-01 00:00:06.600   299   785 D NetworkMonitor/NetworkAgentInfo [WIFI () - 100]: PROBE_DNS connectivitycheck.gstatic.com 410ms OK 172.217.192.94
01-01 00:00:06.642   299   785 D NetworkMonitor/NetworkAgentInfo [WIFI () - 100]: PROBE_HTTP http://connectivitycheck.gstatic.com/generate_204 time=33ms ret=204 request={User-Agent=[Mozilla/5.0 (X11; Linux x86_64) AppleWebKit/537.36 (KHTML, like Gecko) Chrome/60.0.3112.32 Safari/537.36]} headers={null=[HTTP/1.1 204 No Content], Content-Length=[0], Date=[Wed, 04 Sep 2019 04:13:17 GMT], X-Android-Received-Millis=[1230768006641], X-Android-Response-Source=[NETWORK 204], X-Android-Selected-Protocol=[http/1.1], X-Android-Sent-Millis=[1230768006636]}
01-01 00:00:06.647   835   835 I zygote  : The ClassLoaderContext is a special shared library.
01-01 00:00:06.655   173   235 D gralloc : Registering a buffer in the process that created it. This may cause memory ordering problems.
01-01 00:00:06.661   686   686 D vndksupport: Loading /vendor/lib/hw/android.hardware.graphics.mapper@2.0-impl.so from current namespace instead of sphal namespace.
01-01 00:00:06.683   686   686 D OpenGLRenderer: HWUI GL Pipeline
01-01 00:00:06.698   299   784 D NetworkMonitor/NetworkAgentInfo [WIFI () - 100]: PROBE_HTTPS https://www.google.com/generate_204 Probe failed with exception javax.net.ssl.SSLHandshakeException: Unacceptable certificate: CN=GTS CA 1O1, O=Google Trust Services, C=US
01-01 00:00:06.728   299   321 I ActivityManager: Displayed com.android.iotlauncher.ota/com.google.android.things.iotlauncher.app.DefaultIoTLauncher: +1s645ms
01-01 00:00:06.729   299   767 D NetworkMonitor/NetworkAgentInfo [WIFI () - 100]: PROBE_FALLBACK http://www.google.com/gen_204 time=28ms ret=204 request={User-Agent=[Mozilla/5.0 (X11; Linux x86_64) AppleWebKit/537.36 (KHTML, like Gecko) Chrome/60.0.3112.32 Safari/537.36]} headers={null=[HTTP/1.1 204 No Content], Content-Length=[0], Content-Type=[text/html; charset=UTF-8], Date=[Wed, 04 Sep 2019 04:13:18 GMT], P3P=[CP="This is not a P3P policy! See g.co/p3phelp for more info."], Server=[gws], Set-Cookie=[1P_JAR=2019-09-04-04; expires=Fri, 04-Oct-2019 04:13:18 GMT; path=/; domain=.google.com; SameSite=none, NID=188=mkaNC0a4mZF1zevtB7LviqncDm3V5dJQ9qAbMjqPCB2Z12HYltje1yaFNTcjOM7XUNMY8Bq0L-ONu2QXEsc3ZL9k-pFKaVng-VLHwhknyL9uLy49dbwYbpfGZwFSsO2uUxWhMgYZrhZv7GHIroHajXc61YagiLX3IMUQrJ-UPe4; expires=Thu, 05-Mar-2020 04:13:18 GMT; path=/; domain=.google.com; HttpOnly], X-Android-Received-Millis=[1230768006727], X-Android-Response-Source=[NETWORK 204], X-Android-Selected-Protocol=[http/1.1], X-Android-Sent-Millis=[1230768006712], X-Frame-Options=[SAMEORIGIN], X-XSS-Protection=[0]}
