01-01 00:00:06.731   299   382 D ConnectivityService: NetworkAgentInfo [WIFI () - 100] validation failed
09-04 04:13:18.046   853   853 I update_engine_c: type=1400 audit(0.0:112): avc: denied { read } for name="misc" dev="proc" ino=4026532771 scontext=u:r:CustomCheckin:s0 tcontext=u:object_r:proc_misc:s0 tclass=file permissive=1
09-04 04:13:18.046   853   853 I update_engine_c: type=1400 audit(0.0:113): avc: denied { open } for path="/proc/misc" dev="proc" ino=4026532771 scontext=u:r:CustomCheckin:s0 tcontext=u:object_r:proc_misc:s0 tclass=file permissive=1
09-04 04:13:18.046   853   853 I update_engine_c: type=1400 audit(0.0:114): avc: denied { getattr } for path="/proc/misc" dev="proc" ino=4026532771 scontext=u:r:CustomCheckin:s0 tcontext=u:object_r:proc_misc:s0 tclass=file permissive=1
09-04 04:13:18.055   154   154 I main    : type=1400 audit(0.0:115): avc: denied { getattr } for path="/sys/kernel/debug/tracing/trace_marker" dev="tracefs" ino=47 scontext=u:r:zygote:s0 tcontext=u:object_r:debugfs_tracing:s0 tclass=file permissive=1
01-01 00:00:06.732   299   378 D WifiStateMachine: NETWORK_STATUS_UNWANTED_VALIDATION_FAILED
01-01 00:00:06.736   173   173 D gralloc : Registering a buffer in the process that created it. This may cause memory ordering problems.
01-01 00:00:06.742   835   835 I GservicesProvider: Gservices pushing to system: true; secure/global: true
01-01 00:00:06.763   299   545 D SntpClient: round trip: 147ms, clock offset: 336802391283ms
01-01 00:00:06.765   299   545 D AlarmManagerService: Setting time of day to sec=1567570398
09-04 04:13:18.046   299   545 W AlarmManagerService: Unable to set rtc to 1567570398: No such device
09-04 04:13:18.048   299   299 D ConditionProviders.SCP: onReceive android.intent.action.TIME_SET
09-04 04:13:18.056   299   299 D ConditionProviders.SCP: notifyCondition condition://android/schedule?days=6.7&start=23.30&end=10.0&exitAtAlarm=false STATE_FALSE reason=!meetsSchedule
09-04 04:13:18.056   299   299 D ConditionProviders.SCP: notifyCondition condition://android/schedule?days=1.2.3.4.5&start=22.0&end=7.0&exitAtAlarm=false STATE_TRUE reason=meetsSchedule
09-04 04:13:18.056   299   375 D SntpClient: round trip: 160ms, clock offset: 336802391276ms
09-04 04:13:18.057   299   299 D ConditionProviders.SCP: Scheduling evaluate for Wed Sep 04 07:00:00 GMT+00:00 2019 (1567580400000), in +2h46m41s952ms, now=Wed Sep 04 04:13:18 GMT+00:00 2019 (1567570398048)
09-04 04:13:18.058   299   299 D ConditionProviders.SCP: onReceive ScheduleConditionProvider.EVALUATE
09-04 04:13:18.059   299   299 D ConditionProviders.SCP: notifyCondition condition://android/schedule?days=6.7&start=23.30&end=10.0&exitAtAlarm=false STATE_FALSE reason=!meetsSchedule
09-04 04:13:18.059   299   299 D ConditionProviders.SCP: notifyCondition condition://android/schedule?days=1.2.3.4.5&start=22.0&end=7.0&exitAtAlarm=false STATE_TRUE reason=meetsSchedule
09-04 04:13:18.061   299   299 D ConditionProviders.SCP: Scheduling evaluate for Wed Sep 04 07:00:00 GMT+00:00 2019 (1567580400000), in +2h46m41s942ms, now=Wed Sep 04 04:13:18 GMT+00:00 2019 (1567570398058)
09-04 04:13:18.075   858   858 I main    : type=1400 audit(0.0:116): avc: denied { write } for name="trace_marker" dev="tracefs" ino=47 scontext=u:r:zygote:s0 tcontext=u:object_r:debugfs_tracing:s0 tclass=file permissive=1
09-04 04:13:18.075   858   858 I main    : type=1400 audit(0.0:117): avc: denied { open } for path="/sys/kernel/debug/tracing/trace_marker" dev="tracefs" ino=47 scontext=u:r:zygote:s0 tcontext=u:object_r:debugfs_tracing:s0 tclass=file permissive=1
09-04 04:13:18.079   853   853 I update_engine_client: [0904/041318:INFO:update_engine_client.cc(440)] Current Channel: stable-channel
09-04 04:13:18.079   808   808 I BootReceiver: Extracted current label from: [0904/041318:INFO:update_engine_client.cc(440)] Current Channel: stable-channel
09-04 04:13:18.080   299   375 I WifiService: getConnectionInfo uid=1000
09-04 04:13:18.082   808   808 I BootReceiver: Set ro.oem.key1 value to h1ffkm/stable/16
09-04 04:13:18.083   853   853 I update_engine_client: [0904/041318:INFO:update_engine_client.cc(443)] Target Channel (pending update): stable-channel
09-04 04:13:18.085   808   808 I BootReceiver: Has GMS Core? true
09-04 04:13:18.095   173   235 D gralloc : Registering a buffer in the process that created it. This may cause memory ordering problems.
09-04 04:13:18.097   299   388 I ActivityManager: Start proc 858:com.android.providers.calendar/u0a2 for content provider com.android.providers.calendar/.CalendarProvider2
09-04 04:13:18.102   645   645 I AlarmClock: AlarmInitReceiver android.intent.action.BOOT_COMPLETED
09-04 04:13:18.126   173   369 D gralloc : Registering a buffer in the process that created it. This may cause memory ordering problems.
09-04 04:13:18.133   645   735 I AlarmClock: Fixing alarm instances
09-04 04:13:18.133   173   173 D gralloc : Registering a buffer in the process that created it. This may cause memory ordering problems.
09-04 04:13:18.147   645   735 V AlarmClock: AlarmInitReceiver finished
09-04 04:13:18.166   173   173 D gralloc : Registering a buffer in the process that created it. This may cause memory ordering problems.
09-04 04:13:18.173   472   472 I SystemBroadcastReceiver: Boot has been completed
09-04 04:13:18.173   472   472 I SystemBroadcastReceiver: toggleAppIcon() : FLAG_SYSTEM = true
09-04 04:13:18.257   299   311 I ActivityManager: Start proc 873:com.android.managedprovisioning/u0a11 for broadcast com.android.managedprovisioning/.preprovisioning.BootReminder
09-04 04:13:18.259   299   382 I WifiService: getConnectionInfo uid=1000
09-04 04:13:18.272   472   472 I LatinIME: Timeout waiting for dictionary load
09-04 04:13:18.297   858   858 I zygote  : The ClassLoaderContext is a special shared library.
09-04 04:13:18.310   858   858 I chatty  : uid=10002(com.android.providers.calendar) identical 1 line
09-04 04:13:18.328   858   858 I zygote  : The ClassLoaderContext is a special shared library.
09-04 04:13:18.395   591   591 I Binder:299_6: type=1400 audit(0.0:118): avc: denied { ptrace } for scontext=u:r:system_server:s0 tcontext=u:r:platform_app:s0:c512,c768 tclass=process permissive=1
09-04 04:13:18.459   873   873 I zygote  : The ClassLoaderContext is a special shared library.
09-04 04:13:18.470   858   858 I CalendarProvider2: Created com.android.providers.calendar.CalendarAlarmManager@3eeac84(com.android.providers.calendar.CalendarProvider2@747dc6d)
09-04 04:13:18.554   299   310 I ActivityManager: Start proc 893:com.android.onetimeinitializer/u0a12 for broadcast com.android.onetimeinitializer/.OneTimeInitializerReceiver
09-04 04:13:18.580   686   698 I zygote  : Do partial code cache collection, code=20KB, data=29KB
09-04 04:13:18.583   686   698 I zygote  : After code cache collection, code=18KB, data=28KB
09-04 04:13:18.583   686   698 I zygote  : Increasing code cache capacity to 128KB
09-04 04:13:18.619   299   313 I GnssLocationProvider: WakeLock acquired by handleInjectNtpTime()
09-04 04:13:18.621   299   313 I GnssLocationProvider: WakeLock released by handleMessage(INJECT_NTP_TIME, 0, null)
09-04 04:13:18.621   299   313 D GnssLocationProvider: handleDownloadXtraData() called when Xtra not supported
09-04 04:13:18.622   299   313 I GnssLocationProvider: WakeLock released by handleMessage(DOWNLOAD_XTRA_DATA, 0, null)
09-04 04:13:18.623   299   313 I GnssLocationProvider: WakeLock released by handleMessage(UPDATE_NETWORK_STATE, 0, 100)
09-04 04:13:18.625   353   353 I Binder:299_3: type=1400 audit(0.0:119): avc: denied { ptrace } for scontext=u:r:system_server:s0 tcontext=u:r:priv_app:s0:c512,c768 tclass=process permissive=1
09-04 04:13:18.626   299   904 I GnssLocationProvider: WakeLock acquired by sendMessage(INJECT_NTP_TIME_FINISHED, 0, null)
09-04 04:13:18.626   299   904 I GnssLocationProvider: WakeLock released by handleInjectNtpTime()
09-04 04:13:18.627   299   313 I UsageStatsService: Time changed in UsageStats by 336802391 seconds
09-04 04:13:18.628   299   313 I UsageStatsService: User[0] Flushing usage stats to disk
09-04 04:13:18.675   893   893 I zygote  : The ClassLoaderContext is a special shared library.
09-04 04:13:18.727   893   893 V OneTimeInitializerReceiver: OneTimeInitializerReceiver.onReceive
09-04 04:13:18.746   299   313 I UsageStatsDatabase: Time changed by +3898d4h13m11s281ms. files deleted: 0 files moved: 4
09-04 04:13:18.775   299   313 I UsageStatsService: User[0] Rollover scheduled @ 2019-09-05 04:13:11(1567656791783)
09-04 04:13:18.814   299   313 I GnssLocationProvider: WakeLock released by handleMessage(INJECT_NTP_TIME_FINISHED, 0, null)
09-04 04:13:18.819   299   311 I ActivityManager: Start proc 913:com.android.packageinstaller/u0a15 for broadcast com.android.packageinstaller/.TemporaryFileManager
09-04 04:13:18.905   299   305 I zygote  : Background concurrent copying GC freed 42091(2MB) AllocSpace objects, 27(1384KB) LOS objects, 42% free, 5MB/10MB, paused 262us total 236.674ms
09-04 04:13:18.939   749   790 V MediaProvider: pruneThumbnails 
09-04 04:13:18.958   800   800 W linker  : "/data/user_de/0/com.google.android.gms/app_extracted_libs/armeabi-v7a/libconscrypt_gmscore_jni.so" unused DT entry: type 0xf arg 0x1dc
09-04 04:13:18.958   737   737 W linker  : "/data/user_de/0/com.google.android.gms/app_extracted_libs/armeabi-v7a/libconscrypt_gmscore_jni.so" unused DT entry: type 0xf arg 0x1dc
09-04 04:13:18.961   749   790 V MediaProvider: /pruneDeadThumbnailFiles... 
09-04 04:13:18.965   913   913 I zygote  : The ClassLoaderContext is a special shared library.
09-04 04:13:19.016   299   928 D NetworkMonitor/NetworkAgentInfo [WIFI () - 100]: PROBE_DNS www.google.com 1ms OK 64.233.186.106
09-04 04:13:19.021   299   929 D NetworkMonitor/NetworkAgentInfo [WIFI () - 100]: PROBE_DNS connectivitycheck.gstatic.com 1ms OK 172.217.192.94
09-04 04:13:19.035   299   929 D NetworkMonitor/NetworkAgentInfo [WIFI () - 100]: PROBE_HTTP http://connectivitycheck.gstatic.com/generate_204 time=11ms ret=204 request={User-Agent=[Mozilla/5.0 (X11; Linux x86_64) AppleWebKit/537.36 (KHTML, like Gecko) Chrome/60.0.3112.32 Safari/537.36]} headers={null=[HTTP/1.1 204 No Content], Content-Length=[0], Date=[Wed, 04 Sep 2019 04:13:19 GMT], X-Android-Received-Millis=[1567570399034], X-Android-Response-Source=[NETWORK 204], X-Android-Selected-Protocol=[http/1.1], X-Android-Sent-Millis=[1567570399023]}
09-04 04:13:19.072   737   737 V NativeCrypto: Registering com/google/android/gms/org/conscrypt/NativeCrypto's 279 native methods...
09-04 04:13:19.072   800   800 V NativeCrypto: Registering com/google/android/gms/org/conscrypt/NativeCrypto's 279 native methods...
09-04 04:13:19.118   686   698 I zygote  : Do partial code cache collection, code=53KB, data=50KB
09-04 04:13:19.121   686   698 I zygote  : After code cache collection, code=53KB, data=50KB
09-04 04:13:19.121   686   698 I zygote  : Increasing code cache capacity to 256KB
09-04 04:13:19.159   299   928 D NetworkMonitor/NetworkAgentInfo [WIFI () - 100]: PROBE_HTTPS https://www.google.com/generate_204 time=140ms ret=204 request={User-Agent=[Mozilla/5.0 (X11; Linux x86_64) AppleWebKit/537.36 (KHTML, like Gecko) Chrome/60.0.3112.32 Safari/537.36]} headers={null=[HTTP/1.1 204 No Content], Alt-Svc=[quic=":443"; ma=2592000; v="46,43,39"], Content-Length=[0], Date=[Wed, 04 Sep 2019 04:13:19 GMT], X-Android-Received-Millis=[1567570399158], X-Android-Response-Source=[NETWORK 204], X-Android-Selected-Protocol=[http/1.1], X-Android-Sent-Millis=[1567570399150]}
09-04 04:13:19.160   299   382 D ConnectivityService: NetworkAgentInfo [WIFI () - 100] validation passed
09-04 04:13:19.182   737   737 D NetworkSecurityConfig: No Network Security Config specified, using platform default
09-04 04:13:19.186   737   737 I ProviderInstaller: Installed default security provider GmsCore_OpenSSL
09-04 04:13:19.186   800   800 D NetworkSecurityConfig: No Network Security Config specified, using platform default
09-04 04:13:19.188   456   631 I bt_hwcfg: bt vendor lib: set UART baud 115200
09-04 04:13:19.188   456   631 I bt_hwcfg: Setting fw settlement delay to 200 
09-04 04:13:19.189   800   800 I ProviderInstaller: Installed default security provider GmsCore_OpenSSL
09-04 04:13:19.230   299   382 I WifiService: getConnectionInfo uid=1000
09-04 04:13:19.331   800   934 I zygote  : Deoptimizing boolean lel.a(android.content.Context, java.io.File) due to JIT inline cache
09-04 04:13:19.397   456   631 I bt_hwcfg: bt vendor lib: set UART baud 460800
09-04 04:13:19.397   456   631 I bt_hwcfg: Setting local bd addr to 22:22:14:F7:A8:70
09-04 04:13:19.398   456   631 I bt_hwcfg: vendor lib fwcfg completed
09-04 04:13:19.398   456   631 D android.hardware.bluetooth@1.0-impl: OnFirmwareConfigured result: 0
09-04 04:13:19.398   456   631 I android.hardware.bluetooth@1.0-impl: Firmware configured in 3.707s
09-04 04:13:19.399   456   631 I android.hardware.bluetooth@1.0-impl: OnFirmwareConfigured: lpm_timeout_ms 1500
09-04 04:13:19.399   456   622 I bt_hci  : event_finish_startup
09-04 04:13:19.399   456   631 D android.hardware.bluetooth@1.0-impl: OnFirmwareConfigured Calling StartLowPowerWatchdog()
09-04 04:13:19.399   456   569 I bt_core_module: module_start_up Started module "hci_module"
09-04 04:13:19.400   456   631 D android.hardware.bluetooth@1.0-impl: low_power_mode_cb result: 0
09-04 04:13:19.406   456   939 I bt_osi_thread: run_thread: thread id 939, thread name bt_workqueue started
09-04 04:13:19.406   456   939 I         : [0904/041319:INFO:btu_task.cc(107)] Bluetooth chip preload is complete
09-04 04:13:19.434   456   939 I         : [0904/041319:INFO:gatt_api.cc(1004)] GATT_Register
09-04 04:13:19.446   456   939 I         : [0904/041319:INFO:gatt_api.cc(1027)] allocated gatt_if=1
09-04 04:13:19.447   456   939 I         : [0904/041319:INFO:gatt_api.cc(207)] GATTS_AddService
09-04 04:13:19.447   456   939 I         : [0904/041319:INFO:gatt_api.cc(317)] GATTS_AddService: service parsed correctly, now starting
09-04 04:13:19.447   456   939 E         : [0904/041319:ERROR:gatt_attr.cc(301)] gatt_profile_db_init:  gatt_if=1
09-04 04:13:19.450   749   931 W MediaScanner: Error opening directory '/oem/media/', skipping: No such file or directory.
09-04 04:13:19.457   456   939 I         : [0904/041319:INFO:gatt_api.cc(1004)] GATT_Register
09-04 04:13:19.457   456   939 I         : [0904/041319:INFO:gatt_api.cc(1027)] allocated gatt_if=2
09-04 04:13:19.457   456   939 I         : [0904/041319:INFO:gatt_api.cc(207)] GATTS_AddService
09-04 04:13:19.458   456   939 I         : [0904/041319:INFO:gatt_api.cc(317)] GATTS_AddService: service parsed correctly, now starting
09-04 04:13:19.459   456   940 I bt_osi_thread: run_thread: thread id 940, thread name btu message loop started
09-04 04:13:19.460   456   941 I bt_osi_thread: run_thread: thread id 941, thread name module_wrapper started
09-04 04:13:19.460   456   941 I bt_core_module: module_start_up Starting module "controller_module"
09-04 04:13:19.531   749   931 V MediaProvider: pruneThumbnails 
09-04 04:13:19.541   749   931 V MediaProvider: /pruneDeadThumbnailFiles... 
09-04 04:13:19.631   299   311 I ActivityManager: Start proc 948:com.google.process.gapps/u0a10 for content provider com.google.android.gsf/.settings.GoogleSettingsProvider
09-04 04:13:19.653   456   941 I bt_core_module: module_start_up Started module "controller_module"
09-04 04:13:19.654   456   941 W bt_osi_thread: run_thread: thread id 941, thread name module_wrapper exited
09-04 04:13:19.655   456   939 W bt_btm  : btm_decode_ext_features_page: feature page 1 ignored
09-04 04:13:19.655   456   939 W bt_btm  : btm_decode_ext_features_page: feature page 2 ignored
09-04 04:13:19.656   456   940 I bt_btm_sec: BTM_SecRegister p_cb_info->p_le_callback == 0x0x917a8d5d
09-04 04:13:19.656   456   940 I bt_btm_sec: BTM_SecRegister btm_cb.api.p_le_callback = 0x0x917a8d5d 
09-04 04:13:19.656   456   940 I bt_stack: [INFO:ble_advertiser_hci_interface.cc(748)] Legacy advertising will be in use
09-04 04:13:19.666   456   940 I bt_stack: [INFO:gatt_api.cc(1004)] GATT_Register
09-04 04:13:19.666   456   940 I bt_stack: [INFO:gatt_api.cc(1027)] allocated gatt_if=3
09-04 04:13:19.690   456   580 E bt_btif_storage: btif_storage_get_adapter_property: Controller ready!
09-04 04:13:19.690   456   580 I bt_btif_storage: btif_storage_get_adapter_property service_mask:0x20000000
09-04 04:13:19.695   456   580 D BluetoothAdapterProperties: Address is:22:22:14:F7:A8:70
09-04 04:13:19.709   299   299 D BluetoothManagerService: Bluetooth Adapter address changed to 22:22:14:F7:A8:70
09-04 04:13:19.709   299   299 D BluetoothManagerService: Stored Bluetoothaddress: 22:22:14:F7:A8:70
09-04 04:13:19.717   456   580 D BluetoothAdapterProperties: Name is: IjFMTDSb-akAAAAAAAAAg0FRQUFBQUFBQUFBQkFBRUJBQUJrVUJoeWNHa3pJQzBnUkdWMlpXeHZjRzFsYm5RZ1FtOWhjbVFBQUFBQUFBQUFBQUFBQUFBQUFBQUFBQUFBQUFBQUFBQUFBQUFBQUFBQUFBQUFBQUFBQUFBQUFBQUFBQUFBQUFBQUFBQUFBQUFBQUFB
09-04 04:13:19.721   456   580 D BluetoothAdapterProperties: Scan Mode:20
09-04 04:13:19.722   456   580 D BluetoothAdapterProperties: Discoverable Timeout:120
09-04 04:13:19.722   299   299 D BluetoothManagerService: Bluetooth Adapter name changed to IjFMTDSb-akAAAAAAAAAg0FRQUFBQUFBQUFBQkFBRUJBQUJrVUJoeWNHa3pJQzBnUkdWMlpXeHZjRzFsYm5RZ1FtOWhjbVFBQUFBQUFBQUFBQUFBQUFBQUFBQUFBQUFBQUFBQUFBQUFBQUFBQUFBQUFBQUFBQUFBQUFBQUFBQUFBQUFBQUFBQUFBQUFBQUFBQUFB
09-04 04:13:19.722   299   299 D BluetoothManagerService: Stored Bluetooth name: IjFMTDSb-akAAAAAAAAAg0FRQUFBQUFBQUFBQkFBRUJBQUJrVUJoeWNHa3pJQzBnUkdWMlpXeHZjRzFsYm5RZ1FtOWhjbVFBQUFBQUFBQUFBQUFBQUFBQUFBQUFBQUFBQUFBQUFBQUFBQUFBQUFBQUFBQUFBQUFBQUFBQUFBQUFBQUFBQUFBQUFBQUFBQUFBQUFB
09-04 04:13:19.723   456   580 I bt_btif_core: btif_enable_bluetooth_evt entered: status 0
09-04 04:13:19.741   456   964 I bt_osi_thread: run_thread: thread id 964, thread name btif_sock started
09-04 04:13:19.748   456   580 D bt_bte_conf: Device ID record 1 : primary
09-04 04:13:19.749   456   580 D bt_bte_conf:   vendorId            = 000f
09-04 04:13:19.749   456   580 D bt_bte_conf:   vendorIdSource      = 0001
09-04 04:13:19.749   456   580 D bt_bte_conf:   product             = 1200
09-04 04:13:19.749   456   580 D bt_bte_conf:   version             = 1436
09-04 04:13:19.749   456   580 D bt_bte_conf:   clientExecutableURL = 
09-04 04:13:19.749   456   580 D bt_bte_conf:   serviceDescription  = 
09-04 04:13:19.749   456   580 D bt_bte_conf:   documentationURL    = 
09-04 04:13:19.749   456   580 D bt_bte_conf: bte_load_did_conf no section named DID2.
09-04 04:13:19.750   456   580 I bt_btif_core: btif_enable_bluetooth_evt finished
09-04 04:13:19.750   456   569 I bt_stack_manager: event_start_up_stack finished
09-04 04:13:19.757   456   567 V BluetoothAdapterState: PendingCommand - transient state(s): isBleTurningOn
09-04 04:13:19.758   456   567 D BluetoothAdapterState: Current state: PENDING_COMMAND, message: 3
09-04 04:13:19.758   456   567 D BluetoothAdapterProperties: Setting state to 15
09-04 04:13:19.758   456   567 I BluetoothAdapterState: Bluetooth adapter state changed: 14-> 15
09-04 04:13:19.758   456   567 D BluetoothAdapterService: updateAdapterState() - Broadcasting state to 1 receivers.
09-04 04:13:19.758   299   320 D BluetoothManagerService: MESSAGE_BLUETOOTH_STATE_CHANGE: BLE_TURNING_ON > BLE_ON
09-04 04:13:19.759   299   320 D BluetoothManagerService: Bluetooth is in LE only mode
09-04 04:13:19.759   299   320 D BluetoothManagerService: Binding Bluetooth GATT service
09-04 04:13:19.759   456   567 I BluetoothAdapterState: Entering BleOnState
09-04 04:13:19.762   299   320 D BluetoothManagerService: Sending BLE State Change: BLE_TURNING_ON > BLE_ON
09-04 04:13:19.762   299   299 D BluetoothManagerService: BluetoothServiceConnection: com.android.bluetooth.gatt.GattService
09-04 04:13:19.762   299   320 D BluetoothManagerService: MESSAGE_BLUETOOTH_SERVICE_CONNECTED: 2
09-04 04:13:19.764   299   320 D BluetoothManagerService: BluetoothGatt Service is Up
09-04 04:13:19.766   299   320 D BluetoothManagerService: Persisting Bluetooth Setting: 1
09-04 04:13:19.770   456   567 D BluetoothAdapterState: Current state: BLE ON, message: 1
09-04 04:13:19.771   456   567 D BluetoothAdapterProperties: Setting state to 11
09-04 04:13:19.771   456   567 I BluetoothAdapterState: Bluetooth adapter state changed: 15-> 11
09-04 04:13:19.771   456   567 D BluetoothAdapterService: updateAdapterState() - Broadcasting state to 1 receivers.
09-04 04:13:19.772   299   320 D BluetoothManagerService: MESSAGE_BLUETOOTH_STATE_CHANGE: BLE_ON > TURNING_ON
09-04 04:13:19.772   299   320 D BluetoothManagerService: Sending BLE State Change: BLE_ON > TURNING_ON
09-04 04:13:19.772   456   567 D BluetoothAdapterService: startCoreServices()
09-04 04:13:19.772   456   567 D BluetoothAdapterService: setProfileServiceState() - Starting service com.android.bluetooth.a2dpsink.A2dpSinkService
09-04 04:13:19.776   456   567 D BluetoothAdapterService: setProfileServiceState() - Starting service com.android.bluetooth.hid.HidService
09-04 04:13:19.779   456   567 D BluetoothAdapterService: setProfileServiceState() - Starting service com.android.bluetooth.hdp.HealthService
09-04 04:13:19.780   456   456 D BluetoothAdapterService: getAdapterService() - returning com.android.bluetooth.btservice.AdapterService@1e91133
09-04 04:13:19.780   410   410 D BluetoothA2dpSink: Proxy object connected
09-04 04:13:19.781   456   456 D A2dpSinkService: Received start request. Starting profile...
09-04 04:13:19.781   456   456 D A2dpSinkService: start()
09-04 04:13:19.782   410   410 V com.google.android.things.internal.bluetooth.ProfileConnectionsManager: Connected: Profile - 11 class android.bluetooth.BluetoothA2dpSink
09-04 04:13:19.790   456   456 I BluetoothA2dpSinkServiceJni: classInitNative: succeeds
09-04 04:13:19.790   456   456 D A2dpSinkStateMachine: make
09-04 04:13:19.791   456   567 D BluetoothAdapterService: setProfileServiceState() - Starting service com.android.bluetooth.pan.PanService
09-04 04:13:19.799   456   567 D BluetoothAdapterService: setProfileServiceState() - Starting service com.android.bluetooth.hfpclient.HeadsetClientService
09-04 04:13:19.809   456   567 D BluetoothAdapterService: setProfileServiceState() - Starting service com.android.bluetooth.avrcpcontroller.AvrcpControllerService
09-04 04:13:19.809   456   456 I bt_btif : get_profile_interface: id = a2dp_sink
09-04 04:13:19.811   456   967 I bt_osi_thread: run_thread: thread id 967, thread name btif_a2dp_sink_w started
09-04 04:13:19.812   456   567 D BluetoothAdapterService: setProfileServiceState() - Starting service com.android.bluetooth.sap.SapService
09-04 04:13:19.812   456   456 D a2dp_codec: init
09-04 04:13:19.812   456   456 D a2dp_codec: createCodec: codec SBC
09-04 04:13:19.812   456   456 D a2dp_codec: createCodec: codec AAC
09-04 04:13:19.812   456   456 D a2dp_codec: createCodec: codec aptX
09-04 04:13:19.813   456   940 I bt_bta_av: AVRCP version used for sdp: "avrcp14"
09-04 04:13:19.814   456   456 E a2dp_vendor_aptx_encoder: A2DP_VendorLoadEncoderAptx: cannot open aptX encoder library libaptX_encoder.so: dlopen failed: library "libaptX_encoder.so" not found
09-04 04:13:19.814   456   456 E a2dp_vendor_aptx: init: cannot load the encoder
09-04 04:13:19.814   456   580 I bt_btif_storage: btif_storage_get_adapter_property service_mask:0x20040000
09-04 04:13:19.814   456   456 D a2dp_codec: createCodec: codec aptX-HD
09-04 04:13:19.814   456   580 E bt_btif : btif_sm_dispatch : Invalid handle
09-04 04:13:19.815   456   580 E bt_btif : btif_sm_dispatch : Invalid handle
09-04 04:13:19.816   456   567 D BluetoothAdapterService: setProfileServiceState() - Starting service com.android.bluetooth.pbapclient.PbapClientService
09-04 04:13:19.819   456   456 E a2dp_vendor_aptx_hd_encoder: A2DP_VendorLoadEncoderAptxHd: cannot open aptX-HD encoder library libaptXHD_encoder.so: dlopen failed: library "libaptXHD_encoder.so" not found
09-04 04:13:19.819   456   456 E a2dp_vendor_aptx_hd: init: cannot load the encoder
09-04 04:13:19.820   456   456 D a2dp_codec: createCodec: codec LDAC
09-04 04:13:19.829   456   567 D BluetoothAdapterService: setProfileServiceState() - Starting service com.android.bluetooth.mapclient.MapClientService
09-04 04:13:19.832   456   567 D BluetoothAdapterService: setProfileServiceState() - Starting service com.android.bluetooth.pbap.BluetoothPbapService
09-04 04:13:19.841   456   567 I BluetoothAdapterState: Entering PendingCommandState
09-04 04:13:19.842   948   948 I zygote  : The ClassLoaderContext is a special shared library.
09-04 04:13:19.848   456   456 D a2dp_codec: createCodec: codec SBC SINK
09-04 04:13:19.848   456   456 I a2dp_codec: init: initialized Source codec LDAC
09-04 04:13:19.848   456   456 I a2dp_codec: init: initialized Source codec AAC
09-04 04:13:19.848   456   456 I a2dp_codec: init: initialized Source codec SBC
09-04 04:13:19.849   456   456 I a2dp_codec: init: initialized Sink codec SBC(Sink)
09-04 04:13:19.849   456   456 W bt_btif : ## ON A2DP IDLE ## peer_sep = 0
09-04 04:13:19.849   456   580 E bt_btif : btif_sm_dispatch : Invalid handle
09-04 04:13:19.849   456   456 D bt_btif_avrcp_audio_track: BtifAvrcpAudioTrackPause handle is null.
09-04 04:13:19.849   456   967 D bt_btif_avrcp_audio_track: BtifAvrcpAudioTrackStop handle is null.
09-04 04:13:19.849   456   967 D bt_btif_avrcp_audio_track: BtifAvrcpAudioTrackDelete handle is null.
09-04 04:13:19.860   456   966 D A2dpSinkStateMachine: Enter Disconnected: -2
09-04 04:13:19.860   456   456 D A2dpSinkService: setA2dpSinkService(): set to: null
09-04 04:13:19.861   456   456 D BluetoothAdapterService: getAdapterService() - returning com.android.bluetooth.btservice.AdapterService@1e91133
09-04 04:13:19.871   456   456 I BluetoothHidServiceJni: classInitNative: succeeds
09-04 04:13:19.875   456   456 D BluetoothAdapterService: getAdapterService() - returning com.android.bluetooth.btservice.AdapterService@1e91133
09-04 04:13:19.876   410   410 D BluetoothInputDevice: Proxy object connected
09-04 04:13:19.876   456   456 D HidService: Received start request. Starting profile...
09-04 04:13:19.876   456   456 I bt_btif : get_profile_interface: id = hidhost
09-04 04:13:19.876   456   580 I bt_bta_hh: BTA_HhEnable sec_mask:0x36 p_cback:0x917fb3c9
09-04 04:13:19.876   456   456 D HidService: setHidService(): set to: null
09-04 04:13:19.876   456   456 D BluetoothAdapterService: getAdapterService() - returning com.android.bluetooth.btservice.AdapterService@1e91133
09-04 04:13:19.877   456   940 I bt_stack: [INFO:gatt_api.cc(1004)] GATT_Register
09-04 04:13:19.877   456   940 I bt_stack: [INFO:gatt_api.cc(1027)] allocated gatt_if=4
09-04 04:13:19.877   410   410 V com.google.android.things.internal.bluetooth.ProfileConnectionsManager: Connected: Profile - 4 class android.bluetooth.BluetoothInputDevice
09-04 04:13:19.877   456   580 I bt_btif_storage: btif_storage_get_adapter_property service_mask:0x20140000
09-04 04:13:19.878   456   456 D A2dpMediaBrowserService: onCreate
09-04 04:13:19.898   456   456 D A2dpMediaBrowserService: device null
09-04 04:13:19.904   456   456 I BluetoothHealthServiceJni: classInitNative: succeeds
09-04 04:13:19.909   410   410 D BluetoothHealth: Proxy object connected
09-04 04:13:19.909   456   456 D BluetoothAdapterService: getAdapterService() - returning com.android.bluetooth.btservice.AdapterService@1e91133
09-04 04:13:19.910   410   410 V com.google.android.things.internal.bluetooth.ProfileConnectionsManager: Connected: Profile - 3 class android.bluetooth.BluetoothHealth
09-04 04:13:19.913   456   456 D HealthService: Received start request. Starting profile...
09-04 04:13:19.915   456   456 I bt_btif : get_profile_interface: id = health
09-04 04:13:19.916   456   456 D BluetoothAdapterService: getAdapterService() - returning com.android.bluetooth.btservice.AdapterService@1e91133
09-04 04:13:19.920   456   456 I BluetoothPanServiceJni: classInitNative(L111): succeeds
09-04 04:13:19.923   410   410 D BluetoothPan: BluetoothPAN Proxy object connected
09-04 04:13:19.923   456   456 D BluetoothAdapterService: getAdapterService() - returning com.android.bluetooth.btservice.AdapterService@1e91133
09-04 04:13:19.924   456   456 D PanService: Received start request. Starting profile...
09-04 04:13:19.924   456   456 D BluetoothPanServiceJni: initializeNative(L116): pan
09-04 04:13:19.924   456   456 I bt_btif : get_profile_interface: id = pan
09-04 04:13:19.924   410   410 V com.google.android.things.internal.bluetooth.ProfileConnectionsManager: Connected: Profile - 5 class android.bluetooth.BluetoothPan
09-04 04:13:19.925   456   456 D BluetoothAdapterService: getAdapterService() - returning com.android.bluetooth.btservice.AdapterService@1e91133
09-04 04:13:19.927   456   580 D BluetoothPanServiceJni: control_state_callback(L63): state:0, local_role:3, ifname:bt-pan
09-04 04:13:19.928   456   456 I BluetoothHeadsetClientServiceJni: classInitNative succeeds
09-04 04:13:19.932   410   410 D BluetoothHeadsetClient: Proxy object connected
09-04 04:13:19.933   456   456 D BluetoothAdapterService: getAdapterService() - returning com.android.bluetooth.btservice.AdapterService@1e91133
09-04 04:13:19.934   410   410 V com.google.android.things.internal.bluetooth.ProfileConnectionsManager: Connected: Profile - 16 class android.bluetooth.BluetoothHeadsetClient
09-04 04:13:19.934   737   752 I DynamiteModule: Considering local module com.google.android.gms.googlecertificates:4 and remote module com.google.android.gms.googlecertificates:4
09-04 04:13:19.935   456   456 D HeadsetClientService: Received start request. Starting profile...
09-04 04:13:19.935   737   752 I DynamiteModule: Selected local version of com.google.android.gms.googlecertificates
09-04 04:13:19.935   456   456 D BluetoothHeadsetClientServiceJni: initializeNative: HfpClient
09-04 04:13:19.935   456   456 I bt_btif : get_profile_interface: id = handsfree_client
09-04 04:13:19.937   456   580 I bt_stack: [INFO:port_api.cc(123)] RFCOMM_CreateConnection BDA: ff:ff:ff:ff:ff:ff
09-04 04:13:19.937   456   580 I bt_btif_storage: btif_storage_get_adapter_property service_mask:0x21140000
09-04 04:13:19.948   456   456 D BluetoothHeadsetClientServiceJni: initializeNative: HfpClient
09-04 04:13:19.948   456   456 W BluetoothHeadsetClientServiceJni: Cleaning up Bluetooth HFP Client Interface before initializing
09-04 04:13:19.948   456   580 I bt_btif_queue: queue_int_cleanup: UUID=111E
09-04 04:13:19.948   456   456 W BluetoothHeadsetClientServiceJni: Cleaning up Bluetooth HFP Client callback object
09-04 04:13:19.948   456   456 I bt_btif : get_profile_interface: id = handsfree_client
09-04 04:13:19.949   456   456 D BluetoothAdapterService: getAdapterService() - returning com.android.bluetooth.btservice.AdapterService@1e91133
09-04 04:13:19.950   456   456 I BluetoothAvrcpControllerJni: classInitNative: succeeds
09-04 04:13:19.951   456   456 I bt_btif : get_profile_interface: id = avrcp_ctrl
09-04 04:13:19.952   456   580 I bt_btif_storage: btif_storage_get_adapter_property service_mask:0x21140000
09-04 04:13:19.952   456   580 I bt_stack: [INFO:port_api.cc(123)] RFCOMM_CreateConnection BDA: ff:ff:ff:ff:ff:ff
09-04 04:13:19.953   456   580 I bt_btif_storage: btif_storage_get_adapter_property service_mask:0x21140000
09-04 04:13:19.955   456   456 D BluetoothAdapterService: getAdapterService() - returning com.android.bluetooth.btservice.AdapterService@1e91133
09-04 04:13:19.956   410   410 V com.google.android.things.internal.bluetooth.ProfileConnectionsManager: Connected: Profile - 12 class android.bluetooth.BluetoothAvrcpController
09-04 04:13:19.956   456   456 D AvrcpControllerService: Received start request. Starting profile...
09-04 04:13:19.968   456   456 D AvrcpControllerService: setAvrcpControllerService(): set to: null
09-04 04:13:19.969   456   456 D BluetoothAdapterService: getAdapterService() - returning com.android.bluetooth.btservice.AdapterService@1e91133
09-04 04:13:19.973   456   456 V SapService: SapBinder()
09-04 04:13:19.975   456   456 D BluetoothAdapterService: getAdapterService() - returning com.android.bluetooth.btservice.AdapterService@1e91133
09-04 04:13:19.975   410   410 D BluetoothSap: Proxy object connected
09-04 04:13:19.976   410   410 V com.google.android.things.internal.bluetooth.ProfileConnectionsManager: Connected: Profile - 10 class android.bluetooth.BluetoothSap
09-04 04:13:19.976   456   456 D SapService: Received start request. Starting profile...
09-04 04:13:19.976   456   456 V SapService: start()
09-04 04:13:19.978   456   456 D BluetoothAdapterService: getAdapterService() - returning com.android.bluetooth.btservice.AdapterService@1e91133
09-04 04:13:19.979   948   948 I GoogleHttpClient: GMS http client unavailable, use old client
09-04 04:13:19.983   410   410 V com.google.android.things.internal.bluetooth.ProfileConnectionsManager: Connected: Profile - 17 class android.bluetooth.BluetoothPbapClient
09-04 04:13:19.983   456   456 D BluetoothAdapterService: getAdapterService() - returning com.android.bluetooth.btservice.AdapterService@1e91133
09-04 04:13:19.985   456   456 D PbapClientService: Received start request. Starting profile...
09-04 04:13:19.988   456   456 W PbapClientService: Found 0 unclean accounts
09-04 04:13:20.014   299   353 I ActivityManager: Start proc 975:android.process.acore/u0a3 for content provider com.android.providers.contacts/.CallLogProvider
09-04 04:13:20.117   975   975 I zygote  : The ClassLoaderContext is a special shared library.
09-04 04:13:20.178   299   313 W Binder  : Outgoing transactions from this process must be FLAG_ONEWAY
09-04 04:13:20.178   299   313 W Binder  : java.lang.Throwable
09-04 04:13:20.178   299   313 W Binder  : 	at android.os.BinderProxy.transact(Binder.java:752)
09-04 04:13:20.178   299   313 W Binder  : 	at com.android.internal.location.ILocationProvider$Stub$Proxy.getProperties(ILocationProvider.java:232)
09-04 04:13:20.178   299   313 W Binder  : 	at com.android.server.location.LocationProviderProxy$1.run(LocationProviderProxy.java:119)
09-04 04:13:20.178   299   313 W Binder  : 	at android.os.Handler.handleCallback(Handler.java:790)
09-04 04:13:20.178   299   313 W Binder  : 	at android.os.Handler.dispatchMessage(Handler.java:99)
09-04 04:13:20.178   299   313 W Binder  : 	at android.os.Looper.loop(Looper.java:164)
09-04 04:13:20.178   299   313 W Binder  : 	at android.os.HandlerThread.run(HandlerThread.java:65)
09-04 04:13:20.225   299   313 W Binder  : Outgoing transactions from this process must be FLAG_ONEWAY
09-04 04:13:20.225   299   313 W Binder  : java.lang.Throwable
09-04 04:13:20.225   299   313 W Binder  : 	at android.os.BinderProxy.transact(Binder.java:752)
09-04 04:13:20.225   299   313 W Binder  : 	at com.android.internal.location.ILocationProvider$Stub$Proxy.getProperties(ILocationProvider.java:232)
09-04 04:13:20.225   299   313 W Binder  : 	at com.android.server.location.LocationProviderProxy$1.run(LocationProviderProxy.java:119)
09-04 04:13:20.225   299   313 W Binder  : 	at android.os.Handler.handleCallback(Handler.java:790)
09-04 04:13:20.225   299   313 W Binder  : 	at android.os.Handler.dispatchMessage(Handler.java:99)
09-04 04:13:20.225   299   313 W Binder  : 	at android.os.Looper.loop(Looper.java:164)
09-04 04:13:20.225   299   313 W Binder  : 	at android.os.HandlerThread.run(HandlerThread.java:65)
09-04 04:13:20.263   299   382 I WifiService: getConnectionInfo uid=1000
09-04 04:13:20.348   975   975 I ContactsPerf: VoicemailContentProvider.onCreate start
09-04 04:13:20.370   975   975 I ContactsPerf: VoicemailContentProvider.onCreate finish
09-04 04:13:20.393   975   975 I zygote  : The ClassLoaderContext is a special shared library.
09-04 04:13:20.436   456   456 D BluetoothAdapterService: getAdapterService() - returning com.android.bluetooth.btservice.AdapterService@1e91133
09-04 04:13:20.441   456   456 D BluetoothAdapterService: getAdapterService() - returning com.android.bluetooth.btservice.AdapterService@1e91133
09-04 04:13:20.441   410   410 V com.google.android.things.internal.bluetooth.ProfileConnectionsManager: Connected: Profile - 18 class android.bluetooth.BluetoothMapClient
09-04 04:13:20.442   456   456 D MapClientService: Received start request. Starting profile...
09-04 04:13:20.448   456   456 D ObexServerSockets: create(rfcomm = -2, l2capPsm = -2)
09-04 04:13:20.457   456   456 W BluetoothAdapter: getBluetoothService() called with no BluetoothManagerCallback
09-04 04:13:20.463   456   940 I bt_stack: [INFO:port_api.cc(123)] RFCOMM_CreateConnection BDA: ff:ff:ff:ff:ff:ff
09-04 04:13:20.465   456   456 W BluetoothAdapter: getBluetoothService() called with no BluetoothManagerCallback
09-04 04:13:20.468   456   456 D ObexServerSockets: Succeed to create listening sockets 
09-04 04:13:20.468   456   456 D ObexServerSockets0: startAccept()
09-04 04:13:20.468   456   456 D ObexServerSockets0: prepareForNewConnect()
09-04 04:13:20.471   456  1003 D ObexServerSockets0: Accepting socket connection...
09-04 04:13:20.472   456   456 D BluetoothSdpJni: sdpCreateMapMnsRecordNative
09-04 04:13:20.472   456   456 D BluetoothSdpJni: SDP Create record success - handle: 0
09-04 04:13:20.472   456  1004 D ObexServerSockets0: Accepting socket connection...
09-04 04:13:20.476   456   456 D BluetoothAdapterService: getAdapterService() - returning com.android.bluetooth.btservice.AdapterService@1e91133
09-04 04:13:20.503   975   998 D ContactsDatabaseHelper: WAL enabled for contacts2.db: true
09-04 04:13:20.504   456   456 V BluetoothPbapService: PbapBinder()
09-04 04:13:20.506   410   410 D BluetoothPbap: Proxy object connected
09-04 04:13:20.507   456   456 D BluetoothAdapterService: getAdapterService() - returning com.android.bluetooth.btservice.AdapterService@1e91133
09-04 04:13:20.507   410   410 V com.google.android.things.internal.bluetooth.ProfileConnectionsManager: Connected: Profile - 6 class android.bluetooth.BluetoothPbap
09-04 04:13:20.508   456   456 D BluetoothPbapService: Received start request. Starting profile...
09-04 04:13:20.508   456   456 V BluetoothPbapService: start()
09-04 04:13:20.511   456   456 D BluetoothPbapService: Registering observer
09-04 04:13:20.521   456   456 D BluetoothAdapterService: getAdapterService() - returning com.android.bluetooth.btservice.AdapterService@1e91133
09-04 04:13:20.521   456   456 D BluetoothAdapterService: handleMessage() - Message: 1
09-04 04:13:20.522   456   456 D BluetoothAdapterService: handleMessage() - MESSAGE_PROFILE_SERVICE_STATE_CHANGED
09-04 04:13:20.522   456   456 D BluetoothAdapterService: processProfileServiceStateChanged() - serviceName=com.android.bluetooth.a2dpsink.A2dpSinkService isTurningOn=true isTurningOff=false isBleTurningOn=false isBleTurningOff=false
09-04 04:13:20.524   456   456 D BluetoothAdapterService: onProfileServiceStateChange() - Profile still not running:com.android.bluetooth.pan.PanService
09-04 04:13:20.524   456   456 D BluetoothAdapterService: handleMessage() - Message: 1
09-04 04:13:20.524   456   456 D BluetoothAdapterService: handleMessage() - MESSAGE_PROFILE_SERVICE_STATE_CHANGED
09-04 04:13:20.524   456   456 D BluetoothAdapterService: processProfileServiceStateChanged() - serviceName=com.android.bluetooth.hid.HidService isTurningOn=true isTurningOff=false isBleTurningOn=false isBleTurningOff=false
09-04 04:13:20.524   456   456 D BluetoothAdapterService: onProfileServiceStateChange() - Profile still not running:com.android.bluetooth.pan.PanService
09-04 04:13:20.525   456   456 D BluetoothAdapterService: handleMessage() - Message: 1
09-04 04:13:20.525   456   456 D BluetoothAdapterService: handleMessage() - MESSAGE_PROFILE_SERVICE_STATE_CHANGED
09-04 04:13:20.525   456   456 D BluetoothAdapterService: processProfileServiceStateChanged() - serviceName=com.android.bluetooth.hdp.HealthService isTurningOn=true isTurningOff=false isBleTurningOn=false isBleTurningOff=false
09-04 04:13:20.525   456   456 D BluetoothAdapterService: onProfileServiceStateChange() - Profile still not running:com.android.bluetooth.pan.PanService
09-04 04:13:20.525   456   456 D BluetoothAdapterService: handleMessage() - Message: 1
09-04 04:13:20.525   456   456 D BluetoothAdapterService: handleMessage() - MESSAGE_PROFILE_SERVICE_STATE_CHANGED
09-04 04:13:20.526   456   456 D BluetoothAdapterService: processProfileServiceStateChanged() - serviceName=com.android.bluetooth.pan.PanService isTurningOn=true isTurningOff=false isBleTurningOn=false isBleTurningOff=false
09-04 04:13:20.526   456   456 D BluetoothAdapterService: onProfileServiceStateChange() - Profile still not running:com.android.bluetooth.avrcpcontroller.AvrcpControllerService
09-04 04:13:20.532   456   456 D HfpClientConnService: onCreate
09-04 04:13:20.541   456   456 D HfpClientConnService: onStartCommand Intent { cmp=com.android.bluetooth/.hfpclient.connserv.HfpClientConnectionService }
09-04 04:13:20.543   456   456 D BluetoothAdapterService: handleMessage() - Message: 1
09-04 04:13:20.543   456   456 D BluetoothAdapterService: handleMessage() - MESSAGE_PROFILE_SERVICE_STATE_CHANGED
09-04 04:13:20.543   456   456 D BluetoothAdapterService: processProfileServiceStateChanged() - serviceName=com.android.bluetooth.hfpclient.HeadsetClientService isTurningOn=true isTurningOff=false isBleTurningOn=false isBleTurningOff=false
09-04 04:13:20.543   456   456 D BluetoothAdapterService: onProfileServiceStateChange() - Profile still not running:com.android.bluetooth.avrcpcontroller.AvrcpControllerService
09-04 04:13:20.544   456   456 D BluetoothAdapterService: handleMessage() - Message: 1
09-04 04:13:20.544   456   456 D BluetoothAdapterService: handleMessage() - MESSAGE_PROFILE_SERVICE_STATE_CHANGED
09-04 04:13:20.544   456   456 D BluetoothAdapterService: processProfileServiceStateChanged() - serviceName=com.android.bluetooth.avrcpcontroller.AvrcpControllerService isTurningOn=true isTurningOff=false isBleTurningOn=false isBleTurningOff=false
09-04 04:13:20.544   456   456 D BluetoothAdapterService: onProfileServiceStateChange() - Profile still not running:com.android.bluetooth.pbapclient.PbapClientService
09-04 04:13:20.545   456   456 D BluetoothAdapterService: handleMessage() - Message: 1
09-04 04:13:20.546   456   456 D BluetoothAdapterService: handleMessage() - MESSAGE_PROFILE_SERVICE_STATE_CHANGED
09-04 04:13:20.546   456   456 D BluetoothAdapterService: processProfileServiceStateChanged() - serviceName=com.android.bluetooth.sap.SapService isTurningOn=true isTurningOff=false isBleTurningOn=false isBleTurningOff=false
09-04 04:13:20.546   456   456 D BluetoothAdapterService: onProfileServiceStateChange() - Profile still not running:com.android.bluetooth.pbapclient.PbapClientService
09-04 04:13:20.551   456   456 D BluetoothAdapterService: handleMessage() - Message: 1
09-04 04:13:20.551   456   456 D BluetoothAdapterService: handleMessage() - MESSAGE_PROFILE_SERVICE_STATE_CHANGED
09-04 04:13:20.551   456   456 D BluetoothAdapterService: processProfileServiceStateChanged() - serviceName=com.android.bluetooth.pbapclient.PbapClientService isTurningOn=true isTurningOff=false isBleTurningOn=false isBleTurningOff=false
09-04 04:13:20.551   456   456 D BluetoothAdapterService: onProfileServiceStateChange() - Profile still not running:com.android.bluetooth.mapclient.MapClientService
09-04 04:13:20.551   456   456 D BluetoothAdapterService: handleMessage() - Message: 1
09-04 04:13:20.552   456   456 D BluetoothAdapterService: handleMessage() - MESSAGE_PROFILE_SERVICE_STATE_CHANGED
09-04 04:13:20.552   456   456 D BluetoothAdapterService: processProfileServiceStateChanged() - serviceName=com.android.bluetooth.mapclient.MapClientService isTurningOn=true isTurningOff=false isBleTurningOn=false isBleTurningOff=false
09-04 04:13:20.552   456   456 D BluetoothAdapterService: onProfileServiceStateChange() - Profile still not running:com.android.bluetooth.pbap.BluetoothPbapService
09-04 04:13:20.553   456   456 D BluetoothAdapterService: handleMessage() - Message: 1
09-04 04:13:20.553   456   456 D BluetoothAdapterService: handleMessage() - MESSAGE_PROFILE_SERVICE_STATE_CHANGED
09-04 04:13:20.553   456   456 D BluetoothAdapterService: processProfileServiceStateChanged() - serviceName=com.android.bluetooth.pbap.BluetoothPbapService isTurningOn=true isTurningOff=false isBleTurningOn=false isBleTurningOff=false
09-04 04:13:20.554   456   456 D BluetoothAdapterService: onProfileServiceStateChange() - All profile services started.
09-04 04:13:20.555   456   567 V BluetoothAdapterState: PendingCommand - transient state(s): isTurningOn
09-04 04:13:20.555   456   567 D BluetoothAdapterState: Current state: PENDING_COMMAND, message: 2
09-04 04:13:20.555   456   567 D BluetoothAdapterProperties: onBluetoothReady, state=11, ScanMode=20
09-04 04:13:20.556   456   567 D BluetoothAdapterProperties: Setting state to 12
09-04 04:13:20.556   456   567 I BluetoothAdapterState: Bluetooth adapter state changed: 11-> 12
09-04 04:13:20.556   456   567 D BluetoothAdapterService: updateAdapterState() - Broadcasting state to 1 receivers.
09-04 04:13:20.557   299   320 D BluetoothManagerService: MESSAGE_BLUETOOTH_STATE_CHANGE: TURNING_ON > ON
09-04 04:13:20.557   299   320 D BluetoothManagerService: Broadcasting onBluetoothStateChange(true) to 17 receivers.
09-04 04:13:20.557   456   567 I BluetoothAdapterState: Entering OnState
09-04 04:13:20.557   456   567 D BluetoothAdapterService: updateUuids() - Updating UUIDs for bonded devices
09-04 04:13:20.558   410   438 D BluetoothInputHost: onBluetoothStateChange: up=true
09-04 04:13:20.558   299   320 D BluetoothHeadset: onBluetoothStateChange: up=true
09-04 04:13:20.558   456   456 D BluetoothHeadsetClient: Proxy object connected
09-04 04:13:20.558   456   456 D HfpClientConnService: onServiceConnected
09-04 04:13:20.558   299   320 D BluetoothA2dp: onBluetoothStateChange: up=true
09-04 04:13:20.559   410   438 D BluetoothInputHost: Binding HID Device service...
09-04 04:13:20.560   410   442 D BluetoothHeadset: onBluetoothStateChange: up=true
09-04 04:13:20.560   456   468 D BluetoothHeadsetClient: onBluetoothStateChange: up=true
09-04 04:13:20.562   299   320 D BluetoothManagerService: Sending BLE State Change: TURNING_ON > ON
09-04 04:13:20.562   456   580 D BluetoothAdapterProperties: Scan Mode:21
09-04 04:13:20.562   456   580 D BluetoothAdapterProperties: Discoverable Timeout:120
09-04 04:13:20.564   410   442 D BluetoothHealth: onBluetoothStateChange: up=true
09-04 04:13:20.564   410   442 D BluetoothInputDevice: onBluetoothStateChange: up=true
09-04 04:13:20.564   410   442 D BluetoothSap: onBluetoothStateChange: up=true
09-04 04:13:20.565   456   580 D BluetoothAdapterProperties: mLocalIOCapability set to 3
09-04 04:13:20.565   410  1008 D BluetoothHeadsetClient: onBluetoothStateChange: up=true
09-04 04:13:20.566   456   580 D BluetoothAdapterProperties: mLocalIOCapabilityBLE set to 3
09-04 04:13:20.566   410  1008 D BluetoothMap: onBluetoothStateChange: up=true
09-04 04:13:20.567   410   442 D BluetoothPan: onBluetoothStateChange on: true
09-04 04:13:20.567   410   442 D BluetoothA2dp: onBluetoothStateChange: up=true
09-04 04:13:20.567   410  1009 D BluetoothA2dpSink: onBluetoothStateChange: up=true
09-04 04:13:20.567   410  1009 D BluetoothPbap: onBluetoothStateChange: up=true
09-04 04:13:20.568   456   456 D BluetoothPbapService: action: android.bluetooth.adapter.action.STATE_CHANGED
09-04 04:13:20.568   456   456 D BluetoothPbapService: state: 12
09-04 04:13:20.571   410   438 D BluetoothInputHost: Bound to HID Device Service
09-04 04:13:20.574   456   456 D BluetoothPbapService: startsocketListener
09-04 04:13:20.575   456   456 D ObexServerSockets: create(rfcomm = -2, l2capPsm = -2)
09-04 04:13:20.575   456   456 W BluetoothAdapter: getBluetoothService() called with no BluetoothManagerCallback
09-04 04:13:20.576   456  1011 W BluetoothAdapter: getBluetoothService() called with no BluetoothManagerCallback
09-04 04:13:20.578   456   940 I bt_stack: [INFO:port_api.cc(123)] RFCOMM_CreateConnection BDA: ff:ff:ff:ff:ff:ff
09-04 04:13:20.578   456   456 W BluetoothAdapter: getBluetoothService() called with no BluetoothManagerCallback
09-04 04:13:20.581   456   940 I bt_stack: [INFO:port_api.cc(123)] RFCOMM_CreateConnection BDA: ff:ff:ff:ff:ff:ff
09-04 04:13:20.582   456   456 D ObexServerSockets: Succeed to create listening sockets 
09-04 04:13:20.582   456   456 D ObexServerSockets1: startAccept()
09-04 04:13:20.582   456   456 D ObexServerSockets1: prepareForNewConnect()
09-04 04:13:20.582   456  1011 D BluetoothSdpJni: sdpCreateSapsRecordNative
09-04 04:13:20.583   456  1012 D ObexServerSockets1: Accepting socket connection...
09-04 04:13:20.583   456   456 D BluetoothSdpJni: sdpCreatePbapPseRecordNative
09-04 04:13:20.583   456   456 D BluetoothSdpJni: SDP Create record success - handle: 2
09-04 04:13:20.591   456  1013 D ObexServerSockets1: Accepting socket connection...
09-04 04:13:20.593   456   456 D BluetoothPbapService: PBAP server with handle:2
09-04 04:13:20.593   456  1011 D BluetoothSdpJni: SDP Create record success - handle: 1
09-04 04:13:20.614   299   311 I ActivityManager: Start proc 1015:com.google.android.gms/u0a10 for service com.google.android.gms/.chimera.GmsIntentOperationService
09-04 04:13:20.638   299   590 I ActivityManager: Start proc 1020:com.google.android.iot.batterycontrolservice/1000 for broadcast com.google.android.iot.batterycontrolservice/.ServiceBootReceiver
09-04 04:13:20.695   311   311 I Binder:299_2: type=1400 audit(0.0:120): avc: denied { ptrace } for scontext=u:r:system_server:s0 tcontext=u:r:system_app:s0 tclass=process permissive=1
09-04 04:13:20.736  1015  1015 I zygote  : The ClassLoaderContext is a special shared library.
