01-01 00:00:02.098   299   299 I IoTSystemService: Binding to IOT system service Service{com.google.android.things.internal.devicemanagement/com.google.android.things.internal.device.DeviceManagementService}
01-01 00:00:02.099   154   154 I main    : type=1400 audit(0.0:74): avc: denied { getattr } for path="/sys/kernel/debug/tracing/trace_marker" dev="tracefs" ino=47 scontext=u:r:zygote:s0 tcontext=u:object_r:debugfs_tracing:s0 tclass=file permissive=1
01-01 00:00:02.100   153   212 D CommandListener: Setting iface cfg
01-01 00:00:02.100   153   212 D CommandListener: Trying to bring up eth0
01-01 00:00:02.119   400   400 I main    : type=1400 audit(0.0:75): avc: denied { write } for name="trace_marker" dev="tracefs" ino=47 scontext=u:r:zygote:s0 tcontext=u:object_r:debugfs_tracing:s0 tclass=file permissive=1
01-01 00:00:02.119   400   400 I main    : type=1400 audit(0.0:76): avc: denied { open } for path="/sys/kernel/debug/tracing/trace_marker" dev="tracefs" ino=47 scontext=u:r:zygote:s0 tcontext=u:object_r:debugfs_tracing:s0 tclass=file permissive=1
01-01 00:00:02.122   299   299 I ActivityManager: Start proc 400:com.google.android.things.internal.devicemanagement/1000 for service com.google.android.things.internal.devicemanagement/com.google.android.things.internal.device.DeviceManagementService
01-01 00:00:02.122   299   299 I IoTSystemService: Binding to IOT system service Service{com.google.android.things.internal.devicemanagement/com.google.android.things.internal.metrics.MetricsManagementService}
01-01 00:00:02.123   299   299 I IoTSystemService: Binding to IOT system service Service{com.google.android.things.internal.devicemanagement/com.google.android.things.internal.update.UpdateManagementService}
01-01 00:00:02.124   299   299 I IoTSystemService: Binding to IOT system service Service{com.google.android.things.internal.media/com.google.android.things.internal.media.MediaControlService}
01-01 00:00:02.152   299   299 I ActivityManager: Start proc 405:com.google.android.things.internal.media/1000 for service com.google.android.things.internal.media/.MediaControlService
01-01 00:00:02.152   299   299 I IoTSystemService: Binding to IOT system service Service{com.google.android.things.internal.bluetooth/com.google.android.things.internal.bluetooth.BluetoothControlService}
01-01 00:00:02.174   299   399 D Ethernet: got request NetworkRequest [ REQUEST id=1, [ Capabilities: INTERNET&NOT_RESTRICTED&TRUSTED&NOT_VPN] ] with score 0
01-01 00:00:02.175   299   399 D EthernetNetworkFactory: starting IpManager(eth0): mNetworkInfo=[type: Ethernet[], state: UNKNOWN/IDLE, reason: (unspecified), extra: b8:27:eb:df:64:50, failover: false, available: true, roaming: false]
01-01 00:00:02.207   153   212 D CommandListener: Clearing all IP addresses on eth0
01-01 00:00:02.208   299   299 W ActivityManager: Slow operation: 54ms so far, now at startProcess: returned from zygote!
01-01 00:00:02.208   299   299 W ActivityManager: Slow operation: 55ms so far, now at startProcess: done updating battery stats
01-01 00:00:02.208   299   299 W ActivityManager: Slow operation: 55ms so far, now at startProcess: building log message
01-01 00:00:02.208   299   299 I ActivityManager: Start proc 410:com.google.android.things.internal.bluetooth/1000 for service com.google.android.things.internal.bluetooth/.BluetoothControlService
01-01 00:00:02.208   299   299 W ActivityManager: Slow operation: 55ms so far, now at startProcess: starting to update pids map
01-01 00:00:02.208   299   299 W ActivityManager: Slow operation: 55ms so far, now at startProcess: done updating pids map
01-01 00:00:02.208   299   299 W ActivityManager: Slow operation: 55ms so far, now at startProcess: done starting proc!
01-01 00:00:02.209   299   299 I IoTSystemService: Binding to IOT system service Service{com.google.android.things.internal.bluetooth/com.google.android.things.internal.bluetooth.BluetoothConnectionService}
01-01 00:00:02.210   299   299 I IoTSystemService: Binding to IOT system service Service{com.google.android.things.internal.bluetooth/com.google.android.things.internal.bluetooth.BluetoothConfigService}
01-01 00:00:02.211   299   299 I IoTSystemService: Binding to IOT system service Service{com.google.android.things.internal.bluetooth/com.google.android.things.internal.bluetooth.BluetoothProfileManagerService}
01-01 00:00:02.211   299   299 W SystemServiceManager: Service com.google.android.things.services.IoTSystemService took 114 ms in onBootPhase
01-01 00:00:02.211   299   299 D SystemServerTiming: StartBootPhaseSystemServicesReady took to complete: 223ms
01-01 00:00:02.212   299   299 I SystemServer: MakeWindowManagerServiceReady
01-01 00:00:02.216   299   399 D Ethernet: got request NetworkRequest [ TRACK_DEFAULT id=3, [ Capabilities: INTERNET&NOT_RESTRICTED&TRUSTED&NOT_VPN] ] with score 0
01-01 00:00:02.216   299   399 D Ethernet: got request NetworkRequest [ REQUEST id=4, [ Transports: LOWPAN] ] with score 0
01-01 00:00:02.217   299   399 D EthernetNetworkFactory: updateInterface: eth0 link down
01-01 00:00:02.244   299   299 I system_server: Looking for service android.hardware.configstore@1.0::ISurfaceFlingerConfigs/default
01-01 00:00:02.255   299   299 I system_server: Starting thread pool.
01-01 00:00:02.258   299   299 D SystemServerTiming: MakeWindowManagerServiceReady took to complete: 46ms
01-01 00:00:02.260   299   299 I SystemServer: MakePowerManagerServiceReady
01-01 00:00:02.281   299   299 W DisplayPowerController: Expected config_screenBrightnessDark (1) to be less than or equal to config_screenBrightnessSettingMinimum (0).
01-01 00:00:02.311   299   323 W KeyguardServiceDelegate: onScreenTurningOn(): no keyguard service!
01-01 00:00:02.331   299   413 D DhcpClient: doQuit
01-01 00:00:02.334   299   299 D SystemServerTiming: MakePowerManagerServiceReady took to complete: 74ms
01-01 00:00:02.334   299   299 I SystemServer: MakePackageManagerServiceReady
01-01 00:00:02.343   410   410 I zygote  : The ClassLoaderContext is a special shared library.
01-01 00:00:02.344   405   405 I zygote  : The ClassLoaderContext is a special shared library.
01-01 00:00:02.353   299   299 I DefaultPermGrantPolicy: Granting permissions to platform components for user 0
01-01 00:00:02.354   299   299 I DefaultPermGrantPolicy: Granting permissions to default platform handlers for user 0
01-01 00:00:02.355   299   299 W VoiceInteractionManagerService: no available voice recognition services found for user 0
01-01 00:00:02.356   299   305 I zygote  : Background concurrent copying GC freed 24585(2MB) AllocSpace objects, 11(348KB) LOS objects, 42% free, 4MB/7MB, paused 199us total 254.551ms
01-01 00:00:02.375   299   451 D DhcpClient: Receive thread started
01-01 00:00:02.375   299   451 D DhcpClient: Receive thread stopped
01-01 00:00:02.387   400   400 I zygote  : The ClassLoaderContext is a special shared library.
01-01 00:00:02.404   410   410 V BluetoothConnectionService: Creating Service.
01-01 00:00:02.416   299   445 D BluetoothManagerService: Trying to bind to profile: 1, while Bluetooth was disabled
01-01 00:00:02.438   410   410 D BluetoothMap: Create BluetoothMap proxy object
01-01 00:00:02.444   299   446 D DhcpClient: onQuitting
01-01 00:00:02.446   410   410 D BluetoothSap: Create BluetoothSap proxy object
01-01 00:00:02.452   400   400 D MetricsManagementService: onCreate!
01-01 00:00:02.467   400   400 V UpdateManagementService: OnCreate
01-01 00:00:02.477   410   410 V BluetoothInputHost: BluetoothInputHost
01-01 00:00:02.489   410   410 D BluetoothInputHost: Bound to HID Device Service
01-01 00:00:02.511   400   400 I UpdateManagementServiceImpl: Setting update_engine flags from stored policy: 3
01-01 00:00:02.511   198   198 I update_engine: [0101/000002:INFO:common_service.cc(79)] Setting Update Attempt Flags: flags=0x2 RestrictDownload=yes
01-01 00:00:02.520   299   299 V UserDataPreparer: Found /data/user_de/0 with serial number 0
01-01 00:00:02.520   299   299 V UserDataPreparer: Found /data/user/0 with serial number 0
01-01 00:00:02.520   299   299 V UserDataPreparer: Found /data/system_de/0 with serial number 0
01-01 00:00:02.520   299   299 V UserDataPreparer: Found /data/system_ce/0 with serial number 0
01-01 00:00:02.520   299   299 V UserDataPreparer: Found /data/misc_ce/0 with serial number 0
01-01 00:00:02.521   299   299 D SystemServerTiming: MakePackageManagerServiceReady took to complete: 187ms
01-01 00:00:02.521   299   299 I SystemServer: MakeDisplayManagerServiceReady
01-01 00:00:02.521   299   299 D SystemServerTiming: MakeDisplayManagerServiceReady took to complete: 0ms
01-01 00:00:02.529   299   299 I ActivityManager: System now ready
01-01 00:00:02.533   410   410 V com.google.android.things.internal.bluetooth.BluetoothConfigService: Creating Service.
01-01 00:00:02.541   299   299 I SystemServer: Making services ready
01-01 00:00:02.541   299   299 I SystemServer: StartActivityManagerReadyPhase
01-01 00:00:02.541   299   299 I SystemServiceManager: Starting phase 550
01-01 00:00:02.542   410   410 V com.google.android.things.internal.bluetooth.BluetoothProfileManagerService: Creating Service.
01-01 00:00:02.547   299   299 W ActivityManager: Unable to start service Intent { act=com.android.ITelecomService cmp=com.android.server.telecom/.components.TelecomService } U=0: not found
01-01 00:00:02.547   299   299 D BluetoothManagerService: Bluetooth boot completed
01-01 00:00:02.548   299   299 D BluetoothManagerService: Auto-enabling Bluetooth.
01-01 00:00:02.548   299   320 D BluetoothManagerService: MESSAGE_ENABLE(0): mBluetooth = null
01-01 00:00:02.575   299   377 D WifiController: DEFERRED_TOGGLE handled
01-01 00:00:02.578   170   170 I android.hardware.wifi@1.0-service: Wifi HAL started
01-01 00:00:02.585   299   320 I ActivityManager: Start proc 456:com.android.bluetooth/1002 for service com.android.bluetooth/.btservice.AdapterService
01-01 00:00:02.642   170   170 I WifiHAL : Initializing wifi
01-01 00:00:02.643   170   170 I WifiHAL : Creating socket
01-01 00:00:02.645   170   170 I WifiHAL : Initialized Wifi HAL Successfully; vendor cmd = 103
01-01 00:00:02.647   170   170 E android.hardware.wifi@1.0-service: Failed to set DFS flag; DFS channels may be unavailable.
01-01 00:00:02.659   188   188 I wificond: type=1400 audit(0.0:77): avc: denied { write } for name="trace_marker" dev="tracefs" ino=47 scontext=u:r:wificond:s0 tcontext=u:object_r:debugfs_tracing:s0 tclass=file permissive=1
01-01 00:00:02.659   188   188 I wificond: type=1400 audit(0.0:78): avc: denied { open } for path="/sys/kernel/debug/tracing/trace_marker" dev="tracefs" ino=47 scontext=u:r:wificond:s0 tcontext=u:object_r:debugfs_tracing:s0 tclass=file permissive=1
01-01 00:00:02.663   299   378 I WifiVendorHal: Vendor Hal started successfully
01-01 00:00:02.664   299   378 D WificondControl: Setting up driver for client mode
01-01 00:00:02.666   188   188 I wificond: create scanner for interface with index: 3
01-01 00:00:02.667   188   188 I wificond: subscribe scan result for interface with index: 3
01-01 00:00:02.670   134   134 W /system/bin/hwservicemanager: getTransport: Cannot find entry android.hardware.wifi.offload@1.0::IOffload/default in either framework or device manifest.
01-01 00:00:02.671   188   188 E wificond: No Offload Service available
01-01 00:00:02.672   188   188 I wificond: Offload HAL not supported 
01-01 00:00:02.677   153   212 D CommandListener: Clearing all IP addresses on wlan0
01-01 00:00:02.686   456   456 I zygote  : The ClassLoaderContext is a special shared library.
01-01 00:00:02.715   456   456 I zygote  : The ClassLoaderContext is a special shared library.
01-01 00:00:02.725   299   378 I system_server: Looking for service android.hidl.manager@1.0::IServiceManager/default
01-01 00:00:02.729   299   378 I system_server: Starting thread pool.
01-01 00:00:02.736   299   299 I ActivityManager: Start proc 472:com.android.inputmethod.latin/u0a31 for service com.android.inputmethod.latin/.LatinIME
01-01 00:00:02.737   299   299 W SystemServiceManager: Service com.android.server.InputMethodManagerService$Lifecycle took 183 ms in onBootPhase
01-01 00:00:02.737   299   370 D StorageManagerService: Thinking about init, mSystemReady=true, mDaemonConnected=true
01-01 00:00:02.738   299   370 D StorageManagerService: Setting up emulation state, initlocked=false
01-01 00:00:02.738   299   370 D CryptdConnector: SND -> {2 cryptfs unlock_user_key 0 0 ! !}
01-01 00:00:02.739   144   150 D vold    : e4crypt_unlock_user_key 0 serial=0 token_present=0
01-01 00:00:02.740   299   372 D CryptdConnector: RCV <- {200 2 Command succeeded}
01-01 00:00:02.745   299   370 D StorageManagerService: Thinking about reset, mSystemReady=true, mDaemonConnected=true
01-01 00:00:02.746   299   370 D VoldConnector: SND -> {3 volume reset}
01-01 00:00:02.746   299   314 I ActivityManager: Force stopping com.android.providers.media appid=10008 user=-1: vold reset
01-01 00:00:02.747   299   299 D UsbAlsaManager: Adding ALSA device AlsaDevice: [card: 1, device: 0, type: 2]
01-01 00:00:02.747   299   299 D UsbAlsaManager: Adding ALSA device AlsaDevice: [card: 1, device: 0, type: 1]
01-01 00:00:02.747   299   299 D UsbAlsaManager: Adding ALSA device AlsaDevice: [card: 0, device: 0, type: 1]
01-01 00:00:02.747   299   299 D UsbAlsaManager: Adding ALSA device AlsaDevice: [card: 0, device: 1, type: 1]
01-01 00:00:02.748   299   371 D VoldConnector: RCV <- {651 emulated 7}
01-01 00:00:02.749   299   371 D VoldConnector: RCV <- {659 emulated}
01-01 00:00:02.749   299   299 W StorageManagerService: No primary storage defined yet; hacking together a stub
01-01 00:00:02.750   299   371 D VoldConnector: RCV <- {650 emulated 2 "" ""}
01-01 00:00:02.750   299   371 D VoldConnector: RCV <- {651 emulated 0}
01-01 00:00:02.751   299   371 D VoldConnector: RCV <- {200 3 Command succeeded}
01-01 00:00:02.751   299   299 D SystemServerTiming: StartActivityManagerReadyPhase took to complete: 210ms
01-01 00:00:02.751   169   169 E android.hardware.usb@1.0-service: Failed to open /sys/class/dual_role_usb
01-01 00:00:02.751   299   299 I SystemServer: StartObservingNativeCrashes
01-01 00:00:02.755   299   319 V StorageManagerService: Found primary storage at VolumeInfo{emulated}:
01-01 00:00:02.755   299   319 V StorageManagerService:     type=EMULATED diskId=null partGuid=null mountFlags=0 mountUserId=-1 
01-01 00:00:02.755   299   319 V StorageManagerService:     state=UNMOUNTED 
01-01 00:00:02.755   299   319 V StorageManagerService:     fsType=null fsUuid=null fsLabel=null 
01-01 00:00:02.755   299   319 V StorageManagerService:     path=null internalPath=null 
01-01 00:00:02.756   299   390 D BluetoothManagerService: Creating new ProfileServiceConnections object for profile: 1
01-01 00:00:02.759   299   394 E UsbPortManager: port status enquiry failed
01-01 00:00:02.762   299   370 D VoldConnector: SND -> {4 volume user_added 0 0}
01-01 00:00:02.763   299   371 D VoldConnector: RCV <- {200 4 Command succeeded}
01-01 00:00:02.765   299   299 D SystemServerTiming: StartObservingNativeCrashes took to complete: 14ms
01-01 00:00:02.768   177   177 I AudioFlinger: systemReady
01-01 00:00:02.773   299   299 I SystemServer: StartSystemUI
01-01 00:00:02.776   299   299 W ActivityManager: Unable to start service Intent { flg=0x100 cmp=com.android.systemui/.SystemUIService } U=0: not found
01-01 00:00:02.776   299   344 D SystemServerInitThreadPool: Started executing WebViewFactoryPreparation
01-01 00:00:02.776   299   370 D VoldConnector: SND -> {5 volume mount emulated 3 -1}
01-01 00:00:02.776   299   344 I SystemServer: WebViewFactoryPreparation
01-01 00:00:02.778   299   371 D VoldConnector: RCV <- {651 emulated 1}
01-01 00:00:02.779   299   371 D VoldConnector: RCV <- {656 emulated /data/media}
01-01 00:00:02.781   144   149 V vold    : Waiting for FUSE to spin up...
01-01 00:00:02.781   299   371 D VoldConnector: RCV <- {655 emulated /storage/emulated}
01-01 00:00:02.791   299   479 D UsbHostManager: Added device UsbDevice[mName=/dev/bus/usb/001/003,mVendorId=1060,mProductId=60416,mClass=255,mSubclass=0,mProtocol=1,mManufacturerName=null,mProductName=null,mVersion=2.0,mSerialNumber=null,mConfigurations=[
01-01 00:00:02.791   299   479 D UsbHostManager: UsbConfiguration[mId=1,mName=null,mAttributes=224,mMaxPower=1,mInterfaces=[
01-01 00:00:02.791   299   479 D UsbHostManager: UsbInterface[mId=0,mAlternateSetting=0,mName=null,mClass=255,mSubclass=0,mProtocol=255,mEndpoints=[
01-01 00:00:02.791   299   479 D UsbHostManager: UsbEndpoint[mAddress=129,mAttributes=2,mMaxPacketSize=512,mInterval=0]
01-01 00:00:02.791   299   479 D UsbHostManager: UsbEndpoint[mAddress=2,mAttributes=2,mMaxPacketSize=512,mInterval=0]
01-01 00:00:02.791   299   479 D UsbHostManager: UsbEndpoint[mAddress=131,mAttributes=3,mMaxPacketSize=16,mInterval=4]]]]
01-01 00:00:02.799   154   154 I main    : type=1400 audit(0.0:79): avc: denied { getattr } for path="/sys/kernel/debug/tracing/trace_marker" dev="tracefs" ino=47 scontext=u:r:zygote:s0 tcontext=u:object_r:debugfs_tracing:s0 tclass=file permissive=1
01-01 00:00:02.809   493   493 I main    : type=1400 audit(0.0:80): avc: denied { write } for name="trace_marker" dev="tracefs" ino=47 scontext=u:r:zygote:s0 tcontext=u:object_r:debugfs_tracing:s0 tclass=file permissive=1
01-01 00:00:02.809   493   493 I main    : type=1400 audit(0.0:81): avc: denied { open } for path="/sys/kernel/debug/tracing/trace_marker" dev="tracefs" ino=47 scontext=u:r:zygote:s0 tcontext=u:object_r:debugfs_tracing:s0 tclass=file permissive=1
01-01 00:00:02.812   299   344 D WebViewLibraryLoader: Setting new address space to 104857600
01-01 00:00:02.823   299   299 I ActivityManager: Start proc 493:com.android.iot.systemui/u0a9 for service com.android.iot.systemui/.keyguard.KeyguardService
01-01 00:00:02.823   299   299 D SystemServerTiming: StartSystemUI took to complete: 50ms
01-01 00:00:02.823   299   299 I SystemServer: MakeNetworkScoreReady
01-01 00:00:02.831   144   149 V vold    : Waiting for FUSE to spin up...
01-01 00:00:02.831   299   299 D SystemServerTiming: MakeNetworkScoreReady took to complete: 8ms
01-01 00:00:02.832   299   299 I SystemServer: MakeNetworkManagementServiceReady
01-01 00:00:02.832   299   479 I UsbDescriptorParser: ---- isInputHeadset() prob:0.0%
01-01 00:00:02.832   299   479 I UsbDescriptorParser: ---- isOutputHeadset() prob:0.0%
01-01 00:00:02.832   299   479 I UsbHostManager: ---- isHeadset[in: false , out: false]
01-01 00:00:02.832   299   299 D NetworkManagement: enabling bandwidth control
01-01 00:00:02.838   299   489 V NuMediaExtractor: setDataSource fd=159 (/system/media/audio/ui/Effect_Tick.ogg), offset=0, length=5136
01-01 00:00:02.880   486   486 W /system/bin/sdcard: Device explicitly enabled sdcardfs
01-01 00:00:02.882   144   149 V vold    : Waiting for FUSE to spin up...
01-01 00:00:02.892   299   299 W NetworkManagement: setDataSaverMode(): already false
01-01 00:00:02.901   299   489 V NuMediaExtractor: track of type 'audio/vorbis' does not publish bitrate
01-01 00:00:02.901   299   344 I ActivityManager: Start proc 498:WebViewLoader-armeabi-v7a/1037 [android.webkit.WebViewLibraryLoader$RelroFileCreator] for 
01-01 00:00:02.908   299   344 D SystemServerTimingAsync: WebViewFactoryPreparation took to complete: 132ms
01-01 00:00:02.909   299   344 D SystemServerInitThreadPool: Finished executing WebViewFactoryPreparation
01-01 00:00:02.910   299   299 D SystemServerTiming: MakeNetworkManagementServiceReady took to complete: 79ms
01-01 00:00:02.911   299   299 I SystemServer: MakeNetworkStatsServiceReady
01-01 00:00:02.913   299   317 I WifiService: requestActivityInfo uid=1000
01-01 00:00:02.914   299   317 I WifiService: reportActivityInfo uid=1000
01-01 00:00:02.914   299   317 I WifiService: getSupportedFeatures uid=1000
01-01 00:00:02.933   299   371 D VoldConnector: RCV <- {651 emulated 2}
01-01 00:00:02.934   299   371 D VoldConnector: RCV <- {200 5 Command succeeded}
01-01 00:00:02.947   299   375 D NetworkPolicy: setRestrictBackgroundUL(): false
01-01 00:00:02.949   472   472 I zygote  : The ClassLoaderContext is a special shared library.
01-01 00:00:02.950   189   189 W MediaCodecsXmlParser: unable to open media codecs configuration xml file: /data/misc/media/media_codecs_profiling_results.xml
01-01 00:00:02.951   189   189 W MediaCodecsXmlParser: parseTopLevelXMLFile(/data/misc/media/media_codecs_profiling_results.xml) failed
01-01 00:00:02.958   299   375 W NetworkManagement: setDataSaverMode(): already false
01-01 00:00:02.962   189   232 W MediaCodecsXmlParser: unable to open media codecs configuration xml file: /data/misc/media/media_codecs_profiling_results.xml
01-01 00:00:02.962   189   232 W MediaCodecsXmlParser: parseTopLevelXMLFile(/data/misc/media/media_codecs_profiling_results.xml) failed
01-01 00:00:02.972   299   299 D SystemServerTiming: MakeNetworkStatsServiceReady took to complete: 61ms
01-01 00:00:02.973   299   299 I SystemServer: MakeConnectivityServiceReady
01-01 00:00:02.980   299   299 D PermissionMonitor: Monitoring
01-01 00:00:02.985   299   399 D Ethernet: got request NetworkRequest [ BACKGROUND_REQUEST id=2, [ Transports: CELLULAR Capabilities: INTERNET&NOT_RESTRICTED&TRUSTED&NOT_VPN] ] with score 0
01-01 00:00:02.985   189   232 I OMXMaster: makeComponentInstance(OMX.google.aac.decoder) in android.hardwar process
01-01 00:00:02.991   299   299 D PermissionMonitor: Users: 1, Apps: 40
01-01 00:00:03.005   299   299 D SystemServerTiming: MakeConnectivityServiceReady took to complete: 32ms
01-01 00:00:03.006   299   299 I SystemServer: MakeNetworkPolicyServiceReady
01-01 00:00:03.024   498   498 V WebViewLibraryLoader: RelroFileCreator (64bit = false),  32-bit lib: /system/app/webview/webview.apk!/lib/armeabi-v7a/libwebviewchromium.so, 64-bit lib: 
01-01 00:00:03.039   299   299 D SystemServerTiming: MakeNetworkPolicyServiceReady took to complete: 33ms
01-01 00:00:03.039   299   299 I SystemServer: StartWatchdog
01-01 00:00:03.040   299   299 D SystemServerTiming: StartWatchdog took to complete: 0ms
01-01 00:00:03.040   299   299 I SystemServer: PhaseThirdPartyAppsCanStart
01-01 00:00:03.040   299   299 I SystemServiceManager: Starting phase 600
01-01 00:00:03.043   299   299 E LightsService: Light requested not available on this device. 4
01-01 00:00:03.048   299   299 V WallpaperManagerService: bindWallpaperComponentLocked: componentName=ComponentInfo{com.android.iot.systemui/com.android.iot.systemui.wallpaper.IoTWallpaper}
01-01 00:00:03.058   189   189 I OMXMaster: makeComponentInstance(OMX.google.amrnb.decoder) in android.hardwar process
01-01 00:00:03.093   299   299 D SystemServerTiming: PhaseThirdPartyAppsCanStart took to complete: 53ms
01-01 00:00:03.093   299   299 I SystemServer: MakeLocationServiceReady
01-01 00:00:03.105   299   299 D GnssLocationProvider: Link to death notification successful
01-01 00:00:03.141   299   299 I GnssLocationProvider: WakeLock acquired by sendMessage(INITIALIZE_HANDLER, 0, null)
01-01 00:00:03.144   189   189 I OMXMaster: makeComponentInstance(OMX.google.amrwb.decoder) in android.hardwar process
01-01 00:00:03.145   160   160 I /vendor/bin/hw/android.hardware.gnss@1.0-service-iot: Got IGnssCallback
01-01 00:00:03.147   299   299 D GnssLocationProvider: gnssSetCapabilitesCb: 64u
01-01 00:00:03.148   299   313 E GnssLocationProvider: no AGPS interface in set_agps_server
01-01 00:00:03.149   299   299 E GnssLocationProvider: Unable to initialize GNSS Xtra interface
01-01 00:00:03.149   299   299 E GnssLocationProvider: Unable to Initialize AGnss interface
01-01 00:00:03.149   299   299 E GnssLocationProvider: Unable to initialize GNSS Geofencing interface
01-01 00:00:03.149   299   299 E GnssLocationProvider: Unable to initialize GNSS NI interface
01-01 00:00:03.151   189   189 I OMXMaster: makeComponentInstance(OMX.google.flac.decoder) in android.hardwar process
01-01 00:00:03.162   299   299 W LocationProviderProxy-network: Odd, no component found for service com.android.location.service.v3.NetworkLocationProvider
01-01 00:00:03.162   493   493 I zygote  : The ClassLoaderContext is a special shared library.
01-01 00:00:03.176   471   471 I wpa_supplicant: Processing hidl events on FD 4
01-01 00:00:03.177   299   299 W GeocoderProxy: Odd, no component found for service com.android.location.service.GeocodeProvider
01-01 00:00:03.179   471   471 I wpa_supplicant: type=1400 audit(0.0:82): avc: denied { write } for name="trace_marker" dev="tracefs" ino=47 scontext=u:r:hal_wifi_supplicant_default:s0 tcontext=u:object_r:debugfs_tracing:s0 tclass=file permissive=1
01-01 00:00:03.179   471   471 I wpa_supplicant: type=1400 audit(0.0:83): avc: denied { open } for path="/sys/kernel/debug/tracing/trace_marker" dev="tracefs" ino=47 scontext=u:r:hal_wifi_supplicant_default:s0 tcontext=u:object_r:debugfs_tracing:s0 tclass=file permissive=1
01-01 00:00:03.180   299   299 D LocationManagerService: FLP HAL not supported
01-01 00:00:03.186   299   299 W GeofenceProxy: Odd, no component found for service com.android.location.service.GeofenceProvider
01-01 00:00:03.188   299   299 E ActivityRecognitionHardware: activity_recognition HAL is deprecated. is_supported is effectively a no-op
01-01 00:00:03.189   299   365 I system_server: Looking for service android.hardware.wifi.supplicant@1.0::ISupplicant/default
01-01 00:00:03.189   471   471 I wpa_supplicant: Successfully initialized wpa_supplicant
01-01 00:00:03.190   189   232 I OMXMaster: makeComponentInstance(OMX.google.g711.alaw.decoder) in android.hardwar process
01-01 00:00:03.190   299   299 D LocationManagerService: Hardware Activity-Recognition not supported.
01-01 00:00:03.191   134   134 W /system/bin/hwservicemanager: getTransport: Cannot find entry android.hardware.wifi.supplicant@1.0::ISupplicant/default in either framework or device manifest.
01-01 00:00:03.192   299   299 W ActivityRecognitionProxy: Odd, no component found for service com.android.location.service.ActivityRecognitionProvider
01-01 00:00:03.194   299   365 I system_server: Starting thread pool.
01-01 00:00:03.202   299   299 I GnssLocationProvider: WakeLock acquired by sendMessage(ENABLE, 1, null)
01-01 00:00:03.208   299   299 D SystemServerTiming: MakeLocationServiceReady took to complete: 115ms
01-01 00:00:03.208   299   299 I SystemServer: MakeCountryDetectionServiceReady
01-01 00:00:03.208   299   299 D SystemServerTiming: MakeCountryDetectionServiceReady took to complete: 0ms
01-01 00:00:03.208   299   299 I SystemServer: MakeNetworkTimeUpdateReady
01-01 00:00:03.224   189   232 I OMXMaster: makeComponentInstance(OMX.google.g711.mlaw.decoder) in android.hardwar process
01-01 00:00:03.226   471   471 I wpa_supplicant: rfkill: Cannot open RFKILL control device
01-01 00:00:03.227   299   313 I GnssLocationProvider: WakeLock released by handleMessage(INITIALIZE_HANDLER, 0, null)
01-01 00:00:03.234   160   160 I /vendor/bin/hw/android.hardware.gnss@1.0-service-iot: Got IGnssCallback
01-01 00:00:03.235   133   133 E ServiceManager: add_service('gnssdriverservice',83) uid=1021 - ALREADY REGISTERED, OVERRIDE
01-01 00:00:03.235   133   133 I ServiceManager: service 'gnssdriverservice' died
01-01 00:00:03.236   299   299 D ConnectivityService: requestNetwork for uid/pid:1000/299 NetworkRequest [ TRACK_DEFAULT id=7, [ Capabilities: INTERNET&NOT_RESTRICTED&TRUSTED&NOT_VPN] ]
01-01 00:00:03.236   189   232 I OMXMaster: makeComponentInstance(OMX.google.gsm.decoder) in android.hardwar process
01-01 00:00:03.236   299   313 D GnssLocationProvider: gnssSetCapabilitesCb: 64u
01-01 00:00:03.237   299   299 D SystemServerTiming: MakeNetworkTimeUpdateReady took to complete: 29ms
01-01 00:00:03.237   299   299 I SystemServer: MakeCommonTimeManagementServiceReady
01-01 00:00:03.237   299   313 E GnssLocationProvider: Unable to initialize GNSS Xtra interface
01-01 00:00:03.237   299   313 E GnssLocationProvider: Unable to Initialize AGnss interface
01-01 00:00:03.237   299   313 E GnssLocationProvider: Unable to initialize GNSS Geofencing interface
01-01 00:00:03.237   299   313 E GnssLocationProvider: Unable to initialize GNSS NI interface
01-01 00:00:03.238   299   313 E GnssLocationProvider: no AGPS interface in set_agps_server
01-01 00:00:03.238   299   313 E GnssLocationProvider: Failed to initialize GNSS batching
01-01 00:00:03.238   299   399 D Ethernet: got request NetworkRequest [ TRACK_DEFAULT id=7, [ Capabilities: INTERNET&NOT_RESTRICTED&TRUSTED&NOT_VPN] ] with score 0
01-01 00:00:03.238   299   299 I CommonTimeManagementService: No common time service detected on this platform.  Common time services will be unavailable.
01-01 00:00:03.238   299   299 D SystemServerTiming: MakeCommonTimeManagementServiceReady took to complete: 1ms
01-01 00:00:03.239   299   299 I SystemServer: MakeInputManagerServiceReady
01-01 00:00:03.239   299   313 I GnssLocationProvider: WakeLock released by handleMessage(ENABLE, 1, null)
01-01 00:00:03.241   299   368 I InputReader: Reconfiguring input devices.  changes=0x00000020
01-01 00:00:03.244   299   299 D SystemServerTiming: MakeInputManagerServiceReady took to complete: 5ms
01-01 00:00:03.244   299   299 I SystemServer: MakeTelephonyRegistryReady
01-01 00:00:03.245   299   299 D SystemServerTiming: MakeTelephonyRegistryReady took to complete: 1ms
01-01 00:00:03.245   299   299 I SystemServer: MakeMediaRouterServiceReady
01-01 00:00:03.247   299   299 D SystemServerTiming: MakeMediaRouterServiceReady took to complete: 1ms
01-01 00:00:03.247   299   299 I SystemServer: MakeMmsServiceReady
01-01 00:00:03.247   299   299 I MmsServiceBroker: Delay connecting to MmsService until an API is called
01-01 00:00:03.247   299   299 D SystemServerTiming: MakeMmsServiceReady took to complete: 0ms
01-01 00:00:03.247   299   299 I SystemServer: MakeNetworkScoreServiceReady
01-01 00:00:03.247   299   299 D SystemServerTiming: MakeNetworkScoreServiceReady took to complete: 0ms
01-01 00:00:03.247   299   299 I SystemServer: IncidentDaemonReady
01-01 00:00:03.250   456   456 D AdapterServiceConfig: Adding A2dpSinkService
01-01 00:00:03.255   299   299 D SystemServerTiming: IncidentDaemonReady took to complete: 8ms
01-01 00:00:03.255   299   299 I SystemServiceManager: Calling onStartUser u0
01-01 00:00:03.256   299   368 I InputReader: Reconfiguring input devices.  changes=0x00000010
01-01 00:00:03.257   456   456 D AdapterServiceConfig: Adding HidService
01-01 00:00:03.257   456   456 D AdapterServiceConfig: Adding HealthService
01-01 00:00:03.258   456   456 D AdapterServiceConfig: Adding PanService
01-01 00:00:03.258   456   456 D AdapterServiceConfig: Adding GattService
01-01 00:00:03.258   456   456 D AdapterServiceConfig: Adding HeadsetClientService
01-01 00:00:03.258   456   456 D AdapterServiceConfig: Adding AvrcpControllerService
01-01 00:00:03.258   456   456 D AdapterServiceConfig: Adding SapService
01-01 00:00:03.259   456   456 D AdapterServiceConfig: Adding PbapClientService
01-01 00:00:03.259   456   456 D AdapterServiceConfig: Adding MapClientService
01-01 00:00:03.259   456   456 W AdapterServiceConfig: Could not find profile bit mask
01-01 00:00:03.259   456   456 D AdapterServiceConfig: Adding BluetoothPbapService
01-01 00:00:03.267   189   232 I OMXMaster: makeComponentInstance(OMX.google.mp3.decoder) in android.hardwar process
01-01 00:00:03.272   299   299 W VoiceInteractionManagerService: no available voice recognition services found for user 0
01-01 00:00:03.289   299   299 I ActivityManager: START u0 {act=android.intent.action.MAIN cat=[android.intent.category.HOME] flg=0x10000100 cmp=com.google.android.things.internal.devicemanagement/com.google.android.things.internal.FallbackHome} from uid 0
01-01 00:00:03.316   189   232 I OMXMaster: makeComponentInstance(OMX.google.opus.decoder) in android.hardwar process
01-01 00:00:03.347   299   299 I ActivityManager: Loaded persisted task ids for user 0
01-01 00:00:03.359   299   299 I system_server: type=1400 audit(0.0:84): avc: denied { ptrace } for scontext=u:r:system_server:s0 tcontext=u:r:system_app:s0 tclass=process permissive=1
01-01 00:00:03.391   299   299 D SystemServerTiming: ActivityManagerStartApps took to complete: 136ms
01-01 00:00:03.391   299   299 D SystemServerTiming: PhaseActivityManagerReady took to complete: 869ms
01-01 00:00:03.403   299   313 W LocationProviderProxy-network: Odd, no component found for service com.android.location.service.v3.NetworkLocationProvider
01-01 00:00:03.408   299   313 W GeocoderProxy: Odd, no component found for service com.android.location.service.GeocodeProvider
01-01 00:00:03.409   299   299 D SystemServerInitThreadPool: Shutdown successful
01-01 00:00:03.409   299   299 D SystemServerTiming: StartIoTSystemService took to complete: 1505ms
01-01 00:00:03.412   299   299 I SystemServer: Enabled StrictMode for system server main thread.
01-01 00:00:03.419   299   299 D ConditionProviders.SCP: onConnected
01-01 00:00:03.420   299   299 D ZenLog  : set_zen_mode: off,readXml
01-01 00:00:03.427   299   299 D ConditionProviders: Subscribing to condition://android/event?userId=-10000&calendar=&reply=1 with ComponentInfo{android/com.android.server.notification.EventConditionProvider}
01-01 00:00:03.427   299   299 D ZenLog  : subscribe: condition://android/event?userId=-10000&calendar=&reply=1,ok
01-01 00:00:03.427   299   299 D ConditionProviders: Subscribing to condition://android/schedule?days=1.2.3.4.5&start=22.0&end=7.0&exitAtAlarm=false with ComponentInfo{android/com.android.server.notification.ScheduleConditionProvider}
01-01 00:00:03.427   299   299 D ZenLog  : subscribe: condition://android/schedule?days=1.2.3.4.5&start=22.0&end=7.0&exitAtAlarm=false,ok
01-01 00:00:03.428   299   299 D ConditionProviders: Subscribing to condition://android/schedule?days=6.7&start=23.30&end=10.0&exitAtAlarm=false with ComponentInfo{android/com.android.server.notification.ScheduleConditionProvider}
01-01 00:00:03.428   299   299 D ZenLog  : subscribe: condition://android/schedule?days=6.7&start=23.30&end=10.0&exitAtAlarm=false,ok
01-01 00:00:03.444   299   313 W GeofenceProxy: Odd, no component found for service com.android.location.service.GeofenceProvider
01-01 00:00:03.445   299   313 W ActivityRecognitionProxy: Odd, no component found for service com.android.location.service.ActivityRecognitionProvider
01-01 00:00:03.448   189   232 I OMXMaster: makeComponentInstance(OMX.google.raw.decoder) in android.hardwar process
01-01 00:00:03.511   189   232 I OMXMaster: makeComponentInstance(OMX.google.vorbis.decoder) in android.hardwar process
01-01 00:00:03.517   472   472 I LatinIME: Hardware accelerated drawing: true
01-01 00:00:03.538   299   365 I SupplicantStaIfaceHal: Completed initialization of ISupplicant interfaces.
01-01 00:00:03.539   299   378 W zygote  : Long monitor contention with owner HwBinder:299_1 (365) at void android.os.HwRemoteBinder.transact(int, android.os.HwParcel, android.os.HwParcel, int)(HwRemoteBinder.java:-2) waiters=0 in boolean com.android.server.wifi.SupplicantStaIfaceHal.isInitializationStarted() for 300ms
01-01 00:00:03.543   299   378 E WifiVendorHal: getSupportedFeatureSet(l.891) failed {.code = ERROR_NOT_AVAILABLE, .description = }
01-01 00:00:03.545   299   378 E WifiVendorHal: getSupportedFeatureSet(l.897) failed {.code = ERROR_NOT_AVAILABLE, .description = }
01-01 00:00:03.559   299   317 E BatteryExternalStatsWorker: no controller energy info supplied for wifi
01-01 00:00:03.559   299   317 E BatteryExternalStatsWorker: no controller energy info supplied for telephony
01-01 00:00:03.583   299   378 D WifiStateMachine: Setting OUI to DA-A1-19
01-01 00:00:03.583   170   170 D WifiHAL : Sending mac address OUI
01-01 00:00:03.584   170   170 E WifiHAL : failed to set scanning mac OUI; result = -95
01-01 00:00:03.585   299   378 E WifiVendorHal: setScanningMacOui(l.1445) failed {.code = ERROR_NOT_AVAILABLE, .description = }
01-01 00:00:03.588   189   232 I OMXMaster: makeComponentInstance(OMX.google.aac.encoder) in android.hardwar process
01-01 00:00:03.597   456   456 D BluetoothAdapterService: onCreate()
01-01 00:00:03.598   299   299 D RttService: SCAN_AVAILABLE : 1
01-01 00:00:03.598   299   380 I WifiScanningService: wifi driver unloaded
01-01 00:00:03.599   299   381 D RttService: DefaultState got{ when=0 what=160513 target=com.android.internal.util.StateMachine$SmHandler }
01-01 00:00:03.599   299   299 D ZenLog  : set_zen_mode: off,cleanUpZenRules
01-01 00:00:03.616   299   299 I IoTSystemService: IOT Service - ComponentInfo{com.google.android.things.internal.bluetooth/com.google.android.things.internal.bluetooth.BluetoothControlService} has been bound.
01-01 00:00:03.620   299   299 I IoTSystemService: IOT Service - ComponentInfo{com.google.android.things.internal.media/com.google.android.things.internal.media.MediaControlService} has been bound.
01-01 00:00:03.624   456   456 D BluetoothAdapterState: make() - Creating AdapterState
01-01 00:00:03.632   456   456 I bt_btif : init
01-01 00:00:03.633   456   456 D bt_osi_allocation_tracker: canary initialized
01-01 00:00:03.635   170   170 E WifiHAL : Failed to register debug response; result = -95
01-01 00:00:03.636   170   170 E android.hardware.wifi@1.0-service: Failed to get driver version: SUCCESS
01-01 00:00:03.637   299   378 E WifiVendorHal: requestChipDebugInfo(l.1727) failed {.code = ERROR_NOT_AVAILABLE, .description = failed to get driver version}
01-01 00:00:03.637   456   569 I bt_osi_thread: run_thread: thread id 569, thread name stack_manager started
01-01 00:00:03.638   299   299 W ContextImpl: Calling a method in the system process without a qualified user: android.app.ContextImpl.startService:1476 com.android.server.content.SyncManager$13.run:722 android.os.Handler.handleCallback:790 android.os.Handler.dispatchMessage:99 android.os.Looper.loop:164 
01-01 00:00:03.638   299   378 I WifiVendorHal: Driver: null Firmware: null
01-01 00:00:03.638   170   170 E WifiHAL : Failed to register debug response; result = -95
01-01 00:00:03.639   170   170 E android.hardware.wifi@1.0-service: Failed to get driver version: SUCCESS
01-01 00:00:03.640   299   299 I IoTSystemService: IOT Service - ComponentInfo{com.google.android.things.internal.devicemanagement/com.google.android.things.internal.device.DeviceManagementService} has been bound.
01-01 00:00:03.640   299   378 E WifiVendorHal: requestChipDebugInfo(l.1727) failed {.code = ERROR_NOT_AVAILABLE, .description = failed to get driver version}
01-01 00:00:03.640   299   378 I WifiVendorHal: Driver: null Firmware: null
01-01 00:00:03.640   299   299 I IoTSystemService: IOT Service - ComponentInfo{com.google.android.things.internal.devicemanagement/com.google.android.things.internal.metrics.MetricsManagementService} has been bound.
01-01 00:00:03.641   456   569 I bt_stack_manager: event_init_stack is initializing the stack
01-01 00:00:03.643   299   299 I IoTSystemService: IOT Service - ComponentInfo{com.google.android.things.internal.devicemanagement/com.google.android.things.internal.update.UpdateManagementService} has been bound.
01-01 00:00:03.644   299   299 I IoTSystemService: IOT Service - ComponentInfo{com.google.android.things.internal.bluetooth/com.google.android.things.internal.bluetooth.BluetoothConnectionService} has been bound.
01-01 00:00:03.645   299   299 I IoTSystemService: IOT Service - ComponentInfo{com.google.android.things.internal.bluetooth/com.google.android.things.internal.bluetooth.BluetoothConfigService} has been bound.
01-01 00:00:03.645   170   170 E WifiHAL : Failed to register debug response; result = -95
01-01 00:00:03.645   299   299 I IoTSystemService: IOT Service - ComponentInfo{com.google.android.things.internal.bluetooth/com.google.android.things.internal.bluetooth.BluetoothProfileManagerService} has been bound.
01-01 00:00:03.645   189   232 I OMXMaster: makeComponentInstance(OMX.google.amrnb.encoder) in android.hardwar process
01-01 00:00:03.649   456   567 I BluetoothAdapterState: Entering OffState
01-01 00:00:03.656   299   378 E WifiVendorHal: getRingBufferStatus(l.1804) failed {.code = ERROR_NOT_AVAILABLE, .description = }
01-01 00:00:03.656   299   378 W WifiDiags: no ring buffers found
01-01 00:00:03.656   170   170 D WifiHAL : Start get packet fate command
01-01 00:00:03.656   170   170 D WifiHAL : createRequest Monitor packet fate request
01-01 00:00:03.657   170   170 E WifiHAL : Failed to register get pkt fate response; result = -95
01-01 00:00:03.657   180   343 D installd: Found storage mount /dev/fuse at /mnt/runtime/default/emulated
01-01 00:00:03.657   299   378 E WifiVendorHal: startPktFateMonitoring(l.1890) failed {.code = ERROR_NOT_AVAILABLE, .description = }
01-01 00:00:03.658   299   378 W WifiDiags: Failed to start packet fate monitoring
01-01 00:00:03.659   471   471 E wpa_supplicant: wpa_driver_nl80211_driver_cmd: failed to issue private command: BTCOEXSCAN-STOP
01-01 00:00:03.661   299   378 E SupplicantStaIfaceHal: ISupplicantStaIface.setBtCoexistenceScanModeEnabled failed: FAILURE_UNKNOWN, 
01-01 00:00:03.663   299   317 I WifiService: requestActivityInfo uid=1000
01-01 00:00:03.664   299   317 I WifiService: reportActivityInfo uid=1000
01-01 00:00:03.664   299   317 I WifiService: getSupportedFeatures uid=1000
01-01 00:00:03.666   456   572 I bt_osi_thread: run_thread: thread id 572, thread name alarm_default_ca started
01-01 00:00:03.667   471   471 E wpa_supplicant: wpa_driver_nl80211_driver_cmd: failed to issue private command: RXFILTER-STOP
01-01 00:00:03.668   299   378 E SupplicantStaIfaceHal: ISupplicantStaIface.stopRxFilter failed: FAILURE_UNKNOWN, 
01-01 00:00:03.669   471   471 E wpa_supplicant: wpa_driver_nl80211_driver_cmd: failed to issue private command: RXFILTER-STOP
01-01 00:00:03.671   299   378 E SupplicantStaIfaceHal: ISupplicantStaIface.stopRxFilter failed: FAILURE_UNKNOWN, 
01-01 00:00:03.673   456   573 I bt_osi_thread: run_thread: thread id 573, thread name alarm_dispatcher started
01-01 00:00:03.679   471   471 E wpa_supplicant: wpa_driver_nl80211_driver_cmd: failed to issue private command: SETSUSPENDMODE 0
01-01 00:00:03.680   299   378 E SupplicantStaIfaceHal: ISupplicantStaIface.setSuspendModeEnabled failed: FAILURE_UNKNOWN, 
01-01 00:00:03.681   299   299 I zygote  : The ClassLoaderContext is a special shared library.
01-01 00:00:03.684   456   569 I bt_btif_core: btif_init_bluetooth entered
01-01 00:00:03.685   456   569 I bt_stack_config: init attempt to load stack conf from /etc/bluetooth/bt_stack.conf
01-01 00:00:03.690   299   321 I ActivityManager: Displayed com.google.android.things.internal.devicemanagement/com.google.android.things.internal.FallbackHome: +321ms
01-01 00:00:03.693   299   368 I InputReader: Reconfiguring input devices.  changes=0x00000004
01-01 00:00:03.695   189   189 I OMXMaster: makeComponentInstance(OMX.google.amrwb.encoder) in android.hardwar process
01-01 00:00:03.700   299   368 I InputReader: Reconfiguring input devices.  changes=0x00000004
01-01 00:00:03.700   299   299 I zygote  : The ClassLoaderContext is a special shared library.
01-01 00:00:03.706   299   378 I WifiStateMachine: disconnectedstate enter
01-01 00:00:03.714   498   498 I WebViewLoader-armeabi-v7a: System.exit called, status: 0
01-01 00:00:03.714   498   498 I AndroidRuntime: VM exiting with result code 0, cleanup skipped.
01-01 00:00:03.722   299   378 E WifiVendorHal: getSupportedFeatureSet(l.891) failed {.code = ERROR_NOT_AVAILABLE, .description = }
01-01 00:00:03.724   456   580 I bt_osi_thread: run_thread: thread id 580, thread name bt_jni_workqueue started
01-01 00:00:03.725   299   378 E WifiVendorHal: getSupportedFeatureSet(l.897) failed {.code = ERROR_NOT_AVAILABLE, .description = }
01-01 00:00:03.725   456   569 I bt_btif_core: btif_init_bluetooth finished
01-01 00:00:03.725   456   580 I bt_btif_core: run_message_loop entered
01-01 00:00:03.725   456   569 I bt_stack_manager: event_init_stack finished
01-01 00:00:03.725   456   456 I bt_osi_wakelock: wakelock_set_os_callouts set to non-native
01-01 00:00:03.725   456   456 I bt_btif : get_profile_interface: id = socket
01-01 00:00:03.726   456   580 E bt_btif_storage: btif_storage_get_adapter_property: Controller not ready! Unable to return Bluetooth Address
01-01 00:00:03.726   456   580 E BluetoothServiceJni: adapter_properties_callback: Status 1 is incorrect
01-01 00:00:03.730   189   189 I OMXMaster: makeComponentInstance(OMX.google.flac.encoder) in android.hardwar process
01-01 00:00:03.730   456   580 D BluetoothAdapterProperties: Name is: IjFMTDSb-akAAAAAAAAAg0FRQUFBQUFBQUFBQkFBRUJBQUJrVUJoeWNHa3pJQzBnUkdWMlpXeHZjRzFsYm5RZ1FtOWhjbVFBQUFBQUFBQUFBQUFBQUFBQUFBQUFBQUFBQUFBQUFBQUFBQUFBQUFBQUFBQUFBQUFBQUFBQUFBQUFBQUFBQUFBQUFBQUFBQUFBQUFB
01-01 00:00:03.732   456   580 D BluetoothAdapterProperties: BT Class:240414
01-01 00:00:03.740   456   456 I bt_btif : get_profile_interface: id = sdp
01-01 00:00:03.741   299   368 I InputReader: Reconfiguring input devices.  changes=0x00000004
01-01 00:00:03.773   189   189 I OMXMaster: makeComponentInstance(OMX.google.h264.decoder) in android.hardwar process
01-01 00:00:03.773   456   456 I BluetoothAdapterService: Phone policy disabled
01-01 00:00:03.773   456   456 D BluetoothAdapterService: setAdapterService() - set to: null
01-01 00:00:03.775   456   456 D BluetoothAdapterService: onBind()
01-01 00:00:03.779   299   317 E BatteryExternalStatsWorker: no controller energy info supplied for wifi
01-01 00:00:03.780   299   317 I WifiService: requestActivityInfo uid=1000
01-01 00:00:03.780   299   317 I WifiService: reportActivityInfo uid=1000
01-01 00:00:03.780   299   317 I WifiService: getSupportedFeatures uid=1000
01-01 00:00:03.793   299   378 E WifiVendorHal: getSupportedFeatureSet(l.891) failed {.code = ERROR_NOT_AVAILABLE, .description = }
01-01 00:00:03.797   299   378 E WifiVendorHal: getSupportedFeatureSet(l.897) failed {.code = ERROR_NOT_AVAILABLE, .description = }
01-01 00:00:03.808   189   514 E OMXNodeInstance: getExtensionIndex(0xabc8c060:google.h264.decoder, OMX.google.android.index.configureVideoTunnelMode) ERROR: UnsupportedIndex(0x8000101a)
01-01 00:00:03.809   189   232 E OMXNodeInstance: getExtensionIndex(0xabc8c060:google.h264.decoder, OMX.google.android.index.enableAndroidNativeBuffers) ERROR: UnsupportedIndex(0x8000101a)
01-01 00:00:03.813   299   317 E BatteryExternalStatsWorker: no controller energy info supplied for wifi
01-01 00:00:03.814   189   514 I OMXMaster: makeComponentInstance(OMX.google.h263.decoder) in android.hardwar process
01-01 00:00:03.879   472   472 W InputAttributes: No editor info for this field. Bug?
01-01 00:00:03.979   299   299 V WiredAccessoryManager: init()
01-01 00:00:03.995   189   514 E OMXNodeInstance: getExtensionIndex(0xabc8c060:google.h263.decoder, OMX.google.android.index.configureVideoTunnelMode) ERROR: UnsupportedIndex(0x8000101a)
01-01 00:00:03.995   189   232 E OMXNodeInstance: getExtensionIndex(0xabc8c060:google.h263.decoder, OMX.google.android.index.enableAndroidNativeBuffers) ERROR: UnsupportedIndex(0x8000101a)
01-01 00:00:03.996   299   305 I zygote  : Background concurrent copying GC freed 28462(2MB) AllocSpace objects, 20(656KB) LOS objects, 42% free, 5MB/9MB, paused 5.961ms total 346.677ms
01-01 00:00:04.004   189   514 I OMXMaster: makeComponentInstance(OMX.google.hevc.decoder) in android.hardwar process
01-01 00:00:04.012   472   599 I LatinIME:LogUtils: Dictionary info: dictionary = UserHistoryDictionary.en_US ; version = 1230768004 ; date = ?
01-01 00:00:04.016   472   599 I LatinIME:LogUtils: Dictionary info: dictionary = userunigram.en_US ; version = 1230768004 ; date = ?
01-01 00:00:04.018   472   599 E ActivityThread: Failed to find provider info for user_dictionary
01-01 00:00:04.037   177   260 W DeviceHAL: Device 0xaaeb2140 set_mic_mute: Function not implemented
01-01 00:00:04.038   177   260 W DeviceHAL: Device 0xaaee5180 set_mic_mute: Function not implemented
01-01 00:00:04.038   177   260 W DeviceHAL: Device 0xa9d5fa40 set_mic_mute: Function not implemented
01-01 00:00:04.049   445   445 I Binder:299_4: type=1400 audit(0.0:85): avc: denied { ptrace } for scontext=u:r:system_server:s0 tcontext=u:r:untrusted_app_25:s0:c512,c768 tclass=process permissive=1
01-01 00:00:04.051   189   514 E OMXNodeInstance: getExtensionIndex(0xabc8c060:google.hevc.decoder, OMX.google.android.index.configureVideoTunnelMode) ERROR: UnsupportedIndex(0x8000101a)
01-01 00:00:04.051   189   232 E OMXNodeInstance: getExtensionIndex(0xabc8c060:google.hevc.decoder, OMX.google.android.index.enableAndroidNativeBuffers) ERROR: UnsupportedIndex(0x8000101a)
01-01 00:00:04.084   189   514 I OMXMaster: makeComponentInstance(OMX.google.mpeg4.decoder) in android.hardwar process
01-01 00:00:04.091   189   514 E OMXNodeInstance: getExtensionIndex(0xabc8c060:google.mpeg4.decoder, OMX.google.android.index.configureVideoTunnelMode) ERROR: UnsupportedIndex(0x8000101a)
01-01 00:00:04.091   189   232 E OMXNodeInstance: getExtensionIndex(0xabc8c060:google.mpeg4.decoder, OMX.google.android.index.enableAndroidNativeBuffers) ERROR: UnsupportedIndex(0x8000101a)
01-01 00:00:04.094   189   514 I OMXMaster: makeComponentInstance(OMX.google.vp8.decoder) in android.hardwar process
01-01 00:00:04.111   299   299 D ConditionProviders.SCP: onSubscribe condition://android/schedule?days=1.2.3.4.5&start=22.0&end=7.0&exitAtAlarm=false
01-01 00:00:04.115   299   299 D ConditionProviders.SCP: setRegistered true
01-01 00:00:04.116   299   299 D ConditionProviders.SCP: notifyCondition condition://android/schedule?days=1.2.3.4.5&start=22.0&end=7.0&exitAtAlarm=false STATE_TRUE reason=meetsSchedule
01-01 00:00:04.130   299   388 E ActivityThread: Failed to find provider info for com.android.calendar
01-01 00:00:04.132   299   388 E ActivityThread: Failed to find provider info for com.android.calendar
